Archive member included to satisfy reference by file (symbol)

D:/Program Files/ST/STM32CubeIDE_2.1.0/STM32CubeIDE/plugins/com.st.stm32cube.ide.mcu.externaltools.gnu-tools-for-stm32.14.3.rel1.win32_1.0.100.202602081740/tools/bin/../lib/gcc/arm-none-eabi/14.3.1/../../../../arm-none-eabi/lib/thumb/v7e-m+fp/hard\libc_nano.a(libc_a-exit.o)
                              D:/Program Files/ST/STM32CubeIDE_2.1.0/STM32CubeIDE/plugins/com.st.stm32cube.ide.mcu.externaltools.gnu-tools-for-stm32.14.3.rel1.win32_1.0.100.202602081740/tools/bin/../lib/gcc/arm-none-eabi/14.3.1/../../../../arm-none-eabi/lib/thumb/v7e-m+fp/hard/crt0.o (exit)
D:/Program Files/ST/STM32CubeIDE_2.1.0/STM32CubeIDE/plugins/com.st.stm32cube.ide.mcu.externaltools.gnu-tools-for-stm32.14.3.rel1.win32_1.0.100.202602081740/tools/bin/../lib/gcc/arm-none-eabi/14.3.1/../../../../arm-none-eabi/lib/thumb/v7e-m+fp/hard\libc_nano.a(libc_a-findfp.o)
                              D:/Program Files/ST/STM32CubeIDE_2.1.0/STM32CubeIDE/plugins/com.st.stm32cube.ide.mcu.externaltools.gnu-tools-for-stm32.14.3.rel1.win32_1.0.100.202602081740/tools/bin/../lib/gcc/arm-none-eabi/14.3.1/../../../../arm-none-eabi/lib/thumb/v7e-m+fp/hard\libc_nano.a(libc_a-exit.o) (__stdio_exit_handler)
D:/Program Files/ST/STM32CubeIDE_2.1.0/STM32CubeIDE/plugins/com.st.stm32cube.ide.mcu.externaltools.gnu-tools-for-stm32.14.3.rel1.win32_1.0.100.202602081740/tools/bin/../lib/gcc/arm-none-eabi/14.3.1/../../../../arm-none-eabi/lib/thumb/v7e-m+fp/hard\libc_nano.a(libc_a-fwalk.o)
                              D:/Program Files/ST/STM32CubeIDE_2.1.0/STM32CubeIDE/plugins/com.st.stm32cube.ide.mcu.externaltools.gnu-tools-for-stm32.14.3.rel1.win32_1.0.100.202602081740/tools/bin/../lib/gcc/arm-none-eabi/14.3.1/../../../../arm-none-eabi/lib/thumb/v7e-m+fp/hard\libc_nano.a(libc_a-findfp.o) (_fwalk_sglue)
D:/Program Files/ST/STM32CubeIDE_2.1.0/STM32CubeIDE/plugins/com.st.stm32cube.ide.mcu.externaltools.gnu-tools-for-stm32.14.3.rel1.win32_1.0.100.202602081740/tools/bin/../lib/gcc/arm-none-eabi/14.3.1/../../../../arm-none-eabi/lib/thumb/v7e-m+fp/hard\libc_nano.a(libc_a-sprintf.o)
                              ./Core/Src/main.o (sprintf)
D:/Program Files/ST/STM32CubeIDE_2.1.0/STM32CubeIDE/plugins/com.st.stm32cube.ide.mcu.externaltools.gnu-tools-for-stm32.14.3.rel1.win32_1.0.100.202602081740/tools/bin/../lib/gcc/arm-none-eabi/14.3.1/../../../../arm-none-eabi/lib/thumb/v7e-m+fp/hard\libc_nano.a(libc_a-stdio.o)
                              D:/Program Files/ST/STM32CubeIDE_2.1.0/STM32CubeIDE/plugins/com.st.stm32cube.ide.mcu.externaltools.gnu-tools-for-stm32.14.3.rel1.win32_1.0.100.202602081740/tools/bin/../lib/gcc/arm-none-eabi/14.3.1/../../../../arm-none-eabi/lib/thumb/v7e-m+fp/hard\libc_nano.a(libc_a-findfp.o) (__sread)
D:/Program Files/ST/STM32CubeIDE_2.1.0/STM32CubeIDE/plugins/com.st.stm32cube.ide.mcu.externaltools.gnu-tools-for-stm32.14.3.rel1.win32_1.0.100.202602081740/tools/bin/../lib/gcc/arm-none-eabi/14.3.1/../../../../arm-none-eabi/lib/thumb/v7e-m+fp/hard\libc_nano.a(libc_a-memset.o)
                              D:/Program Files/ST/STM32CubeIDE_2.1.0/STM32CubeIDE/plugins/com.st.stm32cube.ide.mcu.externaltools.gnu-tools-for-stm32.14.3.rel1.win32_1.0.100.202602081740/tools/bin/../lib/gcc/arm-none-eabi/14.3.1/../../../../arm-none-eabi/lib/thumb/v7e-m+fp/hard/crt0.o (memset)
D:/Program Files/ST/STM32CubeIDE_2.1.0/STM32CubeIDE/plugins/com.st.stm32cube.ide.mcu.externaltools.gnu-tools-for-stm32.14.3.rel1.win32_1.0.100.202602081740/tools/bin/../lib/gcc/arm-none-eabi/14.3.1/../../../../arm-none-eabi/lib/thumb/v7e-m+fp/hard\libc_nano.a(libc_a-closer.o)
                              D:/Program Files/ST/STM32CubeIDE_2.1.0/STM32CubeIDE/plugins/com.st.stm32cube.ide.mcu.externaltools.gnu-tools-for-stm32.14.3.rel1.win32_1.0.100.202602081740/tools/bin/../lib/gcc/arm-none-eabi/14.3.1/../../../../arm-none-eabi/lib/thumb/v7e-m+fp/hard\libc_nano.a(libc_a-stdio.o) (_close_r)
D:/Program Files/ST/STM32CubeIDE_2.1.0/STM32CubeIDE/plugins/com.st.stm32cube.ide.mcu.externaltools.gnu-tools-for-stm32.14.3.rel1.win32_1.0.100.202602081740/tools/bin/../lib/gcc/arm-none-eabi/14.3.1/../../../../arm-none-eabi/lib/thumb/v7e-m+fp/hard\libc_nano.a(libc_a-reent.o)
                              D:/Program Files/ST/STM32CubeIDE_2.1.0/STM32CubeIDE/plugins/com.st.stm32cube.ide.mcu.externaltools.gnu-tools-for-stm32.14.3.rel1.win32_1.0.100.202602081740/tools/bin/../lib/gcc/arm-none-eabi/14.3.1/../../../../arm-none-eabi/lib/thumb/v7e-m+fp/hard\libc_nano.a(libc_a-closer.o) (errno)
D:/Program Files/ST/STM32CubeIDE_2.1.0/STM32CubeIDE/plugins/com.st.stm32cube.ide.mcu.externaltools.gnu-tools-for-stm32.14.3.rel1.win32_1.0.100.202602081740/tools/bin/../lib/gcc/arm-none-eabi/14.3.1/../../../../arm-none-eabi/lib/thumb/v7e-m+fp/hard\libc_nano.a(libc_a-impure.o)
[...]
Memory Configuration

Name             Origin             Length             Attributes
RAM              0x20000000         0x00020000         xrw
FLASH            0x08000000         0x00080000         xr
*default*        0x00000000         0xffffffff

Linker script and memory map

LOAD D:/Program Files/ST/STM32CubeIDE_2.1.0/STM32CubeIDE/plugins/com.st.stm32cube.ide.mcu.externaltools.gnu-tools-for-stm32.14.3.rel1.win32_1.0.100.202602081740/tools/bin/../lib/gcc/arm-none-eabi/14.3.1/thumb/v7e-m+fp/hard/crti.o
LOAD D:/Program Files/ST/STM32CubeIDE_2.1.0/STM32CubeIDE/plugins/com.st.stm32cube.ide.mcu.externaltools.gnu-tools-for-stm32.14.3.rel1.win32_1.0.100.202602081740/tools/bin/../lib/gcc/arm-none-eabi/14.3.1/thumb/v7e-m+fp/hard/crtbegin.o
LOAD D:/Program Files/ST/STM32CubeIDE_2.1.0/STM32CubeIDE/plugins/com.st.stm32cube.ide.mcu.externaltools.gnu-tools-for-stm32.14.3.rel1.win32_1.0.100.202602081740/tools/bin/../lib/gcc/arm-none-eabi/14.3.1/../../../../arm-none-eabi/lib/thumb/v7e-m+fp/hard/crt0.o
LOAD ./Core/Src/fatfs_sd.o
LOAD ./Core/Src/font.o
LOAD ./Core/Src/graficos.o
LOAD ./Core/Src/ili9341.o
LOAD ./Core/Src/main.o
LOAD ./Core/Src/stm32f4xx_hal_msp.o
LOAD ./Core/Src/stm32f4xx_it.o
LOAD ./Core/Src/syscalls.o
LOAD ./Core/Src/sysmem.o
LOAD ./Core/Src/system_stm32f4xx.o
LOAD ./Core/Startup/startup_stm32f446retx.o
LOAD ./Drivers/STM32F4xx_HAL_Driver/Src/stm32f4xx_hal.o
LOAD ./Drivers/STM32F4xx_HAL_Driver/Src/stm32f4xx_hal_cortex.o
LOAD ./Drivers/STM32F4xx_HAL_Driver/Src/stm32f4xx_hal_dma.o
LOAD ./Drivers/STM32F4xx_HAL_Driver/Src/stm32f4xx_hal_dma_ex.o
LOAD ./Drivers/STM32F4xx_HAL_Driver/Src/stm32f4xx_hal_exti.o
LOAD ./Drivers/STM32F4xx_HAL_Driver/Src/stm32f4xx_hal_flash.o
LOAD ./Drivers/STM32F4xx_HAL_Driver/Src/stm32f4xx_hal_flash_ex.o
LOAD ./Drivers/STM32F4xx_HAL_Driver/Src/stm32f4xx_hal_flash_ramfunc.o
LOAD ./Drivers/STM32F4xx_HAL_Driver/Src/stm32f4xx_hal_gpio.o
LOAD ./Drivers/STM32F4xx_HAL_Driver/Src/stm32f4xx_hal_i2c.o
LOAD ./Drivers/STM32F4xx_HAL_Driver/Src/stm32f4xx_hal_i2c_ex.o
LOAD ./Drivers/STM32F4xx_HAL_Driver/Src/stm32f4xx_hal_pwr.o
LOAD ./Drivers/STM32F4xx_HAL_Driver/Src/stm32f4xx_hal_pwr_ex.o
LOAD ./Drivers/STM32F4xx_HAL_Driver/Src/stm32f4xx_hal_rcc.o
LOAD ./Drivers/STM32F4xx_HAL_Driver/Src/stm32f4xx_hal_rcc_ex.o
LOAD ./Drivers/STM32F4xx_HAL_Driver/Src/stm32f4xx_hal_spi.o
LOAD ./Drivers/STM32F4xx_HAL_Driver/Src/stm32f4xx_hal_uart.o
LOAD ./FATFS/App/fatfs.o
LOAD ./FATFS/Target/user_diskio.o
LOAD ./Middlewares/Third_Party/FatFs/src/diskio.o
LOAD ./Middlewares/Third_Party/FatFs/src/ff.o
LOAD ./Middlewares/Third_Party/FatFs/src/ff_gen_drv.o
LOAD ./Middlewares/Third_Party/FatFs/src/option/ccsbcs.o
LOAD ./Middlewares/Third_Party/FatFs/src/option/syscall.o
START GROUP
LOAD D:/Program Files/ST/STM32CubeIDE_2.1.0/STM32CubeIDE/plugins/com.st.stm32cube.ide.mcu.externaltools.gnu-tools-for-stm32.14.3.rel1.win32_1.0.100.202602081740/tools/bin/../lib/gcc/arm-none-eabi/14.3.1/../../../../arm-none-eabi/lib/thumb/v7e-m+fp/hard\libc_nano.a
LOAD D:/Program Files/ST/STM32CubeIDE_2.1.0/STM32CubeIDE/plugins/com.st.stm32cube.ide.mcu.externaltools.gnu-tools-for-stm32.14.3.rel1.win32_1.0.100.202602081740/tools/bin/../lib/gcc/arm-none-eabi/14.3.1/../../../../arm-none-eabi/lib/thumb/v7e-m+fp/hard\libm.a
END GROUP
START GROUP
LOAD D:/Program Files/ST/STM32CubeIDE_2.1.0/STM32CubeIDE/plugins/com.st.stm32cube.ide.mcu.externaltools.gnu-tools-for-stm32.14.3.rel1.win32_1.0.100.202602081740/tools/bin/../lib/gcc/arm-none-eabi/14.3.1/thumb/v7e-m+fp/hard\libgcc.a
LOAD D:/Program Files/ST/STM32CubeIDE_2.1.0/STM32CubeIDE/plugins/com.st.stm32cube.ide.mcu.externaltools.gnu-tools-for-stm32.14.3.rel1.win32_1.0.100.202602081740/tools/bin/../lib/gcc/arm-none-eabi/14.3.1/../../../../arm-none-eabi/lib/thumb/v7e-m+fp/hard\libc_nano.a
END GROUP
START GROUP
LOAD D:/Program Files/ST/STM32CubeIDE_2.1.0/STM32CubeIDE/plugins/com.st.stm32cube.ide.mcu.externaltools.gnu-tools-for-stm32.14.3.rel1.win32_1.0.100.202602081740/tools/bin/../lib/gcc/arm-none-eabi/14.3.1/thumb/v7e-m+fp/hard\libgcc.a
LOAD D:/Program Files/ST/STM32CubeIDE_2.1.0/STM32CubeIDE/plugins/com.st.stm32cube.ide.mcu.externaltools.gnu-tools-for-stm32.14.3.rel1.win32_1.0.100.202602081740/tools/bin/../lib/gcc/arm-none-eabi/14.3.1/../../../../arm-none-eabi/lib/thumb/v7e-m+fp/hard\libc_nano.a
LOAD D:/Program Files/ST/STM32CubeIDE_2.1.0/STM32CubeIDE/plugins/com.st.stm32cube.ide.mcu.externaltools.gnu-tools-for-stm32.14.3.rel1.win32_1.0.100.202602081740/tools/bin/../lib/gcc/arm-none-eabi/14.3.1/../../../../arm-none-eabi/lib/thumb/v7e-m+fp/hard\libnosys.a
END GROUP
START GROUP
LOAD D:/Program Files/ST/STM32CubeIDE_2.1.0/STM32CubeIDE/plugins/com.st.stm32cube.ide.mcu.externaltools.gnu-tools-for-stm32.14.3.rel1.win32_1.0.100.202602081740/tools/bin/../lib/gcc/arm-none-eabi/14.3.1/thumb/v7e-m+fp/hard\libgcc.a
LOAD D:/Program Files/ST/STM32CubeIDE_2.1.0/STM32CubeIDE/plugins/com.st.stm32cube.ide.mcu.externaltools.gnu-tools-for-stm32.14.3.rel1.win32_1.0.100.202602081740/tools/bin/../lib/gcc/arm-none-eabi/14.3.1/../../../../arm-none-eabi/lib/thumb/v7e-m+fp/hard\libc_nano.a
LOAD D:/Program Files/ST/STM32CubeIDE_2.1.0/STM32CubeIDE/plugins/com.st.stm32cube.ide.mcu.externaltools.gnu-tools-for-stm32.14.3.rel1.win32_1.0.100.202602081740/tools/bin/../lib/gcc/arm-none-eabi/14.3.1/../../../../arm-none-eabi/lib/thumb/v7e-m+fp/hard\libnosys.a
END GROUP
LOAD D:/Program Files/ST/STM32CubeIDE_2.1.0/STM32CubeIDE/plugins/com.st.stm32cube.ide.mcu.externaltools.gnu-tools-for-stm32.14.3.rel1.win32_1.0.100.202602081740/tools/bin/../lib/gcc/arm-none-eabi/14.3.1/thumb/v7e-m+fp/hard/crtend.o
LOAD D:/Program Files/ST/STM32CubeIDE_2.1.0/STM32CubeIDE/plugins/com.st.stm32cube.ide.mcu.externaltools.gnu-tools-for-stm32.14.3.rel1.win32_1.0.100.202602081740/tools/bin/../lib/gcc/arm-none-eabi/14.3.1/thumb/v7e-m+fp/hard/crtn.o
                0x20020000                        _estack = (ORIGIN (RAM) + LENGTH (RAM))
                0x00000200                        _Min_Heap_Size = 0x200
                0x00000400                        _Min_Stack_Size = 0x400

.isr_vector     0x08000000      0x1c4
                0x08000000                        . = ALIGN (0x4)
 *(.isr_vector)
 .isr_vector    0x08000000      0x1c4 ./Core/Startup/startup_stm32f446retx.o
                0x08000000                g_pfnVectors
                0x080001c4                        . = ALIGN (0x4)

.text           0x080001d0     0x9598
                0x080001d0                        . = ALIGN (0x4)
 *(.text)
 .text          0x080001d0       0x40 D:/Program Files/ST/STM32CubeIDE_2.1.0/STM32CubeIDE/plugins/com.st.stm32cube.ide.mcu.externaltools.gnu-tools-for-stm32.14.3.rel1.win32_1.0.100.202602081740/tools/bin/../lib/gcc/arm-none-eabi/14.3.1/thumb/v7e-m+fp/hard/crtbegin.o
 .text          0x08000210       0x10 D:/Program Files/ST/STM32CubeIDE_2.1.0/STM32CubeIDE/plugins/com.st.stm32cube.ide.mcu.externaltools.gnu-tools-for-stm32.14.3.rel1.win32_1.0.100.202602081740/tools/bin/../lib/gcc/arm-none-eabi/14.3.1/../../../../arm-none-eabi/lib/thumb/v7e-m+fp/hard\libc_nano.a(libc_a-strlen.o)
                0x08000210                strlen
 .text          0x08000220       0xa0 D:/Program Files/ST/STM32CubeIDE_2.1.0/STM32CubeIDE/plugins/com.st.stm32cube.ide.mcu.externaltools.gnu-tools-for-stm32.14.3.rel1.win32_1.0.100.202602081740/tools/bin/../lib/gcc/arm-none-eabi/14.3.1/../../../../arm-none-eabi/lib/thumb/v7e-m+fp/hard\libc_nano.a(libc_a-memchr.o)
                0x08000220                memchr
 .text          0x080002c0       0x30 D:/Program Files/ST/STM32CubeIDE_2.1.0/STM32CubeIDE/plugins/com.st.stm32cube.ide.mcu.externaltools.gnu-tools-for-stm32.14.3.rel1.win32_1.0.100.202602081740/tools/bin/../lib/gcc/arm-none-eabi/14.3.1/thumb/v7e-m+fp/hard\libgcc.a(_aeabi_uldivmod.o)
                0x080002c0                __aeabi_uldivmod
 .text          0x080002f0      0x2f8 D:/Program Files/ST/STM32CubeIDE_2.1.0/STM32CubeIDE/plugins/com.st.stm32cube.ide.mcu.externaltools.gnu-tools-for-stm32.14.3.rel1.win32_1.0.100.202602081740/tools/bin/../lib/gcc/arm-none-eabi/14.3.1/thumb/v7e-m+fp/hard\libgcc.a(_udivmoddi4.o)
                0x080002f0                __udivmoddi4
 .text          0x080005e8        0x4 D:/Program Files/ST/STM32CubeIDE_2.1.0/STM32CubeIDE/plugins/com.st.stm32cube.ide.mcu.externaltools.gnu-tools-for-stm32.14.3.rel1.win32_1.0.100.202602081740/tools/bin/../lib/gcc/arm-none-eabi/14.3.1/thumb/v7e-m+fp/hard\libgcc.a(_dvmd_tls.o)
                0x080005e8                __aeabi_idiv0
                0x080005e8                __aeabi_ldiv0
 *(.text*)
 .text.SELECT   0x080005ec       0x1c ./Core/Src/fatfs_sd.o
 .text.DESELECT
                0x08000608       0x1c ./Core/Src/fatfs_sd.o
 .text.SPI_TxByte
                0x08000624       0x34 ./Core/Src/fatfs_sd.o
 .text.SPI_TxBuffer
                0x08000658       0x34 ./Core/Src/fatfs_sd.o
 .text.SPI_RxByte
                0x0800068c       0x38 ./Core/Src/fatfs_sd.o
 .text.SPI_RxBytePtr
                0x080006c4       0x1c ./Core/Src/fatfs_sd.o
 .text.SD_ReadyWait
                0x080006e0       0x34 ./Core/Src/fatfs_sd.o
 .text.SD_PowerOn
                0x08000714       0x84 ./Core/Src/fatfs_sd.o
 .text.SD_PowerOff
                0x08000798       0x18 ./Core/Src/fatfs_sd.o
 .text.SD_CheckPower
                0x080007b0       0x18 ./Core/Src/fatfs_sd.o
 .text.SD_RxDataBlock
                0x080007c8       0x60 ./Core/Src/fatfs_sd.o
 .text.SD_TxDataBlock
                0x08000828       0xa0 ./Core/Src/fatfs_sd.o
 .text.SD_SendCmd
                0x080008c8       0xa8 ./Core/Src/fatfs_sd.o
 .text.SD_disk_initialize
                0x08000970      0x1d8 ./Core/Src/fatfs_sd.o
                0x08000970                SD_disk_initialize
 .text.SD_disk_status
                0x08000b48       0x2c ./Core/Src/fatfs_sd.o
                0x08000b48                SD_disk_status
 .text.SD_disk_read
                0x08000b74       0xd4 ./Core/Src/fatfs_sd.o
                0x08000b74                SD_disk_read
 .text.SD_disk_write
                0x08000c48      0x108 ./Core/Src/fatfs_sd.o
                0x08000c48                SD_disk_write
 .text.SD_disk_ioctl
                0x08000d50      0x25c ./Core/Src/fatfs_sd.o
                0x08000d50                SD_disk_ioctl
 .text.initLookup
                0x08000fac      0x130 ./Core/Src/ili9341.o
                0x08000fac                initLookup
 .text.LCD_Init
                0x080010dc      0x1fc ./Core/Src/ili9341.o
                0x080010dc                LCD_Init
 .text.LCD_CMD  0x080012d8       0x90 ./Core/Src/ili9341.o
                0x080012d8                LCD_CMD
 .text.LCD_DATA
                0x08001368       0x8c ./Core/Src/ili9341.o
                0x08001368                LCD_DATA
 .text.SetWindows
                0x080013f4       0x80 ./Core/Src/ili9341.o
                0x080013f4                SetWindows
 .text.LCD_Clear
                0x08001474       0x7c ./Core/Src/ili9341.o
                0x08001474                LCD_Clear
 .text.LCD_BitmapTransparent
                0x080014f0       0xcc ./Core/Src/ili9341.o
                0x080014f0                LCD_BitmapTransparent
 .text.transmit_uart
                0x080015bc       0x2c ./Core/Src/main.o
                0x080015bc                transmit_uart
 .text.mount_SD
                0x080015e8       0x4c ./Core/Src/main.o
                0x080015e8                mount_SD
 .text.open_ReadFile
                0x08001634       0x50 ./Core/Src/main.o
                0x08001634                open_ReadFile
 .text.close_File
                0x08001684       0x4c ./Core/Src/main.o
                0x08001684                close_File
 .text.unmount_SD
                0x080016d0       0x40 ./Core/Src/main.o
                0x080016d0                unmount_SD
 .text.drawImageSD_Chunked
                0x08001710      0x100 ./Core/Src/main.o
                0x08001710                drawImageSD_Chunked
 .text.main     0x08001810       0x48 ./Core/Src/main.o
                0x08001810                main
 .text.SystemClock_Config
                0x08001858       0xd8 ./Core/Src/main.o
                0x08001858                SystemClock_Config
 .text.MX_I2C1_Init
                0x08001930       0x5c ./Core/Src/main.o
 .text.MX_SPI1_Init
                0x0800198c       0x6c ./Core/Src/main.o
 .text.MX_USART2_UART_Init
                0x080019f8       0x54 ./Core/Src/main.o
 .text.MX_GPIO_Init
                0x08001a4c      0x140 ./Core/Src/main.o
 .text.HAL_I2C_MasterRxCpltCallback
                0x08001b8c       0x54 ./Core/Src/main.o
                0x08001b8c                HAL_I2C_MasterRxCpltCallback
 .text.HAL_I2C_ErrorCallback
                0x08001be0       0x34 ./Core/Src/main.o
                0x08001be0                HAL_I2C_ErrorCallback
 .text.Error_Handler
                0x08001c14        0xc ./Core/Src/main.o
                0x08001c14                Error_Handler
 .text.HAL_MspInit
                0x08001c20       0x50 ./Core/Src/stm32f4xx_hal_msp.o
                0x08001c20                HAL_MspInit
 .text.HAL_I2C_MspInit
                0x08001c70       0xb0 ./Core/Src/stm32f4xx_hal_msp.o
                0x08001c70                HAL_I2C_MspInit
 .text.HAL_SPI_MspInit
                0x08001d20       0x90 ./Core/Src/stm32f4xx_hal_msp.o
                0x08001d20                HAL_SPI_MspInit
 .text.HAL_UART_MspInit
                0x08001db0       0x90 ./Core/Src/stm32f4xx_hal_msp.o
                0x08001db0                HAL_UART_MspInit
 .text.NMI_Handler
                0x08001e40        0x8 ./Core/Src/stm32f4xx_it.o
                0x08001e40                NMI_Handler
 .text.HardFault_Handler
                0x08001e48        0x8 ./Core/Src/stm32f4xx_it.o
                0x08001e48                HardFault_Handler
 .text.MemManage_Handler
                0x08001e50        0x8 ./Core/Src/stm32f4xx_it.o
                0x08001e50                MemManage_Handler
 .text.BusFault_Handler
                0x08001e58        0x8 ./Core/Src/stm32f4xx_it.o
                0x08001e58                BusFault_Handler
 .text.UsageFault_Handler
                0x08001e60        0x8 ./Core/Src/stm32f4xx_it.o
                0x08001e60                UsageFault_Handler
 .text.SVC_Handler
                0x08001e68        0xe ./Core/Src/stm32f4xx_it.o
                0x08001e68                SVC_Handler
 .text.DebugMon_Handler
                0x08001e76        0xe ./Core/Src/stm32f4xx_it.o
                0x08001e76                DebugMon_Handler
 .text.PendSV_Handler
                0x08001e84        0xe ./Core/Src/stm32f4xx_it.o
                0x08001e84                PendSV_Handler
 *fill*         0x08001e92        0x2 
 .text.SysTick_Handler
                0x08001e94       0x40 ./Core/Src/stm32f4xx_it.o
                0x08001e94                SysTick_Handler
 .text.I2C1_EV_IRQHandler
                0x08001ed4       0x14 ./Core/Src/stm32f4xx_it.o
                0x08001ed4                I2C1_EV_IRQHandler
 .text.I2C1_ER_IRQHandler
                0x08001ee8       0x14 ./Core/Src/stm32f4xx_it.o
                0x08001ee8                I2C1_ER_IRQHandler
 .text._sbrk    0x08001efc       0x6c ./Core/Src/sysmem.o
                0x08001efc                _sbrk
 .text.SystemInit
                0x08001f68       0x24 ./Core/Src/system_stm32f4xx.o
                0x08001f68                SystemInit
 .text.Reset_Handler
                0x08001f8c       0x50 ./Core/Startup/startup_stm32f446retx.o
                0x08001f8c                Reset_Handler
 .text.Default_Handler
                0x08001fdc        0x2 ./Core/Startup/startup_stm32f446retx.o
                0x08001fdc                RTC_Alarm_IRQHandler
                0x08001fdc                EXTI2_IRQHandler
                0x08001fdc                TIM8_CC_IRQHandler
                0x08001fdc                FMPI2C1_EV_IRQHandler
                0x08001fdc                SPI4_IRQHandler
                0x08001fdc                TIM1_CC_IRQHandler
                0x08001fdc                DMA2_Stream5_IRQHandler
                0x08001fdc                DMA1_Stream5_IRQHandler
                0x08001fdc                PVD_IRQHandler
                0x08001fdc                SDIO_IRQHandler
                0x08001fdc                TAMP_STAMP_IRQHandler
                0x08001fdc                CAN2_RX1_IRQHandler
                0x08001fdc                EXTI3_IRQHandler
                0x08001fdc                TIM8_TRG_COM_TIM14_IRQHandler
                0x08001fdc                TIM1_UP_TIM10_IRQHandler
                0x08001fdc                TIM8_UP_TIM13_IRQHandler
                0x08001fdc                I2C3_ER_IRQHandler
                0x08001fdc                EXTI0_IRQHandler
                0x08001fdc                I2C2_EV_IRQHandler
                0x08001fdc                DMA1_Stream2_IRQHandler
                0x08001fdc                CAN1_RX0_IRQHandler
                0x08001fdc                FPU_IRQHandler
                0x08001fdc                OTG_HS_WKUP_IRQHandler
                0x08001fdc                CAN2_SCE_IRQHandler
                0x08001fdc                DMA2_Stream2_IRQHandler
                0x08001fdc                SPI1_IRQHandler
                0x08001fdc                TIM6_DAC_IRQHandler
                0x08001fdc                TIM1_BRK_TIM9_IRQHandler
                0x08001fdc                DCMI_IRQHandler
                0x08001fdc                CAN2_RX0_IRQHandler
                0x08001fdc                DMA2_Stream3_IRQHandler
                0x08001fdc                SAI2_IRQHandler
                0x08001fdc                USART6_IRQHandler
                0x08001fdc                USART3_IRQHandler
                0x08001fdc                CAN1_RX1_IRQHandler
                0x08001fdc                UART5_IRQHandler
                0x08001fdc                DMA2_Stream0_IRQHandler
                0x08001fdc                TIM4_IRQHandler
                0x08001fdc                QUADSPI_IRQHandler
                0x08001fdc                DMA1_Stream6_IRQHandler
                0x08001fdc                DMA1_Stream1_IRQHandler
                0x08001fdc                UART4_IRQHandler
                0x08001fdc                TIM3_IRQHandler
                0x08001fdc                RCC_IRQHandler
                0x08001fdc                TIM8_BRK_TIM12_IRQHandler
                0x08001fdc                Default_Handler
                0x08001fdc                CEC_IRQHandler
                0x08001fdc                EXTI15_10_IRQHandler
                0x08001fdc                ADC_IRQHandler
                0x08001fdc                DMA1_Stream7_IRQHandler
                0x08001fdc                TIM7_IRQHandler
                0x08001fdc                CAN2_TX_IRQHandler
                0x08001fdc                TIM5_IRQHandler
                0x08001fdc                DMA2_Stream7_IRQHandler
                0x08001fdc                I2C3_EV_IRQHandler
                0x08001fdc                EXTI9_5_IRQHandler
                0x08001fdc                RTC_WKUP_IRQHandler
                0x08001fdc                SPDIF_RX_IRQHandler
                0x08001fdc                SPI2_IRQHandler
                0x08001fdc                OTG_HS_EP1_IN_IRQHandler
                0x08001fdc                DMA1_Stream0_IRQHandler
                0x08001fdc                CAN1_TX_IRQHandler
                0x08001fdc                FMPI2C1_ER_IRQHandler
                0x08001fdc                EXTI4_IRQHandler
                0x08001fdc                OTG_HS_EP1_OUT_IRQHandler
                0x08001fdc                WWDG_IRQHandler
                0x08001fdc                TIM2_IRQHandler
                0x08001fdc                OTG_FS_WKUP_IRQHandler
                0x08001fdc                TIM1_TRG_COM_TIM11_IRQHandler
                0x08001fdc                OTG_HS_IRQHandler
                0x08001fdc                EXTI1_IRQHandler
                0x08001fdc                USART2_IRQHandler
                0x08001fdc                I2C2_ER_IRQHandler
                0x08001fdc                DMA2_Stream1_IRQHandler
                0x08001fdc                CAN1_SCE_IRQHandler
                0x08001fdc                FLASH_IRQHandler
                0x08001fdc                DMA2_Stream4_IRQHandler
                0x08001fdc                USART1_IRQHandler
                0x08001fdc                OTG_FS_IRQHandler
                0x08001fdc                SPI3_IRQHandler
                0x08001fdc                DMA1_Stream4_IRQHandler
                0x08001fdc                FMC_IRQHandler
                0x08001fdc                DMA2_Stream6_IRQHandler
                0x08001fdc                SAI1_IRQHandler
                0x08001fdc                DMA1_Stream3_IRQHandler
 *fill*         0x08001fde        0x2 
 .text.HAL_Init
                0x08001fe0       0x44 ./Drivers/STM32F4xx_HAL_Driver/Src/stm32f4xx_hal.o
                0x08001fe0                HAL_Init
 .text.HAL_InitTick
                0x08002024       0x60 ./Drivers/STM32F4xx_HAL_Driver/Src/stm32f4xx_hal.o
                0x08002024                HAL_InitTick
 .text.HAL_IncTick
                0x08002084       0x28 ./Drivers/STM32F4xx_HAL_Driver/Src/stm32f4xx_hal.o
                0x08002084                HAL_IncTick
 .text.HAL_GetTick
                0x080020ac       0x18 ./Drivers/STM32F4xx_HAL_Driver/Src/stm32f4xx_hal.o
                0x080020ac                HAL_GetTick
 .text.HAL_Delay
                0x080020c4       0x48 ./Drivers/STM32F4xx_HAL_Driver/Src/stm32f4xx_hal.o
                0x080020c4                HAL_Delay
 .text.__NVIC_SetPriorityGrouping
                0x0800210c       0x48 ./Drivers/STM32F4xx_HAL_Driver/Src/stm32f4xx_hal_cortex.o
 .text.__NVIC_GetPriorityGrouping
                0x08002154       0x1c ./Drivers/STM32F4xx_HAL_Driver/Src/stm32f4xx_hal_cortex.o
 .text.__NVIC_EnableIRQ
                0x08002170       0x3c ./Drivers/STM32F4xx_HAL_Driver/Src/stm32f4xx_hal_cortex.o
 .text.__NVIC_SetPriority
                0x080021ac       0x54 ./Drivers/STM32F4xx_HAL_Driver/Src/stm32f4xx_hal_cortex.o
 .text.NVIC_EncodePriority
                0x08002200       0x66 ./Drivers/STM32F4xx_HAL_Driver/Src/stm32f4xx_hal_cortex.o
 *fill*         0x08002266        0x2 
 .text.SysTick_Config
                0x08002268       0x44 ./Drivers/STM32F4xx_HAL_Driver/Src/stm32f4xx_hal_cortex.o
 .text.HAL_NVIC_SetPriorityGrouping
                0x080022ac       0x16 ./Drivers/STM32F4xx_HAL_Driver/Src/stm32f4xx_hal_cortex.o
                0x080022ac                HAL_NVIC_SetPriorityGrouping
 .text.HAL_NVIC_SetPriority
                0x080022c2       0x38 ./Drivers/STM32F4xx_HAL_Driver/Src/stm32f4xx_hal_cortex.o
                0x080022c2                HAL_NVIC_SetPriority
 .text.HAL_NVIC_EnableIRQ
                0x080022fa       0x1c ./Drivers/STM32F4xx_HAL_Driver/Src/stm32f4xx_hal_cortex.o
                0x080022fa                HAL_NVIC_EnableIRQ
 .text.HAL_SYSTICK_Config
                0x08002316       0x18 ./Drivers/STM32F4xx_HAL_Driver/Src/stm32f4xx_hal_cortex.o
                0x08002316                HAL_SYSTICK_Config
 .text.HAL_SYSTICK_IRQHandler
                0x0800232e        0xc ./Drivers/STM32F4xx_HAL_Driver/Src/stm32f4xx_hal_cortex.o
                0x0800232e                HAL_SYSTICK_IRQHandler
 .text.HAL_SYSTICK_Callback
                0x0800233a        0xe ./Drivers/STM32F4xx_HAL_Driver/Src/stm32f4xx_hal_cortex.o
                0x0800233a                HAL_SYSTICK_Callback
 .text.HAL_DMA_Abort_IT
                0x08002348       0x44 ./Drivers/STM32F4xx_HAL_Driver/Src/stm32f4xx_hal_dma.o
                0x08002348                HAL_DMA_Abort_IT
 .text.HAL_DMA_GetState
                0x0800238c       0x1c ./Drivers/STM32F4xx_HAL_Driver/Src/stm32f4xx_hal_dma.o
                0x0800238c                HAL_DMA_GetState
 .text.HAL_GPIO_Init
                0x080023a8      0x328 ./Drivers/STM32F4xx_HAL_Driver/Src/stm32f4xx_hal_gpio.o
                0x080023a8                HAL_GPIO_Init
 .text.HAL_GPIO_WritePin
                0x080026d0       0x32 ./Drivers/STM32F4xx_HAL_Driver/Src/stm32f4xx_hal_gpio.o
                0x080026d0                HAL_GPIO_WritePin
 *fill*         0x08002702        0x2 
 .text.HAL_I2C_Init
                0x08002704      0x288 ./Drivers/STM32F4xx_HAL_Driver/Src/stm32f4xx_hal_i2c.o
                0x08002704                HAL_I2C_Init
 .text.I2C_Flush_DR
                0x0800298c       0x2a ./Drivers/STM32F4xx_HAL_Driver/Src/stm32f4xx_hal_i2c.o
 .text.HAL_I2C_EV_IRQHandler
                0x080029b6      0x2e2 ./Drivers/STM32F4xx_HAL_Driver/Src/stm32f4xx_hal_i2c.o
                0x080029b6                HAL_I2C_EV_IRQHandler
 .text.HAL_I2C_ER_IRQHandler
                0x08002c98      0x14e ./Drivers/STM32F4xx_HAL_Driver/Src/stm32f4xx_hal_i2c.o
                0x08002c98                HAL_I2C_ER_IRQHandler
 .text.HAL_I2C_MasterTxCpltCallback
                0x08002de6       0x14 ./Drivers/STM32F4xx_HAL_Driver/Src/stm32f4xx_hal_i2c.o
                0x08002de6                HAL_I2C_MasterTxCpltCallback
 .text.HAL_I2C_SlaveTxCpltCallback
                0x08002dfa       0x14 ./Drivers/STM32F4xx_HAL_Driver/Src/stm32f4xx_hal_i2c.o
                0x08002dfa                HAL_I2C_SlaveTxCpltCallback
 .text.HAL_I2C_SlaveRxCpltCallback
                0x08002e0e       0x14 ./Drivers/STM32F4xx_HAL_Driver/Src/stm32f4xx_hal_i2c.o
                0x08002e0e                HAL_I2C_SlaveRxCpltCallback
 .text.HAL_I2C_AddrCallback
                0x08002e22       0x1c ./Drivers/STM32F4xx_HAL_Driver/Src/stm32f4xx_hal_i2c.o
                0x08002e22                HAL_I2C_AddrCallback
 .text.HAL_I2C_ListenCpltCallback
                0x08002e3e       0x14 ./Drivers/STM32F4xx_HAL_Driver/Src/stm32f4xx_hal_i2c.o
                0x08002e3e                HAL_I2C_ListenCpltCallback
 .text.HAL_I2C_MemTxCpltCallback
                0x08002e52       0x14 ./Drivers/STM32F4xx_HAL_Driver/Src/stm32f4xx_hal_i2c.o
                0x08002e52                HAL_I2C_MemTxCpltCallback
 .text.HAL_I2C_MemRxCpltCallback
                0x08002e66       0x14 ./Drivers/STM32F4xx_HAL_Driver/Src/stm32f4xx_hal_i2c.o
                0x08002e66                HAL_I2C_MemRxCpltCallback
 .text.HAL_I2C_AbortCpltCallback
                0x08002e7a       0x14 ./Drivers/STM32F4xx_HAL_Driver/Src/stm32f4xx_hal_i2c.o
                0x08002e7a                HAL_I2C_AbortCpltCallback
 .text.I2C_MasterTransmit_TXE
                0x08002e8e      0x138 ./Drivers/STM32F4xx_HAL_Driver/Src/stm32f4xx_hal_i2c.o
 .text.I2C_MasterTransmit_BTF
                0x08002fc6       0xec ./Drivers/STM32F4xx_HAL_Driver/Src/stm32f4xx_hal_i2c.o
 .text.I2C_MemoryTransmit_TXE_BTF
                0x080030b2      0x130 ./Drivers/STM32F4xx_HAL_Driver/Src/stm32f4xx_hal_i2c.o
 .text.I2C_MasterReceive_RXNE
                0x080031e2      0x190 ./Drivers/STM32F4xx_HAL_Driver/Src/stm32f4xx_hal_i2c.o
 .text.I2C_MasterReceive_BTF
                0x08003372      0x1e2 ./Drivers/STM32F4xx_HAL_Driver/Src/stm32f4xx_hal_i2c.o
 .text.I2C_Master_SB
                0x08003554      0x10c ./Drivers/STM32F4xx_HAL_Driver/Src/stm32f4xx_hal_i2c.o
 .text.I2C_Master_ADD10
                0x08003660       0x54 ./Drivers/STM32F4xx_HAL_Driver/Src/stm32f4xx_hal_i2c.o
 .text.I2C_Master_ADDR
                0x080036b4      0x322 ./Drivers/STM32F4xx_HAL_Driver/Src/stm32f4xx_hal_i2c.o
 .text.I2C_SlaveTransmit_TXE
                0x080039d6       0x7a ./Drivers/STM32F4xx_HAL_Driver/Src/stm32f4xx_hal_i2c.o
 .text.I2C_SlaveTransmit_BTF
                0x08003a50       0x42 ./Drivers/STM32F4xx_HAL_Driver/Src/stm32f4xx_hal_i2c.o
 .text.I2C_SlaveReceive_RXNE
                0x08003a92       0x7c ./Drivers/STM32F4xx_HAL_Driver/Src/stm32f4xx_hal_i2c.o
 .text.I2C_SlaveReceive_BTF
                0x08003b0e       0x44 ./Drivers/STM32F4xx_HAL_Driver/Src/stm32f4xx_hal_i2c.o
 .text.I2C_Slave_ADDR
                0x08003b52       0x94 ./Drivers/STM32F4xx_HAL_Driver/Src/stm32f4xx_hal_i2c.o
 *fill*         0x08003be6        0x2 
 .text.I2C_Slave_STOPF
                0x08003be8      0x260 ./Drivers/STM32F4xx_HAL_Driver/Src/stm32f4xx_hal_i2c.o
 .text.I2C_Slave_AF
                0x08003e48       0xe8 ./Drivers/STM32F4xx_HAL_Driver/Src/stm32f4xx_hal_i2c.o
 .text.I2C_ITError
                0x08003f30      0x264 ./Drivers/STM32F4xx_HAL_Driver/Src/stm32f4xx_hal_i2c.o
 .text.I2C_DMAAbort
                0x08004194      0x150 ./Drivers/STM32F4xx_HAL_Driver/Src/stm32f4xx_hal_i2c.o
 .text.I2C_WaitOnSTOPRequestThroughIT
                0x080042e4       0x64 ./Drivers/STM32F4xx_HAL_Driver/Src/stm32f4xx_hal_i2c.o
 .text.I2C_ConvertOtherXferOptions
                0x08004348       0x36 ./Drivers/STM32F4xx_HAL_Driver/Src/stm32f4xx_hal_i2c.o
 *fill*         0x0800437e        0x2 
 .text.HAL_RCC_ClockConfig
                0x08004380      0x1cc ./Drivers/STM32F4xx_HAL_Driver/Src/stm32f4xx_hal_rcc.o
                0x08004380                HAL_RCC_ClockConfig
 .text.HAL_RCC_GetHCLKFreq
                0x0800454c       0x18 ./Drivers/STM32F4xx_HAL_Driver/Src/stm32f4xx_hal_rcc.o
                0x0800454c                HAL_RCC_GetHCLKFreq
 .text.HAL_RCC_GetPCLK1Freq
                0x08004564       0x28 ./Drivers/STM32F4xx_HAL_Driver/Src/stm32f4xx_hal_rcc.o
                0x08004564                HAL_RCC_GetPCLK1Freq
 .text.HAL_RCC_GetPCLK2Freq
                0x0800458c       0x28 ./Drivers/STM32F4xx_HAL_Driver/Src/stm32f4xx_hal_rcc.o
                0x0800458c                HAL_RCC_GetPCLK2Freq
 .text.HAL_RCC_GetSysClockFreq
                0x080045b4      0x350 ./Drivers/STM32F4xx_HAL_Driver/Src/stm32f4xx_hal_rcc_ex.o
                0x080045b4                HAL_RCC_GetSysClockFreq
 .text.HAL_RCC_OscConfig
                0x08004904      0x53c ./Drivers/STM32F4xx_HAL_Driver/Src/stm32f4xx_hal_rcc_ex.o
                0x08004904                HAL_RCC_OscConfig
 .text.HAL_SPI_Init
                0x08004e40      0x112 ./Drivers/STM32F4xx_HAL_Driver/Src/stm32f4xx_hal_spi.o
                0x08004e40                HAL_SPI_Init
 .text.HAL_SPI_Transmit
                0x08004f52      0x288 ./Drivers/STM32F4xx_HAL_Driver/Src/stm32f4xx_hal_spi.o
                0x08004f52                HAL_SPI_Transmit
 .text.HAL_SPI_TransmitReceive
                0x080051da      0x352 ./Drivers/STM32F4xx_HAL_Driver/Src/stm32f4xx_hal_spi.o
                0x080051da                HAL_SPI_TransmitReceive
 .text.SPI_WaitFlagStateUntilTimeout
                0x0800552c      0x110 ./Drivers/STM32F4xx_HAL_Driver/Src/stm32f4xx_hal_spi.o
 .text.SPI_EndRxTxTransaction
                0x0800563c       0xa8 ./Drivers/STM32F4xx_HAL_Driver/Src/stm32f4xx_hal_spi.o
 .text.HAL_UART_Init
                0x080056e4       0xa0 ./Drivers/STM32F4xx_HAL_Driver/Src/stm32f4xx_hal_uart.o
                0x080056e4                HAL_UART_Init
 .text.HAL_UART_Transmit
                0x08005784      0x116 ./Drivers/STM32F4xx_HAL_Driver/Src/stm32f4xx_hal_uart.o
                0x08005784                HAL_UART_Transmit
 .text.UART_WaitOnFlagUntilTimeout
                0x0800589a       0xb2 ./Drivers/STM32F4xx_HAL_Driver/Src/stm32f4xx_hal_uart.o
 .text.UART_EndRxTransfer
                0x0800594c       0xc6 ./Drivers/STM32F4xx_HAL_Driver/Src/stm32f4xx_hal_uart.o
 *fill*         0x08005a12        0x2 
 .text.UART_SetConfig
                0x08005a14      0x4e8 ./Drivers/STM32F4xx_HAL_Driver/Src/stm32f4xx_hal_uart.o
 .text.MX_FATFS_Init
                0x08005efc       0x24 ./FATFS/App/fatfs.o
                0x08005efc                MX_FATFS_Init
 .text.get_fattime
                0x08005f20       0x10 ./FATFS/App/fatfs.o
                0x08005f20                get_fattime
 .text.USER_initialize
                0x08005f30       0x1c ./FATFS/Target/user_diskio.o
                0x08005f30                USER_initialize
 .text.USER_status
                0x08005f4c       0x1c ./FATFS/Target/user_diskio.o
                0x08005f4c                USER_status
 .text.USER_read
                0x08005f68       0x26 ./FATFS/Target/user_diskio.o
                0x08005f68                USER_read
 .text.USER_write
                0x08005f8e       0x26 ./FATFS/Target/user_diskio.o
                0x08005f8e                USER_write
 .text.USER_ioctl
                0x08005fb4       0x26 ./FATFS/Target/user_diskio.o
                0x08005fb4                USER_ioctl
 *fill*         0x08005fda        0x2 
 .text.disk_status
                0x08005fdc       0x34 ./Middlewares/Third_Party/FatFs/src/diskio.o
                0x08005fdc                disk_status
 .text.disk_initialize
                0x08006010       0x50 ./Middlewares/Third_Party/FatFs/src/diskio.o
                0x08006010                disk_initialize
 .text.disk_read
                0x08006060       0x40 ./Middlewares/Third_Party/FatFs/src/diskio.o
                0x08006060                disk_read
 .text.disk_write
                0x080060a0       0x40 ./Middlewares/Third_Party/FatFs/src/diskio.o
                0x080060a0                disk_write
 .text.disk_ioctl
                0x080060e0       0x3c ./Middlewares/Third_Party/FatFs/src/diskio.o
                0x080060e0                disk_ioctl
 .text.ld_word  0x0800611c       0x32 ./Middlewares/Third_Party/FatFs/src/ff.o
 .text.ld_dword
                0x0800614e       0x46 ./Middlewares/Third_Party/FatFs/src/ff.o
 .text.st_word  0x08006194       0x36 ./Middlewares/Third_Party/FatFs/src/ff.o
 .text.st_dword
                0x080061ca       0x58 ./Middlewares/Third_Party/FatFs/src/ff.o
 .text.mem_cpy  0x08006222       0x42 ./Middlewares/Third_Party/FatFs/src/ff.o
 .text.mem_set  0x08006264       0x36 ./Middlewares/Third_Party/FatFs/src/ff.o
 .text.mem_cmp  0x0800629a       0x4e ./Middlewares/Third_Party/FatFs/src/ff.o
 .text.chk_chr  0x080062e8       0x36 ./Middlewares/Third_Party/FatFs/src/ff.o
 *fill*         0x0800631e        0x2 
 .text.chk_lock
                0x08006320       0xb8 ./Middlewares/Third_Party/FatFs/src/ff.o
 .text.enq_lock
                0x080063d8       0x44 ./Middlewares/Third_Party/FatFs/src/ff.o
 .text.inc_lock
                0x0800641c      0x11c ./Middlewares/Third_Party/FatFs/src/ff.o
 .text.dec_lock
                0x08006538       0x78 ./Middlewares/Third_Party/FatFs/src/ff.o
 .text.clear_lock
                0x080065b0       0x48 ./Middlewares/Third_Party/FatFs/src/ff.o
 .text.sync_window
                0x080065f8       0x88 ./Middlewares/Third_Party/FatFs/src/ff.o
 .text.move_window
                0x08006680       0x5a ./Middlewares/Third_Party/FatFs/src/ff.o
 *fill*         0x080066da        0x2 
 .text.sync_fs  0x080066dc       0xe0 ./Middlewares/Third_Party/FatFs/src/ff.o
 .text.clust2sect
                0x080067bc       0x3e ./Middlewares/Third_Party/FatFs/src/ff.o
 .text.get_fat  0x080067fa      0x1a6 ./Middlewares/Third_Party/FatFs/src/ff.o
 .text.put_fat  0x080069a0      0x234 ./Middlewares/Third_Party/FatFs/src/ff.o
 .text.remove_chain
                0x08006bd4       0xca ./Middlewares/Third_Party/FatFs/src/ff.o
 .text.create_chain
                0x08006c9e      0x130 ./Middlewares/Third_Party/FatFs/src/ff.o
 .text.clmt_clust
                0x08006dce       0x70 ./Middlewares/Third_Party/FatFs/src/ff.o
 .text.dir_sdi  0x08006e3e      0x112 ./Middlewares/Third_Party/FatFs/src/ff.o
 .text.dir_next
                0x08006f50      0x1ac ./Middlewares/Third_Party/FatFs/src/ff.o
 .text.dir_alloc
                0x080070fc       0x8e ./Middlewares/Third_Party/FatFs/src/ff.o
 .text.ld_clust
                0x0800718a       0x3e ./Middlewares/Third_Party/FatFs/src/ff.o
 .text.st_clust
                0x080071c8       0x40 ./Middlewares/Third_Party/FatFs/src/ff.o
 .text.cmp_lfn  0x08007208       0xe0 ./Middlewares/Third_Party/FatFs/src/ff.o
 .text.put_lfn  0x080072e8       0xd0 ./Middlewares/Third_Party/FatFs/src/ff.o
 .text.gen_numname
                0x080073b8      0x11c ./Middlewares/Third_Party/FatFs/src/ff.o
 .text.sum_sfn  0x080074d4       0x42 ./Middlewares/Third_Party/FatFs/src/ff.o
 .text.dir_find
                0x08007516      0x180 ./Middlewares/Third_Party/FatFs/src/ff.o
 *fill*         0x08007696        0x2 
 .text.dir_register
                0x08007698      0x1f0 ./Middlewares/Third_Party/FatFs/src/ff.o
 .text.create_name
                0x08007888      0x370 ./Middlewares/Third_Party/FatFs/src/ff.o
 .text.follow_path
                0x08007bf8       0xec ./Middlewares/Third_Party/FatFs/src/ff.o
 .text.get_ldnumber
                0x08007ce4       0x88 ./Middlewares/Third_Party/FatFs/src/ff.o
 .text.check_fs
                0x08007d6c       0xac ./Middlewares/Third_Party/FatFs/src/ff.o
 .text.find_volume
                0x08007e18      0x50c ./Middlewares/Third_Party/FatFs/src/ff.o
 .text.validate
                0x08008324       0x6a ./Middlewares/Third_Party/FatFs/src/ff.o
 *fill*         0x0800838e        0x2 
 .text.f_mount  0x08008390       0x8c ./Middlewares/Third_Party/FatFs/src/ff.o
                0x08008390                f_mount
 .text.f_open   0x0800841c      0x390 ./Middlewares/Third_Party/FatFs/src/ff.o
                0x0800841c                f_open
 .text.f_read   0x080087ac      0x2be ./Middlewares/Third_Party/FatFs/src/ff.o
                0x080087ac                f_read
 .text.f_sync   0x08008a6a       0xfc ./Middlewares/Third_Party/FatFs/src/ff.o
                0x08008a6a                f_sync
 .text.f_close  0x08008b66       0x54 ./Middlewares/Third_Party/FatFs/src/ff.o
                0x08008b66                f_close
 *fill*         0x08008bba        0x2 
 .text.FATFS_LinkDriverEx
                0x08008bbc       0x98 ./Middlewares/Third_Party/FatFs/src/ff_gen_drv.o
                0x08008bbc                FATFS_LinkDriverEx
 .text.FATFS_LinkDriver
                0x08008c54       0x1e ./Middlewares/Third_Party/FatFs/src/ff_gen_drv.o
                0x08008c54                FATFS_LinkDriver
 *fill*         0x08008c72        0x2 
 .text.ff_convert
                0x08008c74       0x78 ./Middlewares/Third_Party/FatFs/src/option/ccsbcs.o
                0x08008c74                ff_convert
 .text.ff_wtoupper
                0x08008cec      0x114 ./Middlewares/Third_Party/FatFs/src/option/ccsbcs.o
                0x08008cec                ff_wtoupper
 .text.sprintf  0x08008e00       0x44 D:/Program Files/ST/STM32CubeIDE_2.1.0/STM32CubeIDE/plugins/com.st.stm32cube.ide.mcu.externaltools.gnu-tools-for-stm32.14.3.rel1.win32_1.0.100.202602081740/tools/bin/../lib/gcc/arm-none-eabi/14.3.1/../../../../arm-none-eabi/lib/thumb/v7e-m+fp/hard\libc_nano.a(libc_a-sprintf.o)
                0x08008e00                siprintf
                0x08008e00                sprintf
 .text.memset   0x08008e44       0x10 D:/Program Files/ST/STM32CubeIDE_2.1.0/STM32CubeIDE/plugins/com.st.stm32cube.ide.mcu.externaltools.gnu-tools-for-stm32.14.3.rel1.win32_1.0.100.202602081740/tools/bin/../lib/gcc/arm-none-eabi/14.3.1/../../../../arm-none-eabi/lib/thumb/v7e-m+fp/hard\libc_nano.a(libc_a-memset.o)
                0x08008e44                memset
 .text.__errno  0x08008e54        0xc D:/Program Files/ST/STM32CubeIDE_2.1.0/STM32CubeIDE/plugins/com.st.stm32cube.ide.mcu.externaltools.gnu-tools-for-stm32.14.3.rel1.win32_1.0.100.202602081740/tools/bin/../lib/gcc/arm-none-eabi/14.3.1/../../../../arm-none-eabi/lib/thumb/v7e-m+fp/hard\libc_nano.a(libc_a-errno.o)
                0x08008e54                __errno
 .text.__libc_init_array
                0x08008e60       0x48 D:/Program Files/ST/STM32CubeIDE_2.1.0/STM32CubeIDE/plugins/com.st.stm32cube.ide.mcu.externaltools.gnu-tools-for-stm32.14.3.rel1.win32_1.0.100.202602081740/tools/bin/../lib/gcc/arm-none-eabi/14.3.1/../../../../arm-none-eabi/lib/thumb/v7e-m+fp/hard\libc_nano.a(libc_a-init.o)
                0x08008e60                __libc_init_array
 .text.__retarget_lock_acquire_recursive
                0x08008ea8        0x2 D:/Program Files/ST/STM32CubeIDE_2.1.0/STM32CubeIDE/plugins/com.st.stm32cube.ide.mcu.externaltools.gnu-tools-for-stm32.14.3.rel1.win32_1.0.100.202602081740/tools/bin/../lib/gcc/arm-none-eabi/14.3.1/../../../../arm-none-eabi/lib/thumb/v7e-m+fp/hard\libc_nano.a(libc_a-lock.o)
                0x08008ea8                __retarget_lock_acquire_recursive
 .text.__retarget_lock_release_recursive
                0x08008eaa        0x2 D:/Program Files/ST/STM32CubeIDE_2.1.0/STM32CubeIDE/plugins/com.st.stm32cube.ide.mcu.externaltools.gnu-tools-for-stm32.14.3.rel1.win32_1.0.100.202602081740/tools/bin/../lib/gcc/arm-none-eabi/14.3.1/../../../../arm-none-eabi/lib/thumb/v7e-m+fp/hard\libc_nano.a(libc_a-lock.o)
                0x08008eaa                __retarget_lock_release_recursive
 .text._free_r  0x08008eac       0x94 D:/Program Files/ST/STM32CubeIDE_2.1.0/STM32CubeIDE/plugins/com.st.stm32cube.ide.mcu.externaltools.gnu-tools-for-stm32.14.3.rel1.win32_1.0.100.202602081740/tools/bin/../lib/gcc/arm-none-eabi/14.3.1/../../../../arm-none-eabi/lib/thumb/v7e-m+fp/hard\libc_nano.a(libc_a-freer.o)
                0x08008eac                _free_r
 .text.sbrk_aligned
                0x08008f40       0x44 D:/Program Files/ST/STM32CubeIDE_2.1.0/STM32CubeIDE/plugins/com.st.stm32cube.ide.mcu.externaltools.gnu-tools-for-stm32.14.3.rel1.win32_1.0.100.202602081740/tools/bin/../lib/gcc/arm-none-eabi/14.3.1/../../../../arm-none-eabi/lib/thumb/v7e-m+fp/hard\libc_nano.a(libc_a-mallocr.o)
 .text._malloc_r
                0x08008f84      0x100 D:/Program Files/ST/STM32CubeIDE_2.1.0/STM32CubeIDE/plugins/com.st.stm32cube.ide.mcu.externaltools.gnu-tools-for-stm32.14.3.rel1.win32_1.0.100.202602081740/tools/bin/../lib/gcc/arm-none-eabi/14.3.1/../../../../arm-none-eabi/lib/thumb/v7e-m+fp/hard\libc_nano.a(libc_a-mallocr.o)
                0x08008f84                _malloc_r
 .text.__malloc_lock
                0x08009084        0xc D:/Program Files/ST/STM32CubeIDE_2.1.0/STM32CubeIDE/plugins/com.st.stm32cube.ide.mcu.externaltools.gnu-tools-for-stm32.14.3.rel1.win32_1.0.100.202602081740/tools/bin/../lib/gcc/arm-none-eabi/14.3.1/../../../../arm-none-eabi/lib/thumb/v7e-m+fp/hard\libc_nano.a(libc_a-mlock.o)
                0x08009084                __malloc_lock
 .text.__malloc_unlock
                0x08009090        0xc D:/Program Files/ST/STM32CubeIDE_2.1.0/STM32CubeIDE/plugins/com.st.stm32cube.ide.mcu.externaltools.gnu-tools-for-stm32.14.3.rel1.win32_1.0.100.202602081740/tools/bin/../lib/gcc/arm-none-eabi/14.3.1/../../../../arm-none-eabi/lib/thumb/v7e-m+fp/hard\libc_nano.a(libc_a-mlock.o)
                0x08009090                __malloc_unlock
 .text.__ssputs_r
                0x0800909c       0xc0 D:/Program Files/ST/STM32CubeIDE_2.1.0/STM32CubeIDE/plugins/com.st.stm32cube.ide.mcu.externaltools.gnu-tools-for-stm32.14.3.rel1.win32_1.0.100.202602081740/tools/bin/../lib/gcc/arm-none-eabi/14.3.1/../../../../arm-none-eabi/lib/thumb/v7e-m+fp/hard\libc_nano.a(libc_a-nano-svfprintf.o)
                0x0800909c                __ssputs_r
 .text._svfprintf_r
                0x0800915c      0x1f0 D:/Program Files/ST/STM32CubeIDE_2.1.0/STM32CubeIDE/plugins/com.st.stm32cube.ide.mcu.externaltools.gnu-tools-for-stm32.14.3.rel1.win32_1.0.100.202602081740/tools/bin/../lib/gcc/arm-none-eabi/14.3.1/../../../../arm-none-eabi/lib/thumb/v7e-m+fp/hard\libc_nano.a(libc_a-nano-svfprintf.o)
                0x0800915c                _svfiprintf_r
                0x0800915c                _svfprintf_r
 .text._printf_common
                0x0800934c       0xda D:/Program Files/ST/STM32CubeIDE_2.1.0/STM32CubeIDE/plugins/com.st.stm32cube.ide.mcu.externaltools.gnu-tools-for-stm32.14.3.rel1.win32_1.0.100.202602081740/tools/bin/../lib/gcc/arm-none-eabi/14.3.1/../../../../arm-none-eabi/lib/thumb/v7e-m+fp/hard\libc_nano.a(libc_a-nano-vfprintf_i.o)
                0x0800934c                _printf_common
 *fill*         0x08009426        0x2 
 .text._printf_i
                0x08009428      0x24c D:/Program Files/ST/STM32CubeIDE_2.1.0/STM32CubeIDE/plugins/com.st.stm32cube.ide.mcu.externaltools.gnu-tools-for-stm32.14.3.rel1.win32_1.0.100.202602081740/tools/bin/../lib/gcc/arm-none-eabi/14.3.1/../../../../arm-none-eabi/lib/thumb/v7e-m+fp/hard\libc_nano.a(libc_a-nano-vfprintf_i.o)
                0x08009428                _printf_i
 .text.memmove  0x08009674       0x32 D:/Program Files/ST/STM32CubeIDE_2.1.0/STM32CubeIDE/plugins/com.st.stm32cube.ide.mcu.externaltools.gnu-tools-for-stm32.14.3.rel1.win32_1.0.100.202602081740/tools/bin/../lib/gcc/arm-none-eabi/14.3.1/../../../../arm-none-eabi/lib/thumb/v7e-m+fp/hard\libc_nano.a(libc_a-memmove.o)
                0x08009674                memmove
 *fill*         0x080096a6        0x2 
 .text._sbrk_r  0x080096a8       0x20 D:/Program Files/ST/STM32CubeIDE_2.1.0/STM32CubeIDE/plugins/com.st.stm32cube.ide.mcu.externaltools.gnu-tools-for-stm32.14.3.rel1.win32_1.0.100.202602081740/tools/bin/../lib/gcc/arm-none-eabi/14.3.1/../../../../arm-none-eabi/lib/thumb/v7e-m+fp/hard\libc_nano.a(libc_a-sbrkr.o)
                0x080096a8                _sbrk_r
 .text.memcpy   0x080096c8       0x1c D:/Program Files/ST/STM32CubeIDE_2.1.0/STM32CubeIDE/plugins/com.st.stm32cube.ide.mcu.externaltools.gnu-tools-for-stm32.14.3.rel1.win32_1.0.100.202602081740/tools/bin/../lib/gcc/arm-none-eabi/14.3.1/../../../../arm-none-eabi/lib/thumb/v7e-m+fp/hard\libc_nano.a(libc_a-memcpy-stub.o)
                0x080096c8                memcpy
 .text._realloc_r
                0x080096e4       0x5c D:/Program Files/ST/STM32CubeIDE_2.1.0/STM32CubeIDE/plugins/com.st.stm32cube.ide.mcu.externaltools.gnu-tools-for-stm32.14.3.rel1.win32_1.0.100.202602081740/tools/bin/../lib/gcc/arm-none-eabi/14.3.1/../../../../arm-none-eabi/lib/thumb/v7e-m+fp/hard\libc_nano.a(libc_a-reallocr.o)
                0x080096e4                _realloc_r
 .text._malloc_usable_size_r
                0x08009740       0x10 D:/Program Files/ST/STM32CubeIDE_2.1.0/STM32CubeIDE/plugins/com.st.stm32cube.ide.mcu.externaltools.gnu-tools-for-stm32.14.3.rel1.win32_1.0.100.202602081740/tools/bin/../lib/gcc/arm-none-eabi/14.3.1/../../../../arm-none-eabi/lib/thumb/v7e-m+fp/hard\libc_nano.a(libc_a-msizer.o)
                0x08009740                _malloc_usable_size_r
 *(.glue_7)
 .glue_7        0x08009750        0x0 linker stubs
 *(.glue_7t)
 .glue_7t       0x08009750        0x0 linker stubs
 *(.eh_frame)
 .eh_frame      0x08009750        0x0 D:/Program Files/ST/STM32CubeIDE_2.1.0/STM32CubeIDE/plugins/com.st.stm32cube.ide.mcu.externaltools.gnu-tools-for-stm32.14.3.rel1.win32_1.0.100.202602081740/tools/bin/../lib/gcc/arm-none-eabi/14.3.1/thumb/v7e-m+fp/hard/crtbegin.o
 *(.init)
 .init          0x08009750        0x4 D:/Program Files/ST/STM32CubeIDE_2.1.0/STM32CubeIDE/plugins/com.st.stm32cube.ide.mcu.externaltools.gnu-tools-for-stm32.14.3.rel1.win32_1.0.100.202602081740/tools/bin/../lib/gcc/arm-none-eabi/14.3.1/thumb/v7e-m+fp/hard/crti.o
                0x08009750                _init
 .init          0x08009754        0x8 D:/Program Files/ST/STM32CubeIDE_2.1.0/STM32CubeIDE/plugins/com.st.stm32cube.ide.mcu.externaltools.gnu-tools-for-stm32.14.3.rel1.win32_1.0.100.202602081740/tools/bin/../lib/gcc/arm-none-eabi/14.3.1/thumb/v7e-m+fp/hard/crtn.o
 *(.fini)
 .fini          0x0800975c        0x4 D:/Program Files/ST/STM32CubeIDE_2.1.0/STM32CubeIDE/plugins/com.st.stm32cube.ide.mcu.externaltools.gnu-tools-for-stm32.14.3.rel1.win32_1.0.100.202602081740/tools/bin/../lib/gcc/arm-none-eabi/14.3.1/thumb/v7e-m+fp/hard/crti.o
                0x0800975c                _fini
 .fini          0x08009760        0x8 D:/Program Files/ST/STM32CubeIDE_2.1.0/STM32CubeIDE/plugins/com.st.stm32cube.ide.mcu.externaltools.gnu-tools-for-stm32.14.3.rel1.win32_1.0.100.202602081740/tools/bin/../lib/gcc/arm-none-eabi/14.3.1/thumb/v7e-m+fp/hard/crtn.o
                0x08009768                        . = ALIGN (0x4)
                0x08009768                        _etext = .

.vfp11_veneer   0x08009768        0x0
 .vfp11_veneer  0x08009768        0x0 linker stubs

.v4_bx          0x08009768        0x0
 .v4_bx         0x08009768        0x0 linker stubs

.iplt           0x08009768        0x0
 .iplt          0x08009768        0x0 D:/Program Files/ST/STM32CubeIDE_2.1.0/STM32CubeIDE/plugins/com.st.stm32cube.ide.mcu.externaltools.gnu-tools-for-stm32.14.3.rel1.win32_1.0.100.202602081740/tools/bin/../lib/gcc/arm-none-eabi/14.3.1/thumb/v7e-m+fp/hard/crtbegin.o

.rodata         0x08009768      0x618
                0x08009768                        . = ALIGN (0x4)
 *(.rodata)
 .rodata        0x08009768      0x144 ./Core/Src/main.o
 .rodata        0x080098ac       0x48 ./Middlewares/Third_Party/FatFs/src/ff.o
 *(.rodata*)
 .rodata.AHBPrescTable
                0x080098f4       0x10 ./Core/Src/system_stm32f4xx.o
                0x080098f4                AHBPrescTable
 .rodata.APBPrescTable
                0x08009904        0x8 ./Core/Src/system_stm32f4xx.o
                0x08009904                APBPrescTable
 .rodata.ExCvt  0x0800990c       0x80 ./Middlewares/Third_Party/FatFs/src/ff.o
 .rodata.LfnOfs
                0x0800998c        0xd ./Middlewares/Third_Party/FatFs/src/ff.o
 *fill*         0x08009999        0x3 
 .rodata.Tbl    0x0800999c      0x100 ./Middlewares/Third_Party/FatFs/src/option/ccsbcs.o
 .rodata.cvt1.1
                0x08009a9c      0x1f2 ./Middlewares/Third_Party/FatFs/src/option/ccsbcs.o
 *fill*         0x08009c8e        0x2 
 .rodata.cvt2.0
                0x08009c90       0xbc ./Middlewares/Third_Party/FatFs/src/option/ccsbcs.o
 .rodata._svfprintf_r.str1.1
                0x08009d4c       0x33 D:/Program Files/ST/STM32CubeIDE_2.1.0/STM32CubeIDE/plugins/com.st.stm32cube.ide.mcu.externaltools.gnu-tools-for-stm32.14.3.rel1.win32_1.0.100.202602081740/tools/bin/../lib/gcc/arm-none-eabi/14.3.1/../../../../arm-none-eabi/lib/thumb/v7e-m+fp/hard\libc_nano.a(libc_a-nano-svfprintf.o)
                                 0x11 (size before relaxing)
 .rodata._printf_i.str1.1
                0x08009d7f       0x22 D:/Program Files/ST/STM32CubeIDE_2.1.0/STM32CubeIDE/plugins/com.st.stm32cube.ide.mcu.externaltools.gnu-tools-for-stm32.14.3.rel1.win32_1.0.100.202602081740/tools/bin/../lib/gcc/arm-none-eabi/14.3.1/../../../../arm-none-eabi/lib/thumb/v7e-m+fp/hard\libc_nano.a(libc_a-nano-vfprintf_i.o)
                0x08009da4                        . = ALIGN (0x4)
 *fill*         0x08009d7f        0x1 

.ARM.extab      0x08009d80        0x0
                0x08009d80                        . = ALIGN (0x4)
 *(.ARM.extab* .gnu.linkonce.armextab.*)
                0x08009d80                        . = ALIGN (0x4)

.ARM            0x08009d80        0x8
                0x08009d80                        . = ALIGN (0x4)
                0x08009d80                        __exidx_start = .
 *(.ARM.exidx*)
 .ARM.exidx     0x08009d80        0x8 D:/Program Files/ST/STM32CubeIDE_2.1.0/STM32CubeIDE/plugins/com.st.stm32cube.ide.mcu.externaltools.gnu-tools-for-stm32.14.3.rel1.win32_1.0.100.202602081740/tools/bin/../lib/gcc/arm-none-eabi/14.3.1/../../../../arm-none-eabi/lib/thumb/v7e-m+fp/hard\libc_nano.a(libc_a-strlen.o)
 .ARM.exidx     0x08009d88        0x0 D:/Program Files/ST/STM32CubeIDE_2.1.0/STM32CubeIDE/plugins/com.st.stm32cube.ide.mcu.externaltools.gnu-tools-for-stm32.14.3.rel1.win32_1.0.100.202602081740/tools/bin/../lib/gcc/arm-none-eabi/14.3.1/../../../../arm-none-eabi/lib/thumb/v7e-m+fp/hard\libc_nano.a(libc_a-memchr.o)
                                  0x8 (size before relaxing)
 .ARM.exidx     0x08009d88        0x0 D:/Program Files/ST/STM32CubeIDE_2.1.0/STM32CubeIDE/plugins/com.st.stm32cube.ide.mcu.externaltools.gnu-tools-for-stm32.14.3.rel1.win32_1.0.100.202602081740/tools/bin/../lib/gcc/arm-none-eabi/14.3.1/thumb/v7e-m+fp/hard\libgcc.a(_udivmoddi4.o)
                                  0x8 (size before relaxing)
                0x08009d88                        __exidx_end = .
                0x08009d88                        . = ALIGN (0x4)

.preinit_array  0x08009d88        0x0
                0x08009d88                        . = ALIGN (0x4)
                0x08009d88                        PROVIDE (__preinit_array_start = .)
 *(.preinit_array*)
                0x08009d88                        PROVIDE (__preinit_array_end = .)
                0x08009d88                        . = ALIGN (0x4)

.init_array     0x08009d88        0x4
                0x08009d88                        . = ALIGN (0x4)
                0x08009d88                        PROVIDE (__init_array_start = .)
 *(SORT_BY_NAME(.init_array.*))
 *(.init_array*)
 .init_array    0x08009d88        0x4 D:/Program Files/ST/STM32CubeIDE_2.1.0/STM32CubeIDE/plugins/com.st.stm32cube.ide.mcu.externaltools.gnu-tools-for-stm32.14.3.rel1.win32_1.0.100.202602081740/tools/bin/../lib/gcc/arm-none-eabi/14.3.1/thumb/v7e-m+fp/hard/crtbegin.o
                0x08009d8c                        PROVIDE (__init_array_end = .)
                0x08009d8c                        . = ALIGN (0x4)

.fini_array     0x08009d8c        0x4
                0x08009d8c                        . = ALIGN (0x4)
                [!provide]                        PROVIDE (__fini_array_start = .)
 *(SORT_BY_NAME(.fini_array.*))
 *(.fini_array*)
 .fini_array    0x08009d8c        0x4 D:/Program Files/ST/STM32CubeIDE_2.1.0/STM32CubeIDE/plugins/com.st.stm32cube.ide.mcu.externaltools.gnu-tools-for-stm32.14.3.rel1.win32_1.0.100.202602081740/tools/bin/../lib/gcc/arm-none-eabi/14.3.1/thumb/v7e-m+fp/hard/crtbegin.o
                [!provide]                        PROVIDE (__fini_array_end = .)
                0x08009d90                        . = ALIGN (0x4)
                0x08009d90                        _sidata = LOADADDR (.data)

.rel.dyn        0x08009d90        0x0
 .rel.iplt      0x08009d90        0x0 D:/Program Files/ST/STM32CubeIDE_2.1.0/STM32CubeIDE/plugins/com.st.stm32cube.ide.mcu.externaltools.gnu-tools-for-stm32.14.3.rel1.win32_1.0.100.202602081740/tools/bin/../lib/gcc/arm-none-eabi/14.3.1/thumb/v7e-m+fp/hard/crtbegin.o

.data           0x20000000       0x74 load address 0x08009d90
                0x20000000                        . = ALIGN (0x4)
                0x20000000                        _sdata = .
 *(.data)
 *(.data*)
 .data.Stat     0x20000000        0x1 ./Core/Src/fatfs_sd.o
 *fill*         0x20000001        0x3 
 .data.SystemCoreClock
                0x20000004        0x4 ./Core/Src/system_stm32f4xx.o
                0x20000004                SystemCoreClock
 .data.uwTickPrio
                0x20000008        0x4 ./Drivers/STM32F4xx_HAL_Driver/Src/stm32f4xx_hal.o
                0x20000008                uwTickPrio
 .data.uwTickFreq
                0x2000000c        0x1 ./Drivers/STM32F4xx_HAL_Driver/Src/stm32f4xx_hal.o
                0x2000000c                uwTickFreq
 *fill*         0x2000000d        0x3 
 .data.USER_Driver
                0x20000010       0x14 ./FATFS/Target/user_diskio.o
                0x20000010                USER_Driver
 .data._impure_ptr
                0x20000024        0x4 D:/Program Files/ST/STM32CubeIDE_2.1.0/STM32CubeIDE/plugins/com.st.stm32cube.ide.mcu.externaltools.gnu-tools-for-stm32.14.3.rel1.win32_1.0.100.202602081740/tools/bin/../lib/gcc/arm-none-eabi/14.3.1/../../../../arm-none-eabi/lib/thumb/v7e-m+fp/hard\libc_nano.a(libc_a-impure.o)
                0x20000024                _impure_ptr
 .data._impure_data
                0x20000028       0x4c D:/Program Files/ST/STM32CubeIDE_2.1.0/STM32CubeIDE/plugins/com.st.stm32cube.ide.mcu.externaltools.gnu-tools-for-stm32.14.3.rel1.win32_1.0.100.202602081740/tools/bin/../lib/gcc/arm-none-eabi/14.3.1/../../../../arm-none-eabi/lib/thumb/v7e-m+fp/hard\libc_nano.a(libc_a-impure.o)
                0x20000028                _impure_data
 *(.RamFunc)
 *(.RamFunc*)
                0x20000074                        . = ALIGN (0x4)
                0x20000074                        _edata = .

.igot.plt       0x20000074        0x0 load address 0x08009e04
 .igot.plt      0x20000074        0x0 D:/Program Files/ST/STM32CubeIDE_2.1.0/STM32CubeIDE/plugins/com.st.stm32cube.ide.mcu.externaltools.gnu-tools-for-stm32.14.3.rel1.win32_1.0.100.202602081740/tools/bin/../lib/gcc/arm-none-eabi/14.3.1/thumb/v7e-m+fp/hard/crtbegin.o
                0x20000074                        . = ALIGN (0x4)

.bss            0x20000074     0x314c load address 0x08009e04
                0x20000074                        _sbss = .
                0x20000074                        __bss_start__ = _sbss
 *(.bss)
 .bss           0x20000074       0x1c D:/Program Files/ST/STM32CubeIDE_2.1.0/STM32CubeIDE/plugins/com.st.stm32cube.ide.mcu.externaltools.gnu-tools-for-stm32.14.3.rel1.win32_1.0.100.202602081740/tools/bin/../lib/gcc/arm-none-eabi/14.3.1/thumb/v7e-m+fp/hard/crtbegin.o
 *(.bss*)
 .bss.Timer1    0x20000090        0x2 ./Core/Src/fatfs_sd.o
                0x20000090                Timer1
 .bss.Timer2    0x20000092        0x2 ./Core/Src/fatfs_sd.o
                0x20000092                Timer2
 .bss.CardType  0x20000094        0x1 ./Core/Src/fatfs_sd.o
 .bss.PowerFlag
                0x20000095        0x1 ./Core/Src/fatfs_sd.o
 *fill*         0x20000096        0x2 
 .bss.busLookup
                0x20000098      0xc00 ./Core/Src/ili9341.o
                0x20000098                busLookup
 .bss.fs        0x20000c98     0x1038 ./Core/Src/main.o
                0x20000c98                fs
 .bss.fil       0x20001cd0     0x1030 ./Core/Src/main.o
                0x20001cd0                fil
 .bss.fres      0x20002d00        0x1 ./Core/Src/main.o
                0x20002d00                fres
 *fill*         0x20002d01        0x3 
 .bss.br        0x20002d04        0x4 ./Core/Src/main.o
                0x20002d04                br
 .bss.hi2c1     0x20002d08       0x54 ./Core/Src/main.o
                0x20002d08                hi2c1
 .bss.hspi1     0x20002d5c       0x58 ./Core/Src/main.o
                0x20002d5c                hspi1
 .bss.huart2    0x20002db4       0x48 ./Core/Src/main.o
                0x20002db4                huart2
 .bss.rxData    0x20002dfc        0x1 ./Core/Src/main.o
                0x20002dfc                rxData
 *fill*         0x20002dfd        0x3 
 .bss.msg       0x20002e00       0x32 ./Core/Src/main.o
                0x20002e00                msg
 *fill*         0x20002e32        0x2 
 .bss.__sbrk_heap_end
                0x20002e34        0x4 ./Core/Src/sysmem.o
 .bss.uwTick    0x20002e38        0x4 ./Drivers/STM32F4xx_HAL_Driver/Src/stm32f4xx_hal.o
                0x20002e38                uwTick
 .bss.retUSER   0x20002e3c        0x1 ./FATFS/App/fatfs.o
                0x20002e3c                retUSER
 *fill*         0x20002e3d        0x3 
 .bss.USERPath  0x20002e40        0x4 ./FATFS/App/fatfs.o
                0x20002e40                USERPath
 .bss.FatFs     0x20002e44        0x4 ./Middlewares/Third_Party/FatFs/src/ff.o
 .bss.Fsid      0x20002e48        0x2 ./Middlewares/Third_Party/FatFs/src/ff.o
 *fill*         0x20002e4a        0x2 
 .bss.Files     0x20002e4c       0x20 ./Middlewares/Third_Party/FatFs/src/ff.o
 .bss.LfnBuf    0x20002e6c      0x200 ./Middlewares/Third_Party/FatFs/src/ff.o
 .bss.disk      0x2000306c        0xc ./Middlewares/Third_Party/FatFs/src/ff_gen_drv.o
                0x2000306c                disk
 .bss.__sf      0x20003078      0x138 D:/Program Files/ST/STM32CubeIDE_2.1.0/STM32CubeIDE/plugins/com.st.stm32cube.ide.mcu.externaltools.gnu-tools-for-stm32.14.3.rel1.win32_1.0.100.202602081740/tools/bin/../lib/gcc/arm-none-eabi/14.3.1/../../../../arm-none-eabi/lib/thumb/v7e-m+fp/hard\libc_nano.a(libc_a-findfp.o)
                0x20003078                __sf
 .bss.errno     0x200031b0        0x4 D:/Program Files/ST/STM32CubeIDE_2.1.0/STM32CubeIDE/plugins/com.st.stm32cube.ide.mcu.externaltools.gnu-tools-for-stm32.14.3.rel1.win32_1.0.100.202602081740/tools/bin/../lib/gcc/arm-none-eabi/14.3.1/../../../../arm-none-eabi/lib/thumb/v7e-m+fp/hard\libc_nano.a(libc_a-reent.o)
                0x200031b0                errno
 .bss.__lock___malloc_recursive_mutex
                0x200031b4        0x1 D:/Program Files/ST/STM32CubeIDE_2.1.0/STM32CubeIDE/plugins/com.st.stm32cube.ide.mcu.externaltools.gnu-tools-for-stm32.14.3.rel1.win32_1.0.100.202602081740/tools/bin/../lib/gcc/arm-none-eabi/14.3.1/../../../../arm-none-eabi/lib/thumb/v7e-m+fp/hard\libc_nano.a(libc_a-lock.o)
                0x200031b4                __lock___malloc_recursive_mutex
 *fill*         0x200031b5        0x3 
 .bss.__malloc_sbrk_start
                0x200031b8        0x4 D:/Program Files/ST/STM32CubeIDE_2.1.0/STM32CubeIDE/plugins/com.st.stm32cube.ide.mcu.externaltools.gnu-tools-for-stm32.14.3.rel1.win32_1.0.100.202602081740/tools/bin/../lib/gcc/arm-none-eabi/14.3.1/../../../../arm-none-eabi/lib/thumb/v7e-m+fp/hard\libc_nano.a(libc_a-mallocr.o)
                0x200031b8                __malloc_sbrk_start
 .bss.__malloc_free_list
                0x200031bc        0x4 D:/Program Files/ST/STM32CubeIDE_2.1.0/STM32CubeIDE/plugins/com.st.stm32cube.ide.mcu.externaltools.gnu-tools-for-stm32.14.3.rel1.win32_1.0.100.202602081740/tools/bin/../lib/gcc/arm-none-eabi/14.3.1/../../../../arm-none-eabi/lib/thumb/v7e-m+fp/hard\libc_nano.a(libc_a-mallocr.o)
                0x200031bc                __malloc_free_list
 *(COMMON)
                0x200031c0                        . = ALIGN (0x4)
                0x200031c0                        _ebss = .
                0x200031c0                        __bss_end__ = _ebss

._user_heap_stack
                0x200031c0      0x600 load address 0x08009e04
                0x200031c0                        . = ALIGN (0x8)
                [!provide]                        PROVIDE (end = .)
                0x200031c0                        PROVIDE (_end = .)
                0x200033c0                        . = (. + _Min_Heap_Size)
 *fill*         0x200031c0      0x200 
                0x200037c0                        . = (. + _Min_Stack_Size)
 *fill*         0x200033c0      0x400 
                0x200037c0                        . = ALIGN (0x8)

/DISCARD/
 libc.a(*)
 libm.a(*)
 libgcc.a(*)

.ARM.attributes
                0x00000000       0x30
 *(.ARM.attributes)
 .ARM.attributes
                0x00000000       0x22 D:/Program Files/ST/STM32CubeIDE_2.1.0/STM32CubeIDE/plugins/com.st.stm32cube.ide.mcu.externaltools.gnu-tools-for-stm32.14.3.rel1.win32_1.0.100.202602081740/tools/bin/../lib/gcc/arm-none-eabi/14.3.1/thumb/v7e-m+fp/hard/crti.o
 .ARM.attributes
                0x00000022       0x34 D:/Program Files/ST/STM32CubeIDE_2.1.0/STM32CubeIDE/plugins/com.st.stm32cube.ide.mcu.externaltools.gnu-tools-for-stm32.14.3.rel1.win32_1.0.100.202602081740/tools/bin/../lib/gcc/arm-none-eabi/14.3.1/thumb/v7e-m+fp/hard/crtbegin.o
 .ARM.attributes
                0x00000056       0x34 ./Core/Src/fatfs_sd.o
 .ARM.attributes
                0x0000008a       0x34 ./Core/Src/ili9341.o
 .ARM.attributes
                0x000000be       0x34 ./Core/Src/main.o
 .ARM.attributes
                0x000000f2       0x34 ./Core/Src/stm32f4xx_hal_msp.o
 .ARM.attributes
                0x00000126       0x34 ./Core/Src/stm32f4xx_it.o
 .ARM.attributes
                0x0000015a       0x34 ./Core/Src/sysmem.o
 .ARM.attributes
                0x0000018e       0x34 ./Core/Src/system_stm32f4xx.o
 .ARM.attributes
                0x000001c2       0x21 ./Core/Startup/startup_stm32f446retx.o
 .ARM.attributes
                0x000001e3       0x34 ./Drivers/STM32F4xx_HAL_Driver/Src/stm32f4xx_hal.o
 .ARM.attributes
                0x00000217       0x34 ./Drivers/STM32F4xx_HAL_Driver/Src/stm32f4xx_hal_cortex.o
 .ARM.attributes
                0x0000024b       0x34 ./Drivers/STM32F4xx_HAL_Driver/Src/stm32f4xx_hal_dma.o
 .ARM.attributes
                0x0000027f       0x34 ./Drivers/STM32F4xx_HAL_Driver/Src/stm32f4xx_hal_gpio.o
 .ARM.attributes
                0x000002b3       0x34 ./Drivers/STM32F4xx_HAL_Driver/Src/stm32f4xx_hal_i2c.o
 .ARM.attributes
                0x000002e7       0x34 ./Drivers/STM32F4xx_HAL_Driver/Src/stm32f4xx_hal_rcc.o
 .ARM.attributes
                0x0000031b       0x34 ./Drivers/STM32F4xx_HAL_Driver/Src/stm32f4xx_hal_rcc_ex.o
 .ARM.attributes
                0x0000034f       0x34 ./Drivers/STM32F4xx_HAL_Driver/Src/stm32f4xx_hal_spi.o
 .ARM.attributes
                0x00000383       0x34 ./Drivers/STM32F4xx_HAL_Driver/Src/stm32f4xx_hal_uart.o
 .ARM.attributes
                0x000003b7       0x34 ./FATFS/App/fatfs.o
 .ARM.attributes
                0x000003eb       0x34 ./FATFS/Target/user_diskio.o
 .ARM.attributes
                0x0000041f       0x34 ./Middlewares/Third_Party/FatFs/src/diskio.o
 .ARM.attributes
                0x00000453       0x34 ./Middlewares/Third_Party/FatFs/src/ff.o
 .ARM.attributes
                0x00000487       0x34 ./Middlewares/Third_Party/FatFs/src/ff_gen_drv.o
 .ARM.attributes
                0x000004bb       0x34 ./Middlewares/Third_Party/FatFs/src/option/ccsbcs.o
 .ARM.attributes
                0x000004ef       0x34 D:/Program Files/ST/STM32CubeIDE_2.1.0/STM32CubeIDE/plugins/com.st.stm32cube.ide.mcu.externaltools.gnu-tools-for-stm32.14.3.rel1.win32_1.0.100.202602081740/tools/bin/../lib/gcc/arm-none-eabi/14.3.1/../../../../arm-none-eabi/lib/thumb/v7e-m+fp/hard\libc_nano.a(libc_a-findfp.o)
 .ARM.attributes
                0x00000523       0x34 D:/Program Files/ST/STM32CubeIDE_2.1.0/STM32CubeIDE/plugins/com.st.stm32cube.ide.mcu.externaltools.gnu-tools-for-stm32.14.3.rel1.win32_1.0.100.202602081740/tools/bin/../lib/gcc/arm-none-eabi/14.3.1/../../../../arm-none-eabi/lib/thumb/v7e-m+fp/hard\libc_nano.a(libc_a-sprintf.o)
 .ARM.attributes
                0x00000557       0x34 D:/Program Files/ST/STM32CubeIDE_2.1.0/STM32CubeIDE/plugins/com.st.stm32cube.ide.mcu.externaltools.gnu-tools-for-stm32.14.3.rel1.win32_1.0.100.202602081740/tools/bin/../lib/gcc/arm-none-eabi/14.3.1/../../../../arm-none-eabi/lib/thumb/v7e-m+fp/hard\libc_nano.a(libc_a-memset.o)
 .ARM.attributes
                0x0000058b       0x34 D:/Program Files/ST/STM32CubeIDE_2.1.0/STM32CubeIDE/plugins/com.st.stm32cube.ide.mcu.externaltools.gnu-tools-for-stm32.14.3.rel1.win32_1.0.100.202602081740/tools/bin/../lib/gcc/arm-none-eabi/14.3.1/../../../../arm-none-eabi/lib/thumb/v7e-m+fp/hard\libc_nano.a(libc_a-reent.o)
 .ARM.attributes
                0x000005bf       0x34 D:/Program Files/ST/STM32CubeIDE_2.1.0/STM32CubeIDE/plugins/com.st.stm32cube.ide.mcu.externaltools.gnu-tools-for-stm32.14.3.rel1.win32_1.0.100.202602081740/tools/bin/../lib/gcc/arm-none-eabi/14.3.1/../../../../arm-none-eabi/lib/thumb/v7e-m+fp/hard\libc_nano.a(libc_a-impure.o)
 .ARM.attributes
                0x000005f3       0x34 D:/Program Files/ST/STM32CubeIDE_2.1.0/STM32CubeIDE/plugins/com.st.stm32cube.ide.mcu.externaltools.gnu-tools-for-stm32.14.3.rel1.win32_1.0.100.202602081740/tools/bin/../lib/gcc/arm-none-eabi/14.3.1/../../../../arm-none-eabi/lib/thumb/v7e-m+fp/hard\libc_nano.a(libc_a-errno.o)
 .ARM.attributes
                0x00000627       0x34 D:/Program Files/ST/STM32CubeIDE_2.1.0/STM32CubeIDE/plugins/com.st.stm32cube.ide.mcu.externaltools.gnu-tools-for-stm32.14.3.rel1.win32_1.0.100.202602081740/tools/bin/../lib/gcc/arm-none-eabi/14.3.1/../../../../arm-none-eabi/lib/thumb/v7e-m+fp/hard\libc_nano.a(libc_a-init.o)
 .ARM.attributes
                0x0000065b       0x34 D:/Program Files/ST/STM32CubeIDE_2.1.0/STM32CubeIDE/plugins/com.st.stm32cube.ide.mcu.externaltools.gnu-tools-for-stm32.14.3.rel1.win32_1.0.100.202602081740/tools/bin/../lib/gcc/arm-none-eabi/14.3.1/../../../../arm-none-eabi/lib/thumb/v7e-m+fp/hard\libc_nano.a(libc_a-lock.o)
 .ARM.attributes
                0x0000068f       0x17 D:/Program Files/ST/STM32CubeIDE_2.1.0/STM32CubeIDE/plugins/com.st.stm32cube.ide.mcu.externaltools.gnu-tools-for-stm32.14.3.rel1.win32_1.0.100.202602081740/tools/bin/../lib/gcc/arm-none-eabi/14.3.1/../../../../arm-none-eabi/lib/thumb/v7e-m+fp/hard\libc_nano.a(libc_a-strlen.o)
 .ARM.attributes
                0x000006a6       0x34 D:/Program Files/ST/STM32CubeIDE_2.1.0/STM32CubeIDE/plugins/com.st.stm32cube.ide.mcu.externaltools.gnu-tools-for-stm32.14.3.rel1.win32_1.0.100.202602081740/tools/bin/../lib/gcc/arm-none-eabi/14.3.1/../../../../arm-none-eabi/lib/thumb/v7e-m+fp/hard\libc_nano.a(libc_a-freer.o)
 .ARM.attributes
                0x000006da       0x34 D:/Program Files/ST/STM32CubeIDE_2.1.0/STM32CubeIDE/plugins/com.st.stm32cube.ide.mcu.externaltools.gnu-tools-for-stm32.14.3.rel1.win32_1.0.100.202602081740/tools/bin/../lib/gcc/arm-none-eabi/14.3.1/../../../../arm-none-eabi/lib/thumb/v7e-m+fp/hard\libc_nano.a(libc_a-mallocr.o)
 .ARM.attributes
                0x0000070e       0x34 D:/Program Files/ST/STM32CubeIDE_2.1.0/STM32CubeIDE/plugins/com.st.stm32cube.ide.mcu.externaltools.gnu-tools-for-stm32.14.3.rel1.win32_1.0.100.202602081740/tools/bin/../lib/gcc/arm-none-eabi/14.3.1/../../../../arm-none-eabi/lib/thumb/v7e-m+fp/hard\libc_nano.a(libc_a-mlock.o)
 .ARM.attributes
                0x00000742       0x34 D:/Program Files/ST/STM32CubeIDE_2.1.0/STM32CubeIDE/plugins/com.st.stm32cube.ide.mcu.externaltools.gnu-tools-for-stm32.14.3.rel1.win32_1.0.100.202602081740/tools/bin/../lib/gcc/arm-none-eabi/14.3.1/../../../../arm-none-eabi/lib/thumb/v7e-m+fp/hard\libc_nano.a(libc_a-nano-svfprintf.o)
 .ARM.attributes
                0x00000776       0x34 D:/Program Files/ST/STM32CubeIDE_2.1.0/STM32CubeIDE/plugins/com.st.stm32cube.ide.mcu.externaltools.gnu-tools-for-stm32.14.3.rel1.win32_1.0.100.202602081740/tools/bin/../lib/gcc/arm-none-eabi/14.3.1/../../../../arm-none-eabi/lib/thumb/v7e-m+fp/hard\libc_nano.a(libc_a-nano-vfprintf_i.o)
 .ARM.attributes
                0x000007aa       0x34 D:/Program Files/ST/STM32CubeIDE_2.1.0/STM32CubeIDE/plugins/com.st.stm32cube.ide.mcu.externaltools.gnu-tools-for-stm32.14.3.rel1.win32_1.0.100.202602081740/tools/bin/../lib/gcc/arm-none-eabi/14.3.1/../../../../arm-none-eabi/lib/thumb/v7e-m+fp/hard\libc_nano.a(libc_a-memmove.o)
 .ARM.attributes
                0x000007de       0x34 D:/Program Files/ST/STM32CubeIDE_2.1.0/STM32CubeIDE/plugins/com.st.stm32cube.ide.mcu.externaltools.gnu-tools-for-stm32.14.3.rel1.win32_1.0.100.202602081740/tools/bin/../lib/gcc/arm-none-eabi/14.3.1/../../../../arm-none-eabi/lib/thumb/v7e-m+fp/hard\libc_nano.a(libc_a-sbrkr.o)
 .ARM.attributes
                0x00000812       0x1c D:/Program Files/ST/STM32CubeIDE_2.1.0/STM32CubeIDE/plugins/com.st.stm32cube.ide.mcu.externaltools.gnu-tools-for-stm32.14.3.rel1.win32_1.0.100.202602081740/tools/bin/../lib/gcc/arm-none-eabi/14.3.1/../../../../arm-none-eabi/lib/thumb/v7e-m+fp/hard\libc_nano.a(libc_a-memchr.o)
 .ARM.attributes
                0x0000082e       0x34 D:/Program Files/ST/STM32CubeIDE_2.1.0/STM32CubeIDE/plugins/com.st.stm32cube.ide.mcu.externaltools.gnu-tools-for-stm32.14.3.rel1.win32_1.0.100.202602081740/tools/bin/../lib/gcc/arm-none-eabi/14.3.1/../../../../arm-none-eabi/lib/thumb/v7e-m+fp/hard\libc_nano.a(libc_a-memcpy-stub.o)
 .ARM.attributes
                0x00000862       0x34 D:/Program Files/ST/STM32CubeIDE_2.1.0/STM32CubeIDE/plugins/com.st.stm32cube.ide.mcu.externaltools.gnu-tools-for-stm32.14.3.rel1.win32_1.0.100.202602081740/tools/bin/../lib/gcc/arm-none-eabi/14.3.1/../../../../arm-none-eabi/lib/thumb/v7e-m+fp/hard\libc_nano.a(libc_a-reallocr.o)
 .ARM.attributes
                0x00000896       0x34 D:/Program Files/ST/STM32CubeIDE_2.1.0/STM32CubeIDE/plugins/com.st.stm32cube.ide.mcu.externaltools.gnu-tools-for-stm32.14.3.rel1.win32_1.0.100.202602081740/tools/bin/../lib/gcc/arm-none-eabi/14.3.1/../../../../arm-none-eabi/lib/thumb/v7e-m+fp/hard\libc_nano.a(libc_a-msizer.o)
 .ARM.attributes
                0x000008ca       0x22 D:/Program Files/ST/STM32CubeIDE_2.1.0/STM32CubeIDE/plugins/com.st.stm32cube.ide.mcu.externaltools.gnu-tools-for-stm32.14.3.rel1.win32_1.0.100.202602081740/tools/bin/../lib/gcc/arm-none-eabi/14.3.1/thumb/v7e-m+fp/hard\libgcc.a(_aeabi_uldivmod.o)
 .ARM.attributes
                0x000008ec       0x34 D:/Program Files/ST/STM32CubeIDE_2.1.0/STM32CubeIDE/plugins/com.st.stm32cube.ide.mcu.externaltools.gnu-tools-for-stm32.14.3.rel1.win32_1.0.100.202602081740/tools/bin/../lib/gcc/arm-none-eabi/14.3.1/thumb/v7e-m+fp/hard\libgcc.a(_udivmoddi4.o)
 .ARM.attributes
                0x00000920       0x22 D:/Program Files/ST/STM32CubeIDE_2.1.0/STM32CubeIDE/plugins/com.st.stm32cube.ide.mcu.externaltools.gnu-tools-for-stm32.14.3.rel1.win32_1.0.100.202602081740/tools/bin/../lib/gcc/arm-none-eabi/14.3.1/thumb/v7e-m+fp/hard\libgcc.a(_dvmd_tls.o)
 .ARM.attributes
                0x00000942       0x22 D:/Program Files/ST/STM32CubeIDE_2.1.0/STM32CubeIDE/plugins/com.st.stm32cube.ide.mcu.externaltools.gnu-tools-for-stm32.14.3.rel1.win32_1.0.100.202602081740/tools/bin/../lib/gcc/arm-none-eabi/14.3.1/thumb/v7e-m+fp/hard/crtn.o
OUTPUT(MAIN_MCU.elf elf32-littlearm)
LOAD linker stubs
LOAD D:/Program Files/ST/STM32CubeIDE_2.1.0/STM32CubeIDE/plugins/com.st.stm32cube.ide.mcu.externaltools.gnu-tools-for-stm32.14.3.rel1.win32_1.0.100.202602081740/tools/bin/../lib/gcc/arm-none-eabi/14.3.1/../../../../arm-none-eabi/lib/thumb/v7e-m+fp/hard\libc.a
LOAD D:/Program Files/ST/STM32CubeIDE_2.1.0/STM32CubeIDE/plugins/com.st.stm32cube.ide.mcu.externaltools.gnu-tools-for-stm32.14.3.rel1.win32_1.0.100.202602081740/tools/bin/../lib/gcc/arm-none-eabi/14.3.1/../../../../arm-none-eabi/lib/thumb/v7e-m+fp/hard\libm.a
LOAD D:/Program Files/ST/STM32CubeIDE_2.1.0/STM32CubeIDE/plugins/com.st.stm32cube.ide.mcu.externaltools.gnu-tools-for-stm32.14.3.rel1.win32_1.0.100.202602081740/tools/bin/../lib/gcc/arm-none-eabi/14.3.1/thumb/v7e-m+fp/hard\libgcc.a

.debug_info     0x00000000    0x12e1b
 .debug_info    0x00000000      0xc65 ./Core/Src/fatfs_sd.o
 .debug_info    0x00000c65      0xdc5 ./Core/Src/ili9341.o
 .debug_info    0x00001a2a     0x1aa7 ./Core/Src/main.o
 .debug_info    0x000034d1     0x11be ./Core/Src/stm32f4xx_hal_msp.o
 .debug_info    0x0000468f      0x6cd ./Core/Src/stm32f4xx_it.o
 .debug_info    0x00004d5c      0x168 ./Core/Src/sysmem.o
 .debug_info    0x00004ec4      0x54a ./Core/Src/system_stm32f4xx.o
 .debug_info    0x0000540e       0x30 ./Core/Startup/startup_stm32f446retx.o
 .debug_info    0x0000543e      0x99a ./Drivers/STM32F4xx_HAL_Driver/Src/stm32f4xx_hal.o
 .debug_info    0x00005dd8      0xdaa ./Drivers/STM32F4xx_HAL_Driver/Src/stm32f4xx_hal_cortex.o
 .debug_info    0x00006b82      0x8e7 ./Drivers/STM32F4xx_HAL_Driver/Src/stm32f4xx_hal_dma.o
 .debug_info    0x00007469      0x70b ./Drivers/STM32F4xx_HAL_Driver/Src/stm32f4xx_hal_gpio.o
 .debug_info    0x00007b74     0x2421 ./Drivers/STM32F4xx_HAL_Driver/Src/stm32f4xx_hal_i2c.o
 .debug_info    0x00009f95      0x8ff ./Drivers/STM32F4xx_HAL_Driver/Src/stm32f4xx_hal_rcc.o
 .debug_info    0x0000a894      0x960 ./Drivers/STM32F4xx_HAL_Driver/Src/stm32f4xx_hal_rcc_ex.o
 .debug_info    0x0000b1f4     0x1525 ./Drivers/STM32F4xx_HAL_Driver/Src/stm32f4xx_hal_spi.o
 .debug_info    0x0000c719     0x2f4f ./Drivers/STM32F4xx_HAL_Driver/Src/stm32f4xx_hal_uart.o
 .debug_info    0x0000f668      0x508 ./FATFS/App/fatfs.o
 .debug_info    0x0000fb70      0x3a5 ./FATFS/Target/user_diskio.o
 .debug_info    0x0000ff15      0x3df ./Middlewares/Third_Party/FatFs/src/diskio.o
 .debug_info    0x000102f4     0x25ef ./Middlewares/Third_Party/FatFs/src/ff.o
 .debug_info    0x000128e3      0x37f ./Middlewares/Third_Party/FatFs/src/ff_gen_drv.o
 .debug_info    0x00012c62      0x1b9 ./Middlewares/Third_Party/FatFs/src/option/ccsbcs.o

.debug_abbrev   0x00000000     0x2de9
 .debug_abbrev  0x00000000      0x2fa ./Core/Src/fatfs_sd.o
 .debug_abbrev  0x000002fa      0x25f ./Core/Src/ili9341.o
 .debug_abbrev  0x00000559      0x38a ./Core/Src/main.o
 .debug_abbrev  0x000008e3      0x1f9 ./Core/Src/stm32f4xx_hal_msp.o
 .debug_abbrev  0x00000adc      0x183 ./Core/Src/stm32f4xx_it.o
 .debug_abbrev  0x00000c5f       0xbc ./Core/Src/sysmem.o
 .debug_abbrev  0x00000d1b      0x11a ./Core/Src/system_stm32f4xx.o
 .debug_abbrev  0x00000e35       0x24 ./Core/Startup/startup_stm32f446retx.o
 .debug_abbrev  0x00000e59      0x214 ./Drivers/STM32F4xx_HAL_Driver/Src/stm32f4xx_hal.o
 .debug_abbrev  0x0000106d      0x31d ./Drivers/STM32F4xx_HAL_Driver/Src/stm32f4xx_hal_cortex.o
 .debug_abbrev  0x0000138a      0x264 ./Drivers/STM32F4xx_HAL_Driver/Src/stm32f4xx_hal_dma.o
 .debug_abbrev  0x000015ee      0x1d4 ./Drivers/STM32F4xx_HAL_Driver/Src/stm32f4xx_hal_gpio.o
 .debug_abbrev  0x000017c2      0x2ad ./Drivers/STM32F4xx_HAL_Driver/Src/stm32f4xx_hal_i2c.o
 .debug_abbrev  0x00001a6f      0x2b7 ./Drivers/STM32F4xx_HAL_Driver/Src/stm32f4xx_hal_rcc.o
 .debug_abbrev  0x00001d26      0x211 ./Drivers/STM32F4xx_HAL_Driver/Src/stm32f4xx_hal_rcc_ex.o
 .debug_abbrev  0x00001f37      0x27a ./Drivers/STM32F4xx_HAL_Driver/Src/stm32f4xx_hal_spi.o
 .debug_abbrev  0x000021b1      0x30e ./Drivers/STM32F4xx_HAL_Driver/Src/stm32f4xx_hal_uart.o
 .debug_abbrev  0x000024bf      0x15e ./FATFS/App/fatfs.o
 .debug_abbrev  0x0000261d      0x144 ./FATFS/Target/user_diskio.o
 .debug_abbrev  0x00002761      0x181 ./Middlewares/Third_Party/FatFs/src/diskio.o
 .debug_abbrev  0x000028e2      0x28a ./Middlewares/Third_Party/FatFs/src/ff.o
 .debug_abbrev  0x00002b6c      0x19f ./Middlewares/Third_Party/FatFs/src/ff_gen_drv.o
 .debug_abbrev  0x00002d0b       0xde ./Middlewares/Third_Party/FatFs/src/option/ccsbcs.o

.debug_aranges  0x00000000     0x10e0
 .debug_aranges
                0x00000000       0xa8 ./Core/Src/fatfs_sd.o
 .debug_aranges
                0x000000a8       0xa8 ./Core/Src/ili9341.o
 .debug_aranges
                0x00000150       0x90 ./Core/Src/main.o
 .debug_aranges
                0x000001e0       0x50 ./Core/Src/stm32f4xx_hal_msp.o
 .debug_aranges
                0x00000230       0x70 ./Core/Src/stm32f4xx_it.o
 .debug_aranges
                0x000002a0       0x20 ./Core/Src/sysmem.o
 .debug_aranges
                0x000002c0       0x28 ./Core/Src/system_stm32f4xx.o
 .debug_aranges
                0x000002e8       0x28 ./Core/Startup/startup_stm32f446retx.o
 .debug_aranges
                0x00000310       0xf0 ./Drivers/STM32F4xx_HAL_Driver/Src/stm32f4xx_hal.o
 .debug_aranges
                0x00000400      0x130 ./Drivers/STM32F4xx_HAL_Driver/Src/stm32f4xx_hal_cortex.o
 .debug_aranges
                0x00000530       0x90 ./Drivers/STM32F4xx_HAL_Driver/Src/stm32f4xx_hal_dma.o
 .debug_aranges
                0x000005c0       0x58 ./Drivers/STM32F4xx_HAL_Driver/Src/stm32f4xx_hal_gpio.o
 .debug_aranges
                0x00000618      0x2a8 ./Drivers/STM32F4xx_HAL_Driver/Src/stm32f4xx_hal_i2c.o
 .debug_aranges
                0x000008c0       0x88 ./Drivers/STM32F4xx_HAL_Driver/Src/stm32f4xx_hal_rcc.o
 .debug_aranges
                0x00000948       0x78 ./Drivers/STM32F4xx_HAL_Driver/Src/stm32f4xx_hal_rcc_ex.o
 .debug_aranges
                0x000009c0      0x1d0 ./Drivers/STM32F4xx_HAL_Driver/Src/stm32f4xx_hal_spi.o
 .debug_aranges
                0x00000b90      0x208 ./Drivers/STM32F4xx_HAL_Driver/Src/stm32f4xx_hal_uart.o
 .debug_aranges
                0x00000d98       0x28 ./FATFS/App/fatfs.o
 .debug_aranges
                0x00000dc0       0x40 ./FATFS/Target/user_diskio.o
 .debug_aranges
                0x00000e00       0x48 ./Middlewares/Third_Party/FatFs/src/diskio.o
 .debug_aranges
                0x00000e48      0x230 ./Middlewares/Third_Party/FatFs/src/ff.o
 .debug_aranges
                0x00001078       0x40 ./Middlewares/Third_Party/FatFs/src/ff_gen_drv.o
 .debug_aranges
                0x000010b8       0x28 ./Middlewares/Third_Party/FatFs/src/option/ccsbcs.o

.debug_rnglists
                0x00000000      0xd2a
 .debug_rnglists
                0x00000000       0x80 ./Core/Src/fatfs_sd.o
 .debug_rnglists
                0x00000080       0x87 ./Core/Src/ili9341.o
 .debug_rnglists
                0x00000107       0x6a ./Core/Src/main.o
 .debug_rnglists
                0x00000171       0x3a ./Core/Src/stm32f4xx_hal_msp.o
 .debug_rnglists
                0x000001ab       0x4f ./Core/Src/stm32f4xx_it.o
 .debug_rnglists
                0x000001fa       0x13 ./Core/Src/sysmem.o
 .debug_rnglists
                0x0000020d       0x1a ./Core/Src/system_stm32f4xx.o
 .debug_rnglists
                0x00000227       0x19 ./Core/Startup/startup_stm32f446retx.o
 .debug_rnglists
                0x00000240       0xaf ./Drivers/STM32F4xx_HAL_Driver/Src/stm32f4xx_hal.o
 .debug_rnglists
                0x000002ef       0xe0 ./Drivers/STM32F4xx_HAL_Driver/Src/stm32f4xx_hal_cortex.o
 .debug_rnglists
                0x000003cf       0x70 ./Drivers/STM32F4xx_HAL_Driver/Src/stm32f4xx_hal_dma.o
 .debug_rnglists
                0x0000043f       0x3f ./Drivers/STM32F4xx_HAL_Driver/Src/stm32f4xx_hal_gpio.o
 .debug_rnglists
                0x0000047e      0x23c ./Drivers/STM32F4xx_HAL_Driver/Src/stm32f4xx_hal_i2c.o
 .debug_rnglists
                0x000006ba       0x66 ./Drivers/STM32F4xx_HAL_Driver/Src/stm32f4xx_hal_rcc.o
 .debug_rnglists
                0x00000720       0x5e ./Drivers/STM32F4xx_HAL_Driver/Src/stm32f4xx_hal_rcc_ex.o
 .debug_rnglists
                0x0000077e      0x16f ./Drivers/STM32F4xx_HAL_Driver/Src/stm32f4xx_hal_spi.o
 .debug_rnglists
                0x000008ed      0x1bc ./Drivers/STM32F4xx_HAL_Driver/Src/stm32f4xx_hal_uart.o
 .debug_rnglists
                0x00000aa9       0x19 ./FATFS/App/fatfs.o
 .debug_rnglists
                0x00000ac2       0x2b ./FATFS/Target/user_diskio.o
 .debug_rnglists
                0x00000aed       0x31 ./Middlewares/Third_Party/FatFs/src/diskio.o
 .debug_rnglists
                0x00000b1e      0x1c6 ./Middlewares/Third_Party/FatFs/src/ff.o
 .debug_rnglists
                0x00000ce4       0x2c ./Middlewares/Third_Party/FatFs/src/ff_gen_drv.o
 .debug_rnglists
                0x00000d10       0x1a ./Middlewares/Third_Party/FatFs/src/option/ccsbcs.o

.debug_macro    0x00000000    0x24374
 .debug_macro   0x00000000      0x30f ./Core/Src/fatfs_sd.o
 .debug_macro   0x0000030f      0xad8 ./Core/Src/fatfs_sd.o
 .debug_macro   0x00000de7      0x2a1 ./Core/Src/fatfs_sd.o
 .debug_macro   0x00001088       0x2e ./Core/Src/fatfs_sd.o
 .debug_macro   0x000010b6       0x28 ./Core/Src/fatfs_sd.o
 .debug_macro   0x000010de       0x22 ./Core/Src/fatfs_sd.o
 .debug_macro   0x00001100       0x8e ./Core/Src/fatfs_sd.o
 .debug_macro   0x0000118e       0x51 ./Core/Src/fatfs_sd.o
 .debug_macro   0x000011df      0x103 ./Core/Src/fatfs_sd.o
 .debug_macro   0x000012e2       0x6a ./Core/Src/fatfs_sd.o
 .debug_macro   0x0000134c      0x1df ./Core/Src/fatfs_sd.o
 .debug_macro   0x0000152b       0x1c ./Core/Src/fatfs_sd.o
 .debug_macro   0x00001547       0x22 ./Core/Src/fatfs_sd.o
 .debug_macro   0x00001569       0xfb ./Core/Src/fatfs_sd.o
 .debug_macro   0x00001664     0x1011 ./Core/Src/fatfs_sd.o
 .debug_macro   0x00002675      0x11f ./Core/Src/fatfs_sd.o
 .debug_macro   0x00002794    0x1675e ./Core/Src/fatfs_sd.o
 .debug_macro   0x00018ef2       0x6d ./Core/Src/fatfs_sd.o
 .debug_macro   0x00018f5f     0x3693 ./Core/Src/fatfs_sd.o
 .debug_macro   0x0001c5f2      0x190 ./Core/Src/fatfs_sd.o
 .debug_macro   0x0001c782       0x5c ./Core/Src/fatfs_sd.o
 .debug_macro   0x0001c7de      0xca5 ./Core/Src/fatfs_sd.o
 .debug_macro   0x0001d483      0x9e9 ./Core/Src/fatfs_sd.o
 .debug_macro   0x0001de6c      0x115 ./Core/Src/fatfs_sd.o
 .debug_macro   0x0001df81      0x1a0 ./Core/Src/fatfs_sd.o
 .debug_macro   0x0001e121       0xa5 ./Core/Src/fatfs_sd.o
 .debug_macro   0x0001e1c6      0x16d ./Core/Src/fatfs_sd.o
 .debug_macro   0x0001e333      0x287 ./Core/Src/fatfs_sd.o
 .debug_macro   0x0001e5ba       0x5f ./Core/Src/fatfs_sd.o
 .debug_macro   0x0001e619      0x236 ./Core/Src/fatfs_sd.o
 .debug_macro   0x0001e84f      0x132 ./Core/Src/fatfs_sd.o
 .debug_macro   0x0001e981      0x29c ./Core/Src/fatfs_sd.o
 .debug_macro   0x0001ec1d       0x2e ./Core/Src/fatfs_sd.o
 .debug_macro   0x0001ec4b      0x1b5 ./Core/Src/fatfs_sd.o
 .debug_macro   0x0001ee00       0x22 ./Core/Src/fatfs_sd.o
 .debug_macro   0x0001ee22       0xd6 ./Core/Src/fatfs_sd.o
 .debug_macro   0x0001eef8      0x127 ./Core/Src/fatfs_sd.o
 .debug_macro   0x0001f01f       0xe8 ./Core/Src/fatfs_sd.o
 .debug_macro   0x0001f107       0x89 ./Core/Src/fatfs_sd.o
 .debug_macro   0x0001f190      0x225 ./Core/Src/fatfs_sd.o
 .debug_macro   0x0001f3b5      0x2aa ./Core/Src/fatfs_sd.o
 .debug_macro   0x0001f65f      0x126 ./Core/Src/fatfs_sd.o
 .debug_macro   0x0001f785       0x16 ./Core/Src/fatfs_sd.o
 .debug_macro   0x0001f79b       0x7c ./Core/Src/fatfs_sd.o
 .debug_macro   0x0001f817       0xb2 ./Core/Src/fatfs_sd.o
 .debug_macro   0x0001f8c9       0xe5 ./Core/Src/fatfs_sd.o
 .debug_macro   0x0001f9ae       0x2a ./Core/Src/fatfs_sd.o
 .debug_macro   0x0001f9d8       0x61 ./Core/Src/fatfs_sd.o
 .debug_macro   0x0001fa39       0x43 ./Core/Src/fatfs_sd.o
 .debug_macro   0x0001fa7c       0x34 ./Core/Src/fatfs_sd.o
 .debug_macro   0x0001fab0       0x16 ./Core/Src/fatfs_sd.o
 .debug_macro   0x0001fac6       0x3c ./Core/Src/fatfs_sd.o
 .debug_macro   0x0001fb02      0x364 ./Core/Src/fatfs_sd.o
 .debug_macro   0x0001fe66       0x16 ./Core/Src/fatfs_sd.o
 .debug_macro   0x0001fe7c       0x4a ./Core/Src/fatfs_sd.o
 .debug_macro   0x0001fec6       0x34 ./Core/Src/fatfs_sd.o
 .debug_macro   0x0001fefa       0x10 ./Core/Src/fatfs_sd.o
 .debug_macro   0x0001ff0a       0x58 ./Core/Src/fatfs_sd.o
 .debug_macro   0x0001ff62       0x8e ./Core/Src/fatfs_sd.o
 .debug_macro   0x0001fff0       0x1c ./Core/Src/fatfs_sd.o
 .debug_macro   0x0002000c      0x17e ./Core/Src/fatfs_sd.o
 .debug_macro   0x0002018a       0x16 ./Core/Src/fatfs_sd.o
 .debug_macro   0x000201a0       0x29 ./Core/Src/fatfs_sd.o
 .debug_macro   0x000201c9       0x12 ./Core/Src/fatfs_sd.o
 .debug_macro   0x000201db       0xe2 ./Core/Src/fatfs_sd.o
 .debug_macro   0x000202bd       0x94 ./Core/Src/fatfs_sd.o
 .debug_macro   0x00020351      0x386 ./Core/Src/ili9341.o
 .debug_macro   0x000206d7      0x11c ./Core/Src/ili9341.o
 .debug_macro   0x000207f3       0x9b ./Core/Src/ili9341.o
 .debug_macro   0x0002088e       0x16 ./Core/Src/ili9341.o
 .debug_macro   0x000208a4       0x20 ./Core/Src/ili9341.o
 .debug_macro   0x000208c4       0x22 ./Core/Src/ili9341.o
 .debug_macro   0x000208e6      0x118 ./Core/Src/ili9341.o
 .debug_macro   0x000209fe       0x3a ./Core/Src/ili9341.o
 .debug_macro   0x00020a38       0x56 ./Core/Src/ili9341.o
 .debug_macro   0x00020a8e       0xac ./Core/Src/ili9341.o
 .debug_macro   0x00020b3a      0x3c1 ./Core/Src/main.o
 .debug_macro   0x00020efb       0xeb ./Core/Src/main.o
 .debug_macro   0x00020fe6       0x8e ./Core/Src/main.o
 .debug_macro   0x00021074       0x1c ./Core/Src/main.o
 .debug_macro   0x00021090       0x10 ./Core/Src/main.o
 .debug_macro   0x000210a0       0x1c ./Core/Src/main.o
 .debug_macro   0x000210bc       0x16 ./Core/Src/main.o
 .debug_macro   0x000210d2      0x146 ./Core/Src/main.o
 .debug_macro   0x00021218      0x1ec ./Core/Src/stm32f4xx_hal_msp.o
 .debug_macro   0x00021404      0x1f6 ./Core/Src/stm32f4xx_it.o
 .debug_macro   0x000215fa      0x112 ./Core/Src/sysmem.o
 .debug_macro   0x0002170c      0x23c ./Core/Src/sysmem.o
 .debug_macro   0x00021948      0x1dd ./Core/Src/system_stm32f4xx.o
 .debug_macro   0x00021b25      0x23d ./Drivers/STM32F4xx_HAL_Driver/Src/stm32f4xx_hal.o
 .debug_macro   0x00021d62      0x1dd ./Drivers/STM32F4xx_HAL_Driver/Src/stm32f4xx_hal_cortex.o
 .debug_macro   0x00021f3f      0x1e3 ./Drivers/STM32F4xx_HAL_Driver/Src/stm32f4xx_hal_dma.o
 .debug_macro   0x00022122      0x1e3 ./Drivers/STM32F4xx_HAL_Driver/Src/stm32f4xx_hal_gpio.o
 .debug_macro   0x00022305      0x22b ./Drivers/STM32F4xx_HAL_Driver/Src/stm32f4xx_hal_i2c.o
 .debug_macro   0x00022530      0x201 ./Drivers/STM32F4xx_HAL_Driver/Src/stm32f4xx_hal_rcc.o
 .debug_macro   0x00022731      0x1dd ./Drivers/STM32F4xx_HAL_Driver/Src/stm32f4xx_hal_rcc_ex.o
 .debug_macro   0x0002290e      0x1ec ./Drivers/STM32F4xx_HAL_Driver/Src/stm32f4xx_hal_spi.o
 .debug_macro   0x00022afa      0x1de ./Drivers/STM32F4xx_HAL_Driver/Src/stm32f4xx_hal_uart.o
 .debug_macro   0x00022cd8      0x311 ./FATFS/App/fatfs.o
 .debug_macro   0x00022fe9      0x33f ./FATFS/Target/user_diskio.o
 .debug_macro   0x00023328      0x2fe ./Middlewares/Third_Party/FatFs/src/diskio.o
 .debug_macro   0x00023626      0x70c ./Middlewares/Third_Party/FatFs/src/ff.o
 .debug_macro   0x00023d32       0x58 ./Middlewares/Third_Party/FatFs/src/ff.o
 .debug_macro   0x00023d8a      0x2fe ./Middlewares/Third_Party/FatFs/src/ff_gen_drv.o
 .debug_macro   0x00024088      0x2ec ./Middlewares/Third_Party/FatFs/src/option/ccsbcs.o

.debug_line     0x00000000    0x1a470
 .debug_line    0x00000000     0x110b ./Core/Src/fatfs_sd.o
 .debug_line    0x0000110b     0x143e ./Core/Src/ili9341.o
 .debug_line    0x00002549      0xde3 ./Core/Src/main.o
 .debug_line    0x0000332c      0x90f ./Core/Src/stm32f4xx_hal_msp.o
 .debug_line    0x00003c3b      0x913 ./Core/Src/stm32f4xx_it.o
 .debug_line    0x0000454e      0x65b ./Core/Src/sysmem.o
 .debug_line    0x00004ba9      0x8a6 ./Core/Src/system_stm32f4xx.o
 .debug_line    0x0000544f       0x7a ./Core/Startup/startup_stm32f446retx.o
 .debug_line    0x000054c9      0xb16 ./Drivers/STM32F4xx_HAL_Driver/Src/stm32f4xx_hal.o
 .debug_line    0x00005fdf      0xde3 ./Drivers/STM32F4xx_HAL_Driver/Src/stm32f4xx_hal_cortex.o
 .debug_line    0x00006dc2     0x107f ./Drivers/STM32F4xx_HAL_Driver/Src/stm32f4xx_hal_dma.o
 .debug_line    0x00007e41      0xc54 ./Drivers/STM32F4xx_HAL_Driver/Src/stm32f4xx_hal_gpio.o
 .debug_line    0x00008a95     0x3bc0 ./Drivers/STM32F4xx_HAL_Driver/Src/stm32f4xx_hal_i2c.o
 .debug_line    0x0000c655      0xf2c ./Drivers/STM32F4xx_HAL_Driver/Src/stm32f4xx_hal_rcc.o
 .debug_line    0x0000d581     0x15dc ./Drivers/STM32F4xx_HAL_Driver/Src/stm32f4xx_hal_rcc_ex.o
 .debug_line    0x0000eb5d     0x1dae ./Drivers/STM32F4xx_HAL_Driver/Src/stm32f4xx_hal_spi.o
 .debug_line    0x0001090b     0x265b ./Drivers/STM32F4xx_HAL_Driver/Src/stm32f4xx_hal_uart.o
 .debug_line    0x00012f66      0xa23 ./FATFS/App/fatfs.o
 .debug_line    0x00013989      0xa83 ./FATFS/Target/user_diskio.o
 .debug_line    0x0001440c      0xaaf ./Middlewares/Third_Party/FatFs/src/diskio.o
 .debug_line    0x00014ebb     0x401f ./Middlewares/Third_Party/FatFs/src/ff.o
 .debug_line    0x00018eda      0xaac ./Middlewares/Third_Party/FatFs/src/ff_gen_drv.o
 .debug_line    0x00019986      0xaea ./Middlewares/Third_Party/FatFs/src/option/ccsbcs.o

.debug_str      0x00000000    0xd1229
 .debug_str     0x00000000    0xd1229 ./Core/Src/fatfs_sd.o
                              0xc9765 (size before relaxing)
 .debug_str     0x000d1229    0xcadee ./Core/Src/ili9341.o
 .debug_str     0x000d1229    0xcac5e ./Core/Src/main.o
 .debug_str     0x000d1229    0xc6733 ./Core/Src/stm32f4xx_hal_msp.o
 .debug_str     0x000d1229    0xc5d39 ./Core/Src/stm32f4xx_it.o
 .debug_str     0x000d1229     0x76fd ./Core/Src/sysmem.o
 .debug_str     0x000d1229    0xc5689 ./Core/Src/system_stm32f4xx.o
 .debug_str     0x000d1229       0x7e ./Core/Startup/startup_stm32f446retx.o
 .debug_str     0x000d1229    0xc6257 ./Drivers/STM32F4xx_HAL_Driver/Src/stm32f4xx_hal.o
 .debug_str     0x000d1229    0xc5fae ./Drivers/STM32F4xx_HAL_Driver/Src/stm32f4xx_hal_cortex.o
 .debug_str     0x000d1229    0xc5a87 ./Drivers/STM32F4xx_HAL_Driver/Src/stm32f4xx_hal_dma.o
 .debug_str     0x000d1229    0xc580d ./Drivers/STM32F4xx_HAL_Driver/Src/stm32f4xx_hal_gpio.o
 .debug_str     0x000d1229    0xc6690 ./Drivers/STM32F4xx_HAL_Driver/Src/stm32f4xx_hal_i2c.o
 .debug_str     0x000d1229    0xc5acb ./Drivers/STM32F4xx_HAL_Driver/Src/stm32f4xx_hal_rcc.o
 .debug_str     0x000d1229    0xc5afe ./Drivers/STM32F4xx_HAL_Driver/Src/stm32f4xx_hal_rcc_ex.o
 .debug_str     0x000d1229    0xc5f2b ./Drivers/STM32F4xx_HAL_Driver/Src/stm32f4xx_hal_spi.o
 .debug_str     0x000d1229    0xc6082 ./Drivers/STM32F4xx_HAL_Driver/Src/stm32f4xx_hal_uart.o
 .debug_str     0x000d1229    0xc910c ./FATFS/App/fatfs.o
 .debug_str     0x000d1229    0xc9236 ./FATFS/Target/user_diskio.o
 .debug_str     0x000d1229    0xc9008 ./Middlewares/Third_Party/FatFs/src/diskio.o
 .debug_str     0x000d1229    0xca30f ./Middlewares/Third_Party/FatFs/src/ff.o
 .debug_str     0x000d1229    0xc9059 ./Middlewares/Third_Party/FatFs/src/ff_gen_drv.o
 .debug_str     0x000d1229    0xc8ddd ./Middlewares/Third_Party/FatFs/src/option/ccsbcs.o

.comment        0x00000000       0x43
 .comment       0x00000000       0x43 ./Core/Src/fatfs_sd.o
                                 0x44 (size before relaxing)
 .comment       0x00000043       0x44 ./Core/Src/ili9341.o
 .comment       0x00000043       0x44 ./Core/Src/main.o
 .comment       0x00000043       0x44 ./Core/Src/stm32f4xx_hal_msp.o
 .comment       0x00000043       0x44 ./Core/Src/stm32f4xx_it.o
 .comment       0x00000043       0x44 ./Core/Src/sysmem.o
 .comment       0x00000043       0x44 ./Core/Src/system_stm32f4xx.o
 .comment       0x00000043       0x44 ./Drivers/STM32F4xx_HAL_Driver/Src/stm32f4xx_hal.o
 .comment       0x00000043       0x44 ./Drivers/STM32F4xx_HAL_Driver/Src/stm32f4xx_hal_cortex.o
 .comment       0x00000043       0x44 ./Drivers/STM32F4xx_HAL_Driver/Src/stm32f4xx_hal_dma.o
 .comment       0x00000043       0x44 ./Drivers/STM32F4xx_HAL_Driver/Src/stm32f4xx_hal_gpio.o
 .comment       0x00000043       0x44 ./Drivers/STM32F4xx_HAL_Driver/Src/stm32f4xx_hal_i2c.o
 .comment       0x00000043       0x44 ./Drivers/STM32F4xx_HAL_Driver/Src/stm32f4xx_hal_rcc.o
 .comment       0x00000043       0x44 ./Drivers/STM32F4xx_HAL_Driver/Src/stm32f4xx_hal_rcc_ex.o
 .comment       0x00000043       0x44 ./Drivers/STM32F4xx_HAL_Driver/Src/stm32f4xx_hal_spi.o
 .comment       0x00000043       0x44 ./Drivers/STM32F4xx_HAL_Driver/Src/stm32f4xx_hal_uart.o
 .comment       0x00000043       0x44 ./FATFS/App/fatfs.o
 .comment       0x00000043       0x44 ./FATFS/Target/user_diskio.o
 .comment       0x00000043       0x44 ./Middlewares/Third_Party/FatFs/src/diskio.o
 .comment       0x00000043       0x44 ./Middlewares/Third_Party/FatFs/src/ff.o
 .comment       0x00000043       0x44 ./Middlewares/Third_Party/FatFs/src/ff_gen_drv.o
 .comment       0x00000043       0x44 ./Middlewares/Third_Party/FatFs/src/option/ccsbcs.o

.debug_frame    0x00000000     0x48b8
 .debug_frame   0x00000000      0x280 ./Core/Src/fatfs_sd.o
 .debug_frame   0x00000280      0x2b4 ./Core/Src/ili9341.o
 .debug_frame   0x00000534      0x1fc ./Core/Src/main.o
 .debug_frame   0x00000730      0x10c ./Core/Src/stm32f4xx_hal_msp.o
 .debug_frame   0x0000083c      0x130 ./Core/Src/stm32f4xx_it.o
 .debug_frame   0x0000096c       0x34 ./Core/Src/sysmem.o
 .debug_frame   0x000009a0       0x50 ./Core/Src/system_stm32f4xx.o
 .debug_frame   0x000009f0      0x31c ./Drivers/STM32F4xx_HAL_Driver/Src/stm32f4xx_hal.o