Archive member included to satisfy reference by file (symbol)

D:/STM32CubeIDE_2.1.0/STM32CubeIDE/plugins/com.st.stm32cube.ide.mcu.externaltools.gnu-tools-for-stm32.14.3.rel1.win32_1.0.100.202602081740/tools/bin/../lib/gcc/arm-none-eabi/14.3.1/../../../../arm-none-eabi/lib/thumb/v7e-m+fp/hard\libc_nano.a(libc_a-exit.o)
                              D:/STM32CubeIDE_2.1.0/STM32CubeIDE/plugins/com.st.stm32cube.ide.mcu.externaltools.gnu-tools-for-stm32.14.3.rel1.win32_1.0.100.202602081740/tools/bin/../lib/gcc/arm-none-eabi/14.3.1/../../../../arm-none-eabi/lib/thumb/v7e-m+fp/hard/crt0.o (exit)
D:/STM32CubeIDE_2.1.0/STM32CubeIDE/plugins/com.st.stm32cube.ide.mcu.externaltools.gnu-tools-for-stm32.14.3.rel1.win32_1.0.100.202602081740/tools/bin/../lib/gcc/arm-none-eabi/14.3.1/../../../../arm-none-eabi/lib/thumb/v7e-m+fp/hard\libc_nano.a(libc_a-findfp.o)
                              D:/STM32CubeIDE_2.1.0/STM32CubeIDE/plugins/com.st.stm32cube.ide.mcu.externaltools.gnu-tools-for-stm32.14.3.rel1.win32_1.0.100.202602081740/tools/bin/../lib/gcc/arm-none-eabi/14.3.1/../../../../arm-none-eabi/lib/thumb/v7e-m+fp/hard\libc_nano.a(libc_a-exit.o) (__stdio_exit_handler)
D:/STM32CubeIDE_2.1.0/STM32CubeIDE/plugins/com.st.stm32cube.ide.mcu.externaltools.gnu-tools-for-stm32.14.3.rel1.win32_1.0.100.202602081740/tools/bin/../lib/gcc/arm-none-eabi/14.3.1/../../../../arm-none-eabi/lib/thumb/v7e-m+fp/hard\libc_nano.a(libc_a-fwalk.o)
                              D:/STM32CubeIDE_2.1.0/STM32CubeIDE/plugins/com.st.stm32cube.ide.mcu.externaltools.gnu-tools-for-stm32.14.3.rel1.win32_1.0.100.202602081740/tools/bin/../lib/gcc/arm-none-eabi/14.3.1/../../../../arm-none-eabi/lib/thumb/v7e-m+fp/hard\libc_nano.a(libc_a-findfp.o) (_fwalk_sglue)
D:/STM32CubeIDE_2.1.0/STM32CubeIDE/plugins/com.st.stm32cube.ide.mcu.externaltools.gnu-tools-for-stm32.14.3.rel1.win32_1.0.100.202602081740/tools/bin/../lib/gcc/arm-none-eabi/14.3.1/../../../../arm-none-eabi/lib/thumb/v7e-m+fp/hard\libc_nano.a(libc_a-sprintf.o)
                              ./Core/Src/fatfs_sd.o (sprintf)
D:/STM32CubeIDE_2.1.0/STM32CubeIDE/plugins/com.st.stm32cube.ide.mcu.externaltools.gnu-tools-for-stm32.14.3.rel1.win32_1.0.100.202602081740/tools/bin/../lib/gcc/arm-none-eabi/14.3.1/../../../../arm-none-eabi/lib/thumb/v7e-m+fp/hard\libc_nano.a(libc_a-stdio.o)
                              D:/STM32CubeIDE_2.1.0/STM32CubeIDE/plugins/com.st.stm32cube.ide.mcu.externaltools.gnu-tools-for-stm32.14.3.rel1.win32_1.0.100.202602081740/tools/bin/../lib/gcc/arm-none-eabi/14.3.1/../../../../arm-none-eabi/lib/thumb/v7e-m+fp/hard\libc_nano.a(libc_a-findfp.o) (__sread)
D:/STM32CubeIDE_2.1.0/STM32CubeIDE/plugins/com.st.stm32cube.ide.mcu.externaltools.gnu-tools-for-stm32.14.3.rel1.win32_1.0.100.202602081740/tools/bin/../lib/gcc/arm-none-eabi/14.3.1/../../../../arm-none-eabi/lib/thumb/v7e-m+fp/hard\libc_nano.a(libc_a-memset.o)
                              D:/STM32CubeIDE_2.1.0/STM32CubeIDE/plugins/com.st.stm32cube.ide.mcu.externaltools.gnu-tools-for-stm32.14.3.rel1.win32_1.0.100.202602081740/tools/bin/../lib/gcc/arm-none-eabi/14.3.1/../../../../arm-none-eabi/lib/thumb/v7e-m+fp/hard/crt0.o (memset)
D:/STM32CubeIDE_2.1.0/STM32CubeIDE/plugins/com.st.stm32cube.ide.mcu.externaltools.gnu-tools-for-stm32.14.3.rel1.win32_1.0.100.202602081740/tools/bin/../lib/gcc/arm-none-eabi/14.3.1/../../../../arm-none-eabi/lib/thumb/v7e-m+fp/hard\libc_nano.a(libc_a-closer.o)
                              D:/STM32CubeIDE_2.1.0/STM32CubeIDE/plugins/com.st.stm32cube.ide.mcu.externaltools.gnu-tools-for-stm32.14.3.rel1.win32_1.0.100.202602081740/tools/bin/../lib/gcc/arm-none-eabi/14.3.1/../../../../arm-none-eabi/lib/thumb/v7e-m+fp/hard\libc_nano.a(libc_a-stdio.o) (_close_r)
D:/STM32CubeIDE_2.1.0/STM32CubeIDE/plugins/com.st.stm32cube.ide.mcu.externaltools.gnu-tools-for-stm32.14.3.rel1.win32_1.0.100.202602081740/tools/bin/../lib/gcc/arm-none-eabi/14.3.1/../../../../arm-none-eabi/lib/thumb/v7e-m+fp/hard\libc_nano.a(libc_a-reent.o)
                              D:/STM32CubeIDE_2.1.0/STM32CubeIDE/plugins/com.st.stm32cube.ide.mcu.externaltools.gnu-tools-for-stm32.14.3.rel1.win32_1.0.100.202602081740/tools/bin/../lib/gcc/arm-none-eabi/14.3.1/../../../../arm-none-eabi/lib/thumb/v7e-m+fp/hard\libc_nano.a(libc_a-closer.o) (errno)
D:/STM32CubeIDE_2.1.0/STM32CubeIDE/plugins/com.st.stm32cube.ide.mcu.externaltools.gnu-tools-for-stm32.14.3.rel1.win32_1.0.100.202602081740/tools/bin/../lib/gcc/arm-none-eabi/14.3.1/../../../../arm-none-eabi/lib/thumb/v7e-m+fp/hard\libc_nano.a(libc_a-impure.o)
                              D:/STM32CubeIDE_2.1.0/STM32CubeIDE/plugins/com.st.stm32cube.ide.mcu.externaltools.gnu-tools-for-stm32.14.3.rel1.win32_1.0.100.202602081740/tools/bin/../lib/gcc/arm-none-eabi/14.3.1/../../../../arm-none-eabi/lib/thumb/v7e-m+fp/hard\libc_nano.a(libc_a-sprintf.o) (_impure_ptr)
[...]
Memory Configuration

Name             Origin             Length             Attributes
RAM              0x20000000         0x00020000         xrw
FLASH            0x08000000         0x00080000         xr
*default*        0x00000000         0xffffffff

Linker script and memory map

LOAD D:/STM32CubeIDE_2.1.0/STM32CubeIDE/plugins/com.st.stm32cube.ide.mcu.externaltools.gnu-tools-for-stm32.14.3.rel1.win32_1.0.100.202602081740/tools/bin/../lib/gcc/arm-none-eabi/14.3.1/thumb/v7e-m+fp/hard/crti.o
LOAD D:/STM32CubeIDE_2.1.0/STM32CubeIDE/plugins/com.st.stm32cube.ide.mcu.externaltools.gnu-tools-for-stm32.14.3.rel1.win32_1.0.100.202602081740/tools/bin/../lib/gcc/arm-none-eabi/14.3.1/thumb/v7e-m+fp/hard/crtbegin.o
LOAD D:/STM32CubeIDE_2.1.0/STM32CubeIDE/plugins/com.st.stm32cube.ide.mcu.externaltools.gnu-tools-for-stm32.14.3.rel1.win32_1.0.100.202602081740/tools/bin/../lib/gcc/arm-none-eabi/14.3.1/../../../../arm-none-eabi/lib/thumb/v7e-m+fp/hard/crt0.o
LOAD ./Core/Src/fatfs_sd.o
LOAD ./Core/Src/fisicas.o
LOAD ./Core/Src/font.o
LOAD ./Core/Src/graficos.o
LOAD ./Core/Src/ili9341.o
LOAD ./Core/Src/main.o
LOAD ./Core/Src/stm32f4xx_hal_msp.o
LOAD ./Core/Src/stm32f4xx_it.o
LOAD ./Core/Src/syscalls.o
LOAD ./Core/Src/sysmem.o
LOAD ./Core/Src/system_stm32f4xx.o
LOAD ./Core/Startup/startup_stm32f446retx.o
LOAD ./Drivers/STM32F4xx_HAL_Driver/Src/stm32f4xx_hal.o
LOAD ./Drivers/STM32F4xx_HAL_Driver/Src/stm32f4xx_hal_cortex.o
LOAD ./Drivers/STM32F4xx_HAL_Driver/Src/stm32f4xx_hal_dma.o
LOAD ./Drivers/STM32F4xx_HAL_Driver/Src/stm32f4xx_hal_dma_ex.o
LOAD ./Drivers/STM32F4xx_HAL_Driver/Src/stm32f4xx_hal_exti.o
LOAD ./Drivers/STM32F4xx_HAL_Driver/Src/stm32f4xx_hal_flash.o
LOAD ./Drivers/STM32F4xx_HAL_Driver/Src/stm32f4xx_hal_flash_ex.o
LOAD ./Drivers/STM32F4xx_HAL_Driver/Src/stm32f4xx_hal_flash_ramfunc.o
LOAD ./Drivers/STM32F4xx_HAL_Driver/Src/stm32f4xx_hal_gpio.o
LOAD ./Drivers/STM32F4xx_HAL_Driver/Src/stm32f4xx_hal_i2c.o
LOAD ./Drivers/STM32F4xx_HAL_Driver/Src/stm32f4xx_hal_i2c_ex.o
LOAD ./Drivers/STM32F4xx_HAL_Driver/Src/stm32f4xx_hal_pwr.o
LOAD ./Drivers/STM32F4xx_HAL_Driver/Src/stm32f4xx_hal_pwr_ex.o
LOAD ./Drivers/STM32F4xx_HAL_Driver/Src/stm32f4xx_hal_rcc.o
LOAD ./Drivers/STM32F4xx_HAL_Driver/Src/stm32f4xx_hal_rcc_ex.o
LOAD ./Drivers/STM32F4xx_HAL_Driver/Src/stm32f4xx_hal_spi.o
LOAD ./Drivers/STM32F4xx_HAL_Driver/Src/stm32f4xx_hal_uart.o
LOAD ./FATFS/App/fatfs.o
LOAD ./FATFS/Target/user_diskio.o
LOAD ./Middlewares/Third_Party/FatFs/src/diskio.o
LOAD ./Middlewares/Third_Party/FatFs/src/ff.o
LOAD ./Middlewares/Third_Party/FatFs/src/ff_gen_drv.o
LOAD ./Middlewares/Third_Party/FatFs/src/option/ccsbcs.o
LOAD ./Middlewares/Third_Party/FatFs/src/option/syscall.o
START GROUP
LOAD D:/STM32CubeIDE_2.1.0/STM32CubeIDE/plugins/com.st.stm32cube.ide.mcu.externaltools.gnu-tools-for-stm32.14.3.rel1.win32_1.0.100.202602081740/tools/bin/../lib/gcc/arm-none-eabi/14.3.1/../../../../arm-none-eabi/lib/thumb/v7e-m+fp/hard\libc_nano.a
LOAD D:/STM32CubeIDE_2.1.0/STM32CubeIDE/plugins/com.st.stm32cube.ide.mcu.externaltools.gnu-tools-for-stm32.14.3.rel1.win32_1.0.100.202602081740/tools/bin/../lib/gcc/arm-none-eabi/14.3.1/../../../../arm-none-eabi/lib/thumb/v7e-m+fp/hard\libm.a
END GROUP
START GROUP
LOAD D:/STM32CubeIDE_2.1.0/STM32CubeIDE/plugins/com.st.stm32cube.ide.mcu.externaltools.gnu-tools-for-stm32.14.3.rel1.win32_1.0.100.202602081740/tools/bin/../lib/gcc/arm-none-eabi/14.3.1/thumb/v7e-m+fp/hard\libgcc.a
LOAD D:/STM32CubeIDE_2.1.0/STM32CubeIDE/plugins/com.st.stm32cube.ide.mcu.externaltools.gnu-tools-for-stm32.14.3.rel1.win32_1.0.100.202602081740/tools/bin/../lib/gcc/arm-none-eabi/14.3.1/../../../../arm-none-eabi/lib/thumb/v7e-m+fp/hard\libc_nano.a
END GROUP
START GROUP
LOAD D:/STM32CubeIDE_2.1.0/STM32CubeIDE/plugins/com.st.stm32cube.ide.mcu.externaltools.gnu-tools-for-stm32.14.3.rel1.win32_1.0.100.202602081740/tools/bin/../lib/gcc/arm-none-eabi/14.3.1/thumb/v7e-m+fp/hard\libgcc.a
LOAD D:/STM32CubeIDE_2.1.0/STM32CubeIDE/plugins/com.st.stm32cube.ide.mcu.externaltools.gnu-tools-for-stm32.14.3.rel1.win32_1.0.100.202602081740/tools/bin/../lib/gcc/arm-none-eabi/14.3.1/../../../../arm-none-eabi/lib/thumb/v7e-m+fp/hard\libc_nano.a
LOAD D:/STM32CubeIDE_2.1.0/STM32CubeIDE/plugins/com.st.stm32cube.ide.mcu.externaltools.gnu-tools-for-stm32.14.3.rel1.win32_1.0.100.202602081740/tools/bin/../lib/gcc/arm-none-eabi/14.3.1/../../../../arm-none-eabi/lib/thumb/v7e-m+fp/hard\libnosys.a
END GROUP
START GROUP
LOAD D:/STM32CubeIDE_2.1.0/STM32CubeIDE/plugins/com.st.stm32cube.ide.mcu.externaltools.gnu-tools-for-stm32.14.3.rel1.win32_1.0.100.202602081740/tools/bin/../lib/gcc/arm-none-eabi/14.3.1/thumb/v7e-m+fp/hard\libgcc.a
LOAD D:/STM32CubeIDE_2.1.0/STM32CubeIDE/plugins/com.st.stm32cube.ide.mcu.externaltools.gnu-tools-for-stm32.14.3.rel1.win32_1.0.100.202602081740/tools/bin/../lib/gcc/arm-none-eabi/14.3.1/../../../../arm-none-eabi/lib/thumb/v7e-m+fp/hard\libc_nano.a
LOAD D:/STM32CubeIDE_2.1.0/STM32CubeIDE/plugins/com.st.stm32cube.ide.mcu.externaltools.gnu-tools-for-stm32.14.3.rel1.win32_1.0.100.202602081740/tools/bin/../lib/gcc/arm-none-eabi/14.3.1/../../../../arm-none-eabi/lib/thumb/v7e-m+fp/hard\libnosys.a
END GROUP
LOAD D:/STM32CubeIDE_2.1.0/STM32CubeIDE/plugins/com.st.stm32cube.ide.mcu.externaltools.gnu-tools-for-stm32.14.3.rel1.win32_1.0.100.202602081740/tools/bin/../lib/gcc/arm-none-eabi/14.3.1/thumb/v7e-m+fp/hard/crtend.o
LOAD D:/STM32CubeIDE_2.1.0/STM32CubeIDE/plugins/com.st.stm32cube.ide.mcu.externaltools.gnu-tools-for-stm32.14.3.rel1.win32_1.0.100.202602081740/tools/bin/../lib/gcc/arm-none-eabi/14.3.1/thumb/v7e-m+fp/hard/crtn.o
                0x20020000                        _estack = (ORIGIN (RAM) + LENGTH (RAM))
                0x00000200                        _Min_Heap_Size = 0x200
                0x00000400                        _Min_Stack_Size = 0x400

.isr_vector     0x08000000      0x1c4
                0x08000000                        . = ALIGN (0x4)
 *(.isr_vector)
 .isr_vector    0x08000000      0x1c4 ./Core/Startup/startup_stm32f446retx.o
                0x08000000                g_pfnVectors
                0x080001c4                        . = ALIGN (0x4)

.text           0x080001d0     0xc4bc
                0x080001d0                        . = ALIGN (0x4)
 *(.text)
 .text          0x080001d0       0x40 D:/STM32CubeIDE_2.1.0/STM32CubeIDE/plugins/com.st.stm32cube.ide.mcu.externaltools.gnu-tools-for-stm32.14.3.rel1.win32_1.0.100.202602081740/tools/bin/../lib/gcc/arm-none-eabi/14.3.1/thumb/v7e-m+fp/hard/crtbegin.o
 .text          0x08000210       0x10 D:/STM32CubeIDE_2.1.0/STM32CubeIDE/plugins/com.st.stm32cube.ide.mcu.externaltools.gnu-tools-for-stm32.14.3.rel1.win32_1.0.100.202602081740/tools/bin/../lib/gcc/arm-none-eabi/14.3.1/../../../../arm-none-eabi/lib/thumb/v7e-m+fp/hard\libc_nano.a(libc_a-strlen.o)
                0x08000210                strlen
 .text          0x08000220       0xa0 D:/STM32CubeIDE_2.1.0/STM32CubeIDE/plugins/com.st.stm32cube.ide.mcu.externaltools.gnu-tools-for-stm32.14.3.rel1.win32_1.0.100.202602081740/tools/bin/../lib/gcc/arm-none-eabi/14.3.1/../../../../arm-none-eabi/lib/thumb/v7e-m+fp/hard\libc_nano.a(libc_a-memchr.o)
                0x08000220                memchr
 .text          0x080002c0       0x30 D:/STM32CubeIDE_2.1.0/STM32CubeIDE/plugins/com.st.stm32cube.ide.mcu.externaltools.gnu-tools-for-stm32.14.3.rel1.win32_1.0.100.202602081740/tools/bin/../lib/gcc/arm-none-eabi/14.3.1/thumb/v7e-m+fp/hard\libgcc.a(_aeabi_uldivmod.o)
                0x080002c0                __aeabi_uldivmod
 .text          0x080002f0      0x2f8 D:/STM32CubeIDE_2.1.0/STM32CubeIDE/plugins/com.st.stm32cube.ide.mcu.externaltools.gnu-tools-for-stm32.14.3.rel1.win32_1.0.100.202602081740/tools/bin/../lib/gcc/arm-none-eabi/14.3.1/thumb/v7e-m+fp/hard\libgcc.a(_udivmoddi4.o)
                0x080002f0                __udivmoddi4
 .text          0x080005e8        0x4 D:/STM32CubeIDE_2.1.0/STM32CubeIDE/plugins/com.st.stm32cube.ide.mcu.externaltools.gnu-tools-for-stm32.14.3.rel1.win32_1.0.100.202602081740/tools/bin/../lib/gcc/arm-none-eabi/14.3.1/thumb/v7e-m+fp/hard\libgcc.a(_dvmd_tls.o)
                0x080005e8                __aeabi_idiv0
                0x080005e8                __aeabi_ldiv0
 *(.text*)
 .text.sd_debug
                0x080005ec       0x28 ./Core/Src/fatfs_sd.o
 .text.SELECT   0x08000614       0x1c ./Core/Src/fatfs_sd.o
 .text.DESELECT
                0x08000630       0x20 ./Core/Src/fatfs_sd.o
 .text.SPI_TxByte
                0x08000650       0x34 ./Core/Src/fatfs_sd.o
 .text.SPI_TxBuffer
                0x08000684       0x34 ./Core/Src/fatfs_sd.o
 .text.SPI_RxByte
                0x080006b8       0x38 ./Core/Src/fatfs_sd.o
 .text.SPI_RxBytePtr
                0x080006f0       0x1c ./Core/Src/fatfs_sd.o
 .text.SD_ReadyWait
                0x0800070c       0x34 ./Core/Src/fatfs_sd.o
 .text.SD_PowerOn
                0x08000740       0x84 ./Core/Src/fatfs_sd.o
 .text.SD_PowerOff
                0x080007c4       0x18 ./Core/Src/fatfs_sd.o
 .text.SD_CheckPower
                0x080007dc       0x18 ./Core/Src/fatfs_sd.o
 .text.SD_RxDataBlock
                0x080007f4       0x60 ./Core/Src/fatfs_sd.o
 .text.SD_TxDataBlock
                0x08000854       0xa0 ./Core/Src/fatfs_sd.o
 .text.SD_SendCmd
                0x080008f4       0xa8 ./Core/Src/fatfs_sd.o
 .text.SD_disk_initialize
                0x0800099c      0x54c ./Core/Src/fatfs_sd.o
                0x0800099c                SD_disk_initialize
 .text.SD_disk_status
                0x08000ee8       0x2c ./Core/Src/fatfs_sd.o
                0x08000ee8                SD_disk_status
 .text.SD_disk_read
                0x08000f14       0xd4 ./Core/Src/fatfs_sd.o
                0x08000f14                SD_disk_read
 .text.SD_disk_write
                0x08000fe8      0x108 ./Core/Src/fatfs_sd.o
                0x08000fe8                SD_disk_write
 .text.SD_disk_ioctl
                0x080010f0      0x25c ./Core/Src/fatfs_sd.o
                0x080010f0                SD_disk_ioctl
 .text.calcularOffsetInclinacion
                0x0800134c       0x8e ./Core/Src/fisicas.o
                0x0800134c                calcularOffsetInclinacion
 *fill*         0x080013da        0x2 
 .text.obtenerSueloReal
                0x080013dc       0xb0 ./Core/Src/fisicas.o
                0x080013dc                obtenerSueloReal
 .text.esEscalera
                0x0800148c       0xc0 ./Core/Src/fisicas.o
                0x0800148c                esEscalera
 .text.Fisicas_Init
                0x0800154c       0xc0 ./Core/Src/fisicas.o
                0x0800154c                Fisicas_Init
 .text.aplicarGravedad
                0x0800160c       0x3c ./Core/Src/fisicas.o
                0x0800160c                aplicarGravedad
 .text.colisionVertical
                0x08001648      0x13c ./Core/Src/fisicas.o
                0x08001648                colisionVertical
 .text.moverHorizontal
                0x08001784       0x64 ./Core/Src/fisicas.o
                0x08001784                moverHorizontal
 .text.colisionHorizontal
                0x080017e8       0x52 ./Core/Src/fisicas.o
                0x080017e8                colisionHorizontal
 *fill*         0x0800183a        0x2 
 .text.procesarSalto
                0x0800183c       0x44 ./Core/Src/fisicas.o
                0x0800183c                procesarSalto
 .text.manejarEscalera
                0x08001880      0x10c ./Core/Src/fisicas.o
                0x08001880                manejarEscalera
 .text.iniciarEnemigo
                0x0800198c       0x8c ./Core/Src/fisicas.o
                0x0800198c                iniciarEnemigo
 .text.spawnBarril
                0x08001a18       0x78 ./Core/Src/fisicas.o
                0x08001a18                spawnBarril
 .text.actualizarEnemigos
                0x08001a90      0x19c ./Core/Src/fisicas.o
                0x08001a90                actualizarEnemigos
 .text.colisionRadial
                0x08001c2c       0xda ./Core/Src/fisicas.o
                0x08001c2c                colisionRadial
 .text.I2C_BusReset
                0x08001d06       0x46 ./Core/Src/fisicas.o
 .text.leerControles2P
                0x08001d4c      0x22c ./Core/Src/fisicas.o
                0x08001d4c                leerControles2P
 .text.respawnJugador
                0x08001f78       0x5a ./Core/Src/fisicas.o
 *fill*         0x08001fd2        0x2 
 .text.Fisicas_Update
                0x08001fd4      0x210 ./Core/Src/fisicas.o
                0x08001fd4                Fisicas_Update
 .text.Jugador_PixelX
                0x080021e4       0x38 ./Core/Src/fisicas.o
                0x080021e4                Jugador_PixelX
 .text.Jugador_PixelY
                0x0800221c       0x3c ./Core/Src/fisicas.o
                0x0800221c                Jugador_PixelY
 .text.initLookup
                0x08002258      0x130 ./Core/Src/ili9341.o
                0x08002258                initLookup
 .text.LCD_Init
                0x08002388      0x1fc ./Core/Src/ili9341.o
                0x08002388                LCD_Init
 .text.LCD_CMD  0x08002584       0x7c ./Core/Src/ili9341.o
                0x08002584                LCD_CMD
 .text.LCD_DATA
                0x08002600       0x7c ./Core/Src/ili9341.o
                0x08002600                LCD_DATA
 .text.SetWindows
                0x0800267c       0x80 ./Core/Src/ili9341.o
                0x0800267c                SetWindows
 .text.LCD_Clear
                0x080026fc       0x7c ./Core/Src/ili9341.o
                0x080026fc                LCD_Clear
 .text.FillRect
                0x08002778       0xa4 ./Core/Src/ili9341.o
                0x08002778                FillRect
 .text.LCD_Print
                0x0800281c      0x1d0 ./Core/Src/ili9341.o
                0x0800281c                LCD_Print
 .text.LCD_Bitmap
                0x080029ec       0x94 ./Core/Src/ili9341.o
                0x080029ec                LCD_Bitmap
 .text.LCD_BitmapTransparent
                0x08002a80       0xcc ./Core/Src/ili9341.o
                0x08002a80                LCD_BitmapTransparent
 .text.LCD_Sprite_Transparent
                0x08002b4c      0x1b8 ./Core/Src/ili9341.o
                0x08002b4c                LCD_Sprite_Transparent
 .text.transmit_uart
                0x08002d04       0x2c ./Core/Src/main.o
                0x08002d04                transmit_uart
 .text.mount_SD
                0x08002d30       0x5c ./Core/Src/main.o
                0x08002d30                mount_SD
 .text.open_ReadFile
                0x08002d8c       0x2c ./Core/Src/main.o
                0x08002d8c                open_ReadFile
 .text.close_File
                0x08002db8       0x28 ./Core/Src/main.o
                0x08002db8                close_File
 .text.unmount_SD
                0x08002de0       0x18 ./Core/Src/main.o
                0x08002de0                unmount_SD
 .text.drawImageSD_Chunked
                0x08002df8      0x1a8 ./Core/Src/main.o
                0x08002df8                drawImageSD_Chunked
 .text.dibujarHUD
                0x08002fa0      0x120 ./Core/Src/main.o
                0x08002fa0                dibujarHUD
 .text.actualizarHUD
                0x080030c0       0x30 ./Core/Src/main.o
                0x080030c0                actualizarHUD
 .text.dibujarMapa
                0x080030f0       0xfc ./Core/Src/main.o
                0x080030f0                dibujarMapa
 .text.borrarSprite
                0x080031ec       0x88 ./Core/Src/main.o
                0x080031ec                borrarSprite
 .text.repararTiles
                0x08003274      0x178 ./Core/Src/main.o
                0x08003274                repararTiles
 .text.spritesOverlap
                0x080033ec       0x86 ./Core/Src/main.o
 *fill*         0x08003472        0x2 
 .text.dibujarJugador
                0x08003474       0xd0 ./Core/Src/main.o
 .text.iniciarJuego
                0x08003544       0xa0 ./Core/Src/main.o
                0x08003544                iniciarJuego
 .text.gameLoop
                0x080035e4      0x37c ./Core/Src/main.o
                0x080035e4                gameLoop
 .text.checarComandoPlay
                0x08003960       0xa4 ./Core/Src/main.o
 .text.main     0x08003a04      0x25c ./Core/Src/main.o
                0x08003a04                main
 .text.SystemClock_Config
                0x08003c60       0xd8 ./Core/Src/main.o
                0x08003c60                SystemClock_Config
 .text.MX_I2C1_Init
                0x08003d38       0x5c ./Core/Src/main.o
 .text.MX_SPI1_Init
                0x08003d94       0x6c ./Core/Src/main.o
 .text.MX_USART2_UART_Init
                0x08003e00       0x54 ./Core/Src/main.o
 .text.MX_GPIO_Init
                0x08003e54      0x13c ./Core/Src/main.o
 .text.Error_Handler
                0x08003f90        0xc ./Core/Src/main.o
                0x08003f90                Error_Handler
 .text.HAL_MspInit
                0x08003f9c       0x50 ./Core/Src/stm32f4xx_hal_msp.o
                0x08003f9c                HAL_MspInit
 .text.HAL_I2C_MspInit
                0x08003fec       0xb0 ./Core/Src/stm32f4xx_hal_msp.o
                0x08003fec                HAL_I2C_MspInit
 .text.HAL_SPI_MspInit
                0x0800409c       0x90 ./Core/Src/stm32f4xx_hal_msp.o
                0x0800409c                HAL_SPI_MspInit
 .text.HAL_UART_MspInit
                0x0800412c       0x90 ./Core/Src/stm32f4xx_hal_msp.o
                0x0800412c                HAL_UART_MspInit
 .text.NMI_Handler
                0x080041bc        0x8 ./Core/Src/stm32f4xx_it.o
                0x080041bc                NMI_Handler
 .text.HardFault_Handler
                0x080041c4        0x8 ./Core/Src/stm32f4xx_it.o
                0x080041c4                HardFault_Handler
 .text.MemManage_Handler
                0x080041cc        0x8 ./Core/Src/stm32f4xx_it.o
                0x080041cc                MemManage_Handler
 .text.BusFault_Handler
                0x080041d4        0x8 ./Core/Src/stm32f4xx_it.o
                0x080041d4                BusFault_Handler
 .text.UsageFault_Handler
                0x080041dc        0x8 ./Core/Src/stm32f4xx_it.o
                0x080041dc                UsageFault_Handler
 .text.SVC_Handler
                0x080041e4        0xe ./Core/Src/stm32f4xx_it.o
                0x080041e4                SVC_Handler
 .text.DebugMon_Handler
                0x080041f2        0xe ./Core/Src/stm32f4xx_it.o
                0x080041f2                DebugMon_Handler
 .text.PendSV_Handler
                0x08004200        0xe ./Core/Src/stm32f4xx_it.o
                0x08004200                PendSV_Handler
 *fill*         0x0800420e        0x2 
 .text.SysTick_Handler
                0x08004210       0x48 ./Core/Src/stm32f4xx_it.o
                0x08004210                SysTick_Handler
 .text.I2C1_EV_IRQHandler
                0x08004258       0x14 ./Core/Src/stm32f4xx_it.o
                0x08004258                I2C1_EV_IRQHandler
 .text.I2C1_ER_IRQHandler
                0x0800426c       0x14 ./Core/Src/stm32f4xx_it.o
                0x0800426c                I2C1_ER_IRQHandler
 .text._sbrk    0x08004280       0x6c ./Core/Src/sysmem.o
                0x08004280                _sbrk
 .text.SystemInit
                0x080042ec       0x24 ./Core/Src/system_stm32f4xx.o
                0x080042ec                SystemInit
 .text.Reset_Handler
                0x08004310       0x50 ./Core/Startup/startup_stm32f446retx.o
                0x08004310                Reset_Handler
 .text.Default_Handler
                0x08004360        0x2 ./Core/Startup/startup_stm32f446retx.o
                0x08004360                RTC_Alarm_IRQHandler
                0x08004360                EXTI2_IRQHandler
                0x08004360                TIM8_CC_IRQHandler
                0x08004360                FMPI2C1_EV_IRQHandler
                0x08004360                SPI4_IRQHandler
                0x08004360                TIM1_CC_IRQHandler
                0x08004360                DMA2_Stream5_IRQHandler
                0x08004360                DMA1_Stream5_IRQHandler
                0x08004360                PVD_IRQHandler
                0x08004360                SDIO_IRQHandler
                0x08004360                TAMP_STAMP_IRQHandler
                0x08004360                CAN2_RX1_IRQHandler
                0x08004360                EXTI3_IRQHandler
                0x08004360                TIM8_TRG_COM_TIM14_IRQHandler
                0x08004360                TIM1_UP_TIM10_IRQHandler
                0x08004360                TIM8_UP_TIM13_IRQHandler
                0x08004360                I2C3_ER_IRQHandler
                0x08004360                EXTI0_IRQHandler
                0x08004360                I2C2_EV_IRQHandler
                0x08004360                DMA1_Stream2_IRQHandler
                0x08004360                CAN1_RX0_IRQHandler
                0x08004360                FPU_IRQHandler
                0x08004360                OTG_HS_WKUP_IRQHandler
                0x08004360                CAN2_SCE_IRQHandler
                0x08004360                DMA2_Stream2_IRQHandler
                0x08004360                SPI1_IRQHandler
                0x08004360                TIM6_DAC_IRQHandler
                0x08004360                TIM1_BRK_TIM9_IRQHandler
                0x08004360                DCMI_IRQHandler
                0x08004360                CAN2_RX0_IRQHandler
                0x08004360                DMA2_Stream3_IRQHandler
                0x08004360                SAI2_IRQHandler
                0x08004360                USART6_IRQHandler
                0x08004360                USART3_IRQHandler
                0x08004360                CAN1_RX1_IRQHandler
                0x08004360                UART5_IRQHandler
                0x08004360                DMA2_Stream0_IRQHandler
                0x08004360                TIM4_IRQHandler
                0x08004360                QUADSPI_IRQHandler
                0x08004360                DMA1_Stream6_IRQHandler
                0x08004360                DMA1_Stream1_IRQHandler
                0x08004360                UART4_IRQHandler
                0x08004360                TIM3_IRQHandler
                0x08004360                RCC_IRQHandler
                0x08004360                TIM8_BRK_TIM12_IRQHandler
                0x08004360                Default_Handler
                0x08004360                CEC_IRQHandler
                0x08004360                EXTI15_10_IRQHandler
                0x08004360                ADC_IRQHandler
                0x08004360                DMA1_Stream7_IRQHandler
                0x08004360                TIM7_IRQHandler
                0x08004360                CAN2_TX_IRQHandler
                0x08004360                TIM5_IRQHandler
                0x08004360                DMA2_Stream7_IRQHandler
                0x08004360                I2C3_EV_IRQHandler
                0x08004360                EXTI9_5_IRQHandler
                0x08004360                RTC_WKUP_IRQHandler
                0x08004360                SPDIF_RX_IRQHandler
                0x08004360                SPI2_IRQHandler
                0x08004360                OTG_HS_EP1_IN_IRQHandler
                0x08004360                DMA1_Stream0_IRQHandler
                0x08004360                CAN1_TX_IRQHandler
                0x08004360                FMPI2C1_ER_IRQHandler
                0x08004360                EXTI4_IRQHandler
                0x08004360                OTG_HS_EP1_OUT_IRQHandler
                0x08004360                WWDG_IRQHandler
                0x08004360                TIM2_IRQHandler
                0x08004360                OTG_FS_WKUP_IRQHandler
                0x08004360                TIM1_TRG_COM_TIM11_IRQHandler
                0x08004360                OTG_HS_IRQHandler
                0x08004360                EXTI1_IRQHandler
                0x08004360                USART2_IRQHandler
                0x08004360                I2C2_ER_IRQHandler
                0x08004360                DMA2_Stream1_IRQHandler
                0x08004360                CAN1_SCE_IRQHandler
                0x08004360                FLASH_IRQHandler
                0x08004360                DMA2_Stream4_IRQHandler
                0x08004360                USART1_IRQHandler
                0x08004360                OTG_FS_IRQHandler
                0x08004360                SPI3_IRQHandler
                0x08004360                DMA1_Stream4_IRQHandler
                0x08004360                FMC_IRQHandler
                0x08004360                DMA2_Stream6_IRQHandler
                0x08004360                SAI1_IRQHandler
                0x08004360                DMA1_Stream3_IRQHandler
 *fill*         0x08004362        0x2 
 .text.HAL_Init
                0x08004364       0x44 ./Drivers/STM32F4xx_HAL_Driver/Src/stm32f4xx_hal.o
                0x08004364                HAL_Init
 .text.HAL_InitTick
                0x080043a8       0x60 ./Drivers/STM32F4xx_HAL_Driver/Src/stm32f4xx_hal.o
                0x080043a8                HAL_InitTick
 .text.HAL_IncTick
                0x08004408       0x28 ./Drivers/STM32F4xx_HAL_Driver/Src/stm32f4xx_hal.o
                0x08004408                HAL_IncTick
 .text.HAL_GetTick
                0x08004430       0x18 ./Drivers/STM32F4xx_HAL_Driver/Src/stm32f4xx_hal.o
                0x08004430                HAL_GetTick
 .text.HAL_Delay
                0x08004448       0x48 ./Drivers/STM32F4xx_HAL_Driver/Src/stm32f4xx_hal.o
                0x08004448                HAL_Delay
 .text.__NVIC_SetPriorityGrouping
                0x08004490       0x48 ./Drivers/STM32F4xx_HAL_Driver/Src/stm32f4xx_hal_cortex.o
 .text.__NVIC_GetPriorityGrouping
                0x080044d8       0x1c ./Drivers/STM32F4xx_HAL_Driver/Src/stm32f4xx_hal_cortex.o
 .text.__NVIC_EnableIRQ
                0x080044f4       0x3c ./Drivers/STM32F4xx_HAL_Driver/Src/stm32f4xx_hal_cortex.o
 .text.__NVIC_SetPriority
                0x08004530       0x54 ./Drivers/STM32F4xx_HAL_Driver/Src/stm32f4xx_hal_cortex.o
 .text.NVIC_EncodePriority
                0x08004584       0x66 ./Drivers/STM32F4xx_HAL_Driver/Src/stm32f4xx_hal_cortex.o
 *fill*         0x080045ea        0x2 
 .text.SysTick_Config
                0x080045ec       0x44 ./Drivers/STM32F4xx_HAL_Driver/Src/stm32f4xx_hal_cortex.o
 .text.HAL_NVIC_SetPriorityGrouping
                0x08004630       0x16 ./Drivers/STM32F4xx_HAL_Driver/Src/stm32f4xx_hal_cortex.o
                0x08004630                HAL_NVIC_SetPriorityGrouping
 .text.HAL_NVIC_SetPriority
                0x08004646       0x38 ./Drivers/STM32F4xx_HAL_Driver/Src/stm32f4xx_hal_cortex.o
                0x08004646                HAL_NVIC_SetPriority
 .text.HAL_NVIC_EnableIRQ
                0x0800467e       0x1c ./Drivers/STM32F4xx_HAL_Driver/Src/stm32f4xx_hal_cortex.o
                0x0800467e                HAL_NVIC_EnableIRQ
 .text.HAL_SYSTICK_Config
                0x0800469a       0x18 ./Drivers/STM32F4xx_HAL_Driver/Src/stm32f4xx_hal_cortex.o
                0x0800469a                HAL_SYSTICK_Config
 .text.HAL_SYSTICK_IRQHandler
                0x080046b2        0xc ./Drivers/STM32F4xx_HAL_Driver/Src/stm32f4xx_hal_cortex.o
                0x080046b2                HAL_SYSTICK_IRQHandler
 .text.HAL_SYSTICK_Callback
                0x080046be        0xe ./Drivers/STM32F4xx_HAL_Driver/Src/stm32f4xx_hal_cortex.o
                0x080046be                HAL_SYSTICK_Callback
 .text.HAL_DMA_Abort_IT
                0x080046cc       0x44 ./Drivers/STM32F4xx_HAL_Driver/Src/stm32f4xx_hal_dma.o
                0x080046cc                HAL_DMA_Abort_IT
 .text.HAL_DMA_GetState
                0x08004710       0x1c ./Drivers/STM32F4xx_HAL_Driver/Src/stm32f4xx_hal_dma.o
                0x08004710                HAL_DMA_GetState
 .text.HAL_GPIO_Init
                0x0800472c      0x328 ./Drivers/STM32F4xx_HAL_Driver/Src/stm32f4xx_hal_gpio.o
                0x0800472c                HAL_GPIO_Init
 .text.HAL_GPIO_ReadPin
                0x08004a54       0x30 ./Drivers/STM32F4xx_HAL_Driver/Src/stm32f4xx_hal_gpio.o
                0x08004a54                HAL_GPIO_ReadPin
 .text.HAL_GPIO_WritePin
                0x08004a84       0x32 ./Drivers/STM32F4xx_HAL_Driver/Src/stm32f4xx_hal_gpio.o
                0x08004a84                HAL_GPIO_WritePin
 *fill*         0x08004ab6        0x2 
 .text.HAL_I2C_Init
                0x08004ab8      0x288 ./Drivers/STM32F4xx_HAL_Driver/Src/stm32f4xx_hal_i2c.o
                0x08004ab8                HAL_I2C_Init
 .text.I2C_Flush_DR
                0x08004d40       0x2a ./Drivers/STM32F4xx_HAL_Driver/Src/stm32f4xx_hal_i2c.o
 *fill*         0x08004d6a        0x2 
 .text.HAL_I2C_Master_Receive
                0x08004d6c      0x464 ./Drivers/STM32F4xx_HAL_Driver/Src/stm32f4xx_hal_i2c.o
                0x08004d6c                HAL_I2C_Master_Receive
 .text.HAL_I2C_IsDeviceReady
                0x080051d0      0x25c ./Drivers/STM32F4xx_HAL_Driver/Src/stm32f4xx_hal_i2c.o
                0x080051d0                HAL_I2C_IsDeviceReady
 .text.HAL_I2C_EV_IRQHandler
                0x0800542c      0x2e2 ./Drivers/STM32F4xx_HAL_Driver/Src/stm32f4xx_hal_i2c.o
                0x0800542c                HAL_I2C_EV_IRQHandler
 .text.HAL_I2C_ER_IRQHandler
                0x0800570e      0x14e ./Drivers/STM32F4xx_HAL_Driver/Src/stm32f4xx_hal_i2c.o
                0x0800570e                HAL_I2C_ER_IRQHandler
 .text.HAL_I2C_MasterTxCpltCallback
                0x0800585c       0x14 ./Drivers/STM32F4xx_HAL_Driver/Src/stm32f4xx_hal_i2c.o
                0x0800585c                HAL_I2C_MasterTxCpltCallback
 .text.HAL_I2C_MasterRxCpltCallback
                0x08005870       0x14 ./Drivers/STM32F4xx_HAL_Driver/Src/stm32f4xx_hal_i2c.o
                0x08005870                HAL_I2C_MasterRxCpltCallback
 .text.HAL_I2C_SlaveTxCpltCallback
                0x08005884       0x14 ./Drivers/STM32F4xx_HAL_Driver/Src/stm32f4xx_hal_i2c.o
                0x08005884                HAL_I2C_SlaveTxCpltCallback
 .text.HAL_I2C_SlaveRxCpltCallback
                0x08005898       0x14 ./Drivers/STM32F4xx_HAL_Driver/Src/stm32f4xx_hal_i2c.o
                0x08005898                HAL_I2C_SlaveRxCpltCallback
 .text.HAL_I2C_AddrCallback
                0x080058ac       0x1c ./Drivers/STM32F4xx_HAL_Driver/Src/stm32f4xx_hal_i2c.o
                0x080058ac                HAL_I2C_AddrCallback
 .text.HAL_I2C_ListenCpltCallback
                0x080058c8       0x14 ./Drivers/STM32F4xx_HAL_Driver/Src/stm32f4xx_hal_i2c.o
                0x080058c8                HAL_I2C_ListenCpltCallback
 .text.HAL_I2C_MemTxCpltCallback
                0x080058dc       0x14 ./Drivers/STM32F4xx_HAL_Driver/Src/stm32f4xx_hal_i2c.o
                0x080058dc                HAL_I2C_MemTxCpltCallback
 .text.HAL_I2C_MemRxCpltCallback
                0x080058f0       0x14 ./Drivers/STM32F4xx_HAL_Driver/Src/stm32f4xx_hal_i2c.o
                0x080058f0                HAL_I2C_MemRxCpltCallback
 .text.HAL_I2C_ErrorCallback
                0x08005904       0x14 ./Drivers/STM32F4xx_HAL_Driver/Src/stm32f4xx_hal_i2c.o
                0x08005904                HAL_I2C_ErrorCallback
 .text.HAL_I2C_AbortCpltCallback
                0x08005918       0x14 ./Drivers/STM32F4xx_HAL_Driver/Src/stm32f4xx_hal_i2c.o
                0x08005918                HAL_I2C_AbortCpltCallback
 .text.I2C_MasterTransmit_TXE
                0x0800592c      0x138 ./Drivers/STM32F4xx_HAL_Driver/Src/stm32f4xx_hal_i2c.o
 .text.I2C_MasterTransmit_BTF
                0x08005a64       0xec ./Drivers/STM32F4xx_HAL_Driver/Src/stm32f4xx_hal_i2c.o
 .text.I2C_MemoryTransmit_TXE_BTF
                0x08005b50      0x130 ./Drivers/STM32F4xx_HAL_Driver/Src/stm32f4xx_hal_i2c.o
 .text.I2C_MasterReceive_RXNE
                0x08005c80      0x190 ./Drivers/STM32F4xx_HAL_Driver/Src/stm32f4xx_hal_i2c.o
 .text.I2C_MasterReceive_BTF
                0x08005e10      0x1e2 ./Drivers/STM32F4xx_HAL_Driver/Src/stm32f4xx_hal_i2c.o
 .text.I2C_Master_SB
                0x08005ff2      0x10c ./Drivers/STM32F4xx_HAL_Driver/Src/stm32f4xx_hal_i2c.o
 .text.I2C_Master_ADD10
                0x080060fe       0x54 ./Drivers/STM32F4xx_HAL_Driver/Src/stm32f4xx_hal_i2c.o
 .text.I2C_Master_ADDR
                0x08006152      0x322 ./Drivers/STM32F4xx_HAL_Driver/Src/stm32f4xx_hal_i2c.o
 .text.I2C_SlaveTransmit_TXE
                0x08006474       0x7a ./Drivers/STM32F4xx_HAL_Driver/Src/stm32f4xx_hal_i2c.o
 .text.I2C_SlaveTransmit_BTF
                0x080064ee       0x42 ./Drivers/STM32F4xx_HAL_Driver/Src/stm32f4xx_hal_i2c.o
 .text.I2C_SlaveReceive_RXNE
                0x08006530       0x7c ./Drivers/STM32F4xx_HAL_Driver/Src/stm32f4xx_hal_i2c.o
 .text.I2C_SlaveReceive_BTF
                0x080065ac       0x44 ./Drivers/STM32F4xx_HAL_Driver/Src/stm32f4xx_hal_i2c.o
 .text.I2C_Slave_ADDR
                0x080065f0       0x94 ./Drivers/STM32F4xx_HAL_Driver/Src/stm32f4xx_hal_i2c.o
 .text.I2C_Slave_STOPF
                0x08006684      0x260 ./Drivers/STM32F4xx_HAL_Driver/Src/stm32f4xx_hal_i2c.o
 .text.I2C_Slave_AF
                0x080068e4       0xe8 ./Drivers/STM32F4xx_HAL_Driver/Src/stm32f4xx_hal_i2c.o
 .text.I2C_ITError
                0x080069cc      0x264 ./Drivers/STM32F4xx_HAL_Driver/Src/stm32f4xx_hal_i2c.o
 .text.I2C_MasterRequestRead
                0x08006c30      0x19c ./Drivers/STM32F4xx_HAL_Driver/Src/stm32f4xx_hal_i2c.o
 .text.I2C_DMAAbort
                0x08006dcc      0x150 ./Drivers/STM32F4xx_HAL_Driver/Src/stm32f4xx_hal_i2c.o
 .text.I2C_WaitOnFlagUntilTimeout
                0x08006f1c       0xf4 ./Drivers/STM32F4xx_HAL_Driver/Src/stm32f4xx_hal_i2c.o
 .text.I2C_WaitOnMasterAddressFlagUntilTimeout
                0x08007010      0x140 ./Drivers/STM32F4xx_HAL_Driver/Src/stm32f4xx_hal_i2c.o
 .text.I2C_WaitOnSTOPRequestThroughIT
                0x08007150       0x64 ./Drivers/STM32F4xx_HAL_Driver/Src/stm32f4xx_hal_i2c.o
 .text.I2C_WaitOnRXNEFlagUntilTimeout
                0x080071b4       0xba ./Drivers/STM32F4xx_HAL_Driver/Src/stm32f4xx_hal_i2c.o
 .text.I2C_ConvertOtherXferOptions
                0x0800726e       0x36 ./Drivers/STM32F4xx_HAL_Driver/Src/stm32f4xx_hal_i2c.o
 .text.HAL_RCC_ClockConfig
                0x080072a4      0x1cc ./Drivers/STM32F4xx_HAL_Driver/Src/stm32f4xx_hal_rcc.o
                0x080072a4                HAL_RCC_ClockConfig
 .text.HAL_RCC_GetHCLKFreq
                0x08007470       0x18 ./Drivers/STM32F4xx_HAL_Driver/Src/stm32f4xx_hal_rcc.o
                0x08007470                HAL_RCC_GetHCLKFreq
 .text.HAL_RCC_GetPCLK1Freq
                0x08007488       0x28 ./Drivers/STM32F4xx_HAL_Driver/Src/stm32f4xx_hal_rcc.o
                0x08007488                HAL_RCC_GetPCLK1Freq
 .text.HAL_RCC_GetPCLK2Freq
                0x080074b0       0x28 ./Drivers/STM32F4xx_HAL_Driver/Src/stm32f4xx_hal_rcc.o
                0x080074b0                HAL_RCC_GetPCLK2Freq
 .text.HAL_RCC_GetSysClockFreq
                0x080074d8      0x350 ./Drivers/STM32F4xx_HAL_Driver/Src/stm32f4xx_hal_rcc_ex.o
                0x080074d8                HAL_RCC_GetSysClockFreq
 .text.HAL_RCC_OscConfig
                0x08007828      0x53c ./Drivers/STM32F4xx_HAL_Driver/Src/stm32f4xx_hal_rcc_ex.o
                0x08007828                HAL_RCC_OscConfig
 .text.HAL_SPI_Init
                0x08007d64      0x112 ./Drivers/STM32F4xx_HAL_Driver/Src/stm32f4xx_hal_spi.o
                0x08007d64                HAL_SPI_Init
 .text.HAL_SPI_Transmit
                0x08007e76      0x288 ./Drivers/STM32F4xx_HAL_Driver/Src/stm32f4xx_hal_spi.o
                0x08007e76                HAL_SPI_Transmit
 .text.HAL_SPI_TransmitReceive
                0x080080fe      0x352 ./Drivers/STM32F4xx_HAL_Driver/Src/stm32f4xx_hal_spi.o
                0x080080fe                HAL_SPI_TransmitReceive
 .text.SPI_WaitFlagStateUntilTimeout
                0x08008450      0x110 ./Drivers/STM32F4xx_HAL_Driver/Src/stm32f4xx_hal_spi.o
 .text.SPI_EndRxTxTransaction
                0x08008560       0xa8 ./Drivers/STM32F4xx_HAL_Driver/Src/stm32f4xx_hal_spi.o
 .text.HAL_UART_Init
                0x08008608       0xa0 ./Drivers/STM32F4xx_HAL_Driver/Src/stm32f4xx_hal_uart.o
                0x08008608                HAL_UART_Init
 .text.HAL_UART_Transmit
                0x080086a8      0x116 ./Drivers/STM32F4xx_HAL_Driver/Src/stm32f4xx_hal_uart.o
                0x080086a8                HAL_UART_Transmit
 .text.UART_WaitOnFlagUntilTimeout
                0x080087be       0xb2 ./Drivers/STM32F4xx_HAL_Driver/Src/stm32f4xx_hal_uart.o
 .text.UART_EndRxTransfer
                0x08008870       0xc6 ./Drivers/STM32F4xx_HAL_Driver/Src/stm32f4xx_hal_uart.o
 *fill*         0x08008936        0x2 
 .text.UART_SetConfig
                0x08008938      0x4e8 ./Drivers/STM32F4xx_HAL_Driver/Src/stm32f4xx_hal_uart.o
 .text.MX_FATFS_Init
                0x08008e20       0x24 ./FATFS/App/fatfs.o
                0x08008e20                MX_FATFS_Init
 .text.get_fattime
                0x08008e44       0x10 ./FATFS/App/fatfs.o
                0x08008e44                get_fattime
 .text.USER_initialize
                0x08008e54       0x1c ./FATFS/Target/user_diskio.o
                0x08008e54                USER_initialize
 .text.USER_status
                0x08008e70       0x1c ./FATFS/Target/user_diskio.o
                0x08008e70                USER_status
 .text.USER_read
                0x08008e8c       0x26 ./FATFS/Target/user_diskio.o
                0x08008e8c                USER_read
 .text.USER_write
                0x08008eb2       0x26 ./FATFS/Target/user_diskio.o
                0x08008eb2                USER_write
 .text.USER_ioctl
                0x08008ed8       0x26 ./FATFS/Target/user_diskio.o
                0x08008ed8                USER_ioctl
 *fill*         0x08008efe        0x2 
 .text.disk_status
                0x08008f00       0x34 ./Middlewares/Third_Party/FatFs/src/diskio.o
                0x08008f00                disk_status
 .text.disk_initialize
                0x08008f34       0x50 ./Middlewares/Third_Party/FatFs/src/diskio.o
                0x08008f34                disk_initialize
 .text.disk_read
                0x08008f84       0x40 ./Middlewares/Third_Party/FatFs/src/diskio.o
                0x08008f84                disk_read
 .text.disk_write
                0x08008fc4       0x40 ./Middlewares/Third_Party/FatFs/src/diskio.o
                0x08008fc4                disk_write
 .text.disk_ioctl
                0x08009004       0x3c ./Middlewares/Third_Party/FatFs/src/diskio.o
                0x08009004                disk_ioctl
 .text.ld_word  0x08009040       0x32 ./Middlewares/Third_Party/FatFs/src/ff.o
 .text.ld_dword
                0x08009072       0x46 ./Middlewares/Third_Party/FatFs/src/ff.o
 .text.st_word  0x080090b8       0x36 ./Middlewares/Third_Party/FatFs/src/ff.o
 .text.st_dword
                0x080090ee       0x58 ./Middlewares/Third_Party/FatFs/src/ff.o
 .text.mem_cpy  0x08009146       0x42 ./Middlewares/Third_Party/FatFs/src/ff.o
 .text.mem_set  0x08009188       0x36 ./Middlewares/Third_Party/FatFs/src/ff.o
 .text.mem_cmp  0x080091be       0x4e ./Middlewares/Third_Party/FatFs/src/ff.o
 .text.chk_chr  0x0800920c       0x36 ./Middlewares/Third_Party/FatFs/src/ff.o
 *fill*         0x08009242        0x2 
 .text.chk_lock
                0x08009244       0xb8 ./Middlewares/Third_Party/FatFs/src/ff.o
 .text.enq_lock
                0x080092fc       0x44 ./Middlewares/Third_Party/FatFs/src/ff.o
 .text.inc_lock
                0x08009340      0x11c ./Middlewares/Third_Party/FatFs/src/ff.o
 .text.dec_lock
                0x0800945c       0x78 ./Middlewares/Third_Party/FatFs/src/ff.o
 .text.clear_lock
                0x080094d4       0x48 ./Middlewares/Third_Party/FatFs/src/ff.o
 .text.sync_window
                0x0800951c       0x88 ./Middlewares/Third_Party/FatFs/src/ff.o
 .text.move_window
                0x080095a4       0x5a ./Middlewares/Third_Party/FatFs/src/ff.o
 *fill*         0x080095fe        0x2 
 .text.sync_fs  0x08009600       0xe0 ./Middlewares/Third_Party/FatFs/src/ff.o
 .text.clust2sect
                0x080096e0       0x3e ./Middlewares/Third_Party/FatFs/src/ff.o
 .text.get_fat  0x0800971e      0x1a6 ./Middlewares/Third_Party/FatFs/src/ff.o
 .text.put_fat  0x080098c4      0x234 ./Middlewares/Third_Party/FatFs/src/ff.o
 .text.remove_chain
                0x08009af8       0xca ./Middlewares/Third_Party/FatFs/src/ff.o
 .text.create_chain
                0x08009bc2      0x130 ./Middlewares/Third_Party/FatFs/src/ff.o
 .text.clmt_clust
                0x08009cf2       0x70 ./Middlewares/Third_Party/FatFs/src/ff.o
 .text.dir_sdi  0x08009d62      0x112 ./Middlewares/Third_Party/FatFs/src/ff.o
 .text.dir_next
                0x08009e74      0x1ac ./Middlewares/Third_Party/FatFs/src/ff.o
 .text.dir_alloc
                0x0800a020       0x8e ./Middlewares/Third_Party/FatFs/src/ff.o
 .text.ld_clust
                0x0800a0ae       0x3e ./Middlewares/Third_Party/FatFs/src/ff.o
 .text.st_clust
                0x0800a0ec       0x40 ./Middlewares/Third_Party/FatFs/src/ff.o
 .text.cmp_lfn  0x0800a12c       0xe0 ./Middlewares/Third_Party/FatFs/src/ff.o
 .text.put_lfn  0x0800a20c       0xd0 ./Middlewares/Third_Party/FatFs/src/ff.o
 .text.gen_numname
                0x0800a2dc      0x11c ./Middlewares/Third_Party/FatFs/src/ff.o
 .text.sum_sfn  0x0800a3f8       0x42 ./Middlewares/Third_Party/FatFs/src/ff.o
 .text.dir_find
                0x0800a43a      0x180 ./Middlewares/Third_Party/FatFs/src/ff.o
 *fill*         0x0800a5ba        0x2 
 .text.dir_register
                0x0800a5bc      0x1f0 ./Middlewares/Third_Party/FatFs/src/ff.o
 .text.create_name
                0x0800a7ac      0x370 ./Middlewares/Third_Party/FatFs/src/ff.o
 .text.follow_path
                0x0800ab1c       0xec ./Middlewares/Third_Party/FatFs/src/ff.o
 .text.get_ldnumber
                0x0800ac08       0x88 ./Middlewares/Third_Party/FatFs/src/ff.o
 .text.check_fs
                0x0800ac90       0xac ./Middlewares/Third_Party/FatFs/src/ff.o
 .text.find_volume
                0x0800ad3c      0x50c ./Middlewares/Third_Party/FatFs/src/ff.o
 .text.validate
                0x0800b248       0x6a ./Middlewares/Third_Party/FatFs/src/ff.o
 *fill*         0x0800b2b2        0x2 
 .text.f_mount  0x0800b2b4       0x8c ./Middlewares/Third_Party/FatFs/src/ff.o
                0x0800b2b4                f_mount
 .text.f_open   0x0800b340      0x390 ./Middlewares/Third_Party/FatFs/src/ff.o
                0x0800b340                f_open
 .text.f_read   0x0800b6d0      0x2be ./Middlewares/Third_Party/FatFs/src/ff.o
                0x0800b6d0                f_read
 .text.f_sync   0x0800b98e       0xfc ./Middlewares/Third_Party/FatFs/src/ff.o
                0x0800b98e                f_sync
 .text.f_close  0x0800ba8a       0x54 ./Middlewares/Third_Party/FatFs/src/ff.o
                0x0800ba8a                f_close
 *fill*         0x0800bade        0x2 
 .text.FATFS_LinkDriverEx
                0x0800bae0       0x98 ./Middlewares/Third_Party/FatFs/src/ff_gen_drv.o
                0x0800bae0                FATFS_LinkDriverEx
 .text.FATFS_LinkDriver
                0x0800bb78       0x1e ./Middlewares/Third_Party/FatFs/src/ff_gen_drv.o
                0x0800bb78                FATFS_LinkDriver
 *fill*         0x0800bb96        0x2 
 .text.ff_convert
                0x0800bb98       0x78 ./Middlewares/Third_Party/FatFs/src/option/ccsbcs.o
                0x0800bb98                ff_convert
 .text.ff_wtoupper
                0x0800bc10      0x114 ./Middlewares/Third_Party/FatFs/src/option/ccsbcs.o
                0x0800bc10                ff_wtoupper
 .text.sprintf  0x0800bd24       0x44 D:/STM32CubeIDE_2.1.0/STM32CubeIDE/plugins/com.st.stm32cube.ide.mcu.externaltools.gnu-tools-for-stm32.14.3.rel1.win32_1.0.100.202602081740/tools/bin/../lib/gcc/arm-none-eabi/14.3.1/../../../../arm-none-eabi/lib/thumb/v7e-m+fp/hard\libc_nano.a(libc_a-sprintf.o)
                0x0800bd24                siprintf
                0x0800bd24                sprintf
 .text.memset   0x0800bd68       0x10 D:/STM32CubeIDE_2.1.0/STM32CubeIDE/plugins/com.st.stm32cube.ide.mcu.externaltools.gnu-tools-for-stm32.14.3.rel1.win32_1.0.100.202602081740/tools/bin/../lib/gcc/arm-none-eabi/14.3.1/../../../../arm-none-eabi/lib/thumb/v7e-m+fp/hard\libc_nano.a(libc_a-memset.o)
                0x0800bd68                memset
 .text.__errno  0x0800bd78        0xc D:/STM32CubeIDE_2.1.0/STM32CubeIDE/plugins/com.st.stm32cube.ide.mcu.externaltools.gnu-tools-for-stm32.14.3.rel1.win32_1.0.100.202602081740/tools/bin/../lib/gcc/arm-none-eabi/14.3.1/../../../../arm-none-eabi/lib/thumb/v7e-m+fp/hard\libc_nano.a(libc_a-errno.o)
                0x0800bd78                __errno
 .text.__libc_init_array
                0x0800bd84       0x48 D:/STM32CubeIDE_2.1.0/STM32CubeIDE/plugins/com.st.stm32cube.ide.mcu.externaltools.gnu-tools-for-stm32.14.3.rel1.win32_1.0.100.202602081740/tools/bin/../lib/gcc/arm-none-eabi/14.3.1/../../../../arm-none-eabi/lib/thumb/v7e-m+fp/hard\libc_nano.a(libc_a-init.o)
                0x0800bd84                __libc_init_array
 .text.__retarget_lock_acquire_recursive
                0x0800bdcc        0x2 D:/STM32CubeIDE_2.1.0/STM32CubeIDE/plugins/com.st.stm32cube.ide.mcu.externaltools.gnu-tools-for-stm32.14.3.rel1.win32_1.0.100.202602081740/tools/bin/../lib/gcc/arm-none-eabi/14.3.1/../../../../arm-none-eabi/lib/thumb/v7e-m+fp/hard\libc_nano.a(libc_a-lock.o)
                0x0800bdcc                __retarget_lock_acquire_recursive
 .text.__retarget_lock_release_recursive
                0x0800bdce        0x2 D:/STM32CubeIDE_2.1.0/STM32CubeIDE/plugins/com.st.stm32cube.ide.mcu.externaltools.gnu-tools-for-stm32.14.3.rel1.win32_1.0.100.202602081740/tools/bin/../lib/gcc/arm-none-eabi/14.3.1/../../../../arm-none-eabi/lib/thumb/v7e-m+fp/hard\libc_nano.a(libc_a-lock.o)
                0x0800bdce                __retarget_lock_release_recursive
 .text._free_r  0x0800bdd0       0x94 D:/STM32CubeIDE_2.1.0/STM32CubeIDE/plugins/com.st.stm32cube.ide.mcu.externaltools.gnu-tools-for-stm32.14.3.rel1.win32_1.0.100.202602081740/tools/bin/../lib/gcc/arm-none-eabi/14.3.1/../../../../arm-none-eabi/lib/thumb/v7e-m+fp/hard\libc_nano.a(libc_a-freer.o)
                0x0800bdd0                _free_r
 .text.sbrk_aligned
                0x0800be64       0x44 D:/STM32CubeIDE_2.1.0/STM32CubeIDE/plugins/com.st.stm32cube.ide.mcu.externaltools.gnu-tools-for-stm32.14.3.rel1.win32_1.0.100.202602081740/tools/bin/../lib/gcc/arm-none-eabi/14.3.1/../../../../arm-none-eabi/lib/thumb/v7e-m+fp/hard\libc_nano.a(libc_a-mallocr.o)
 .text._malloc_r
                0x0800bea8      0x100 D:/STM32CubeIDE_2.1.0/STM32CubeIDE/plugins/com.st.stm32cube.ide.mcu.externaltools.gnu-tools-for-stm32.14.3.rel1.win32_1.0.100.202602081740/tools/bin/../lib/gcc/arm-none-eabi/14.3.1/../../../../arm-none-eabi/lib/thumb/v7e-m+fp/hard\libc_nano.a(libc_a-mallocr.o)
                0x0800bea8                _malloc_r
 .text.__malloc_lock
                0x0800bfa8        0xc D:/STM32CubeIDE_2.1.0/STM32CubeIDE/plugins/com.st.stm32cube.ide.mcu.externaltools.gnu-tools-for-stm32.14.3.rel1.win32_1.0.100.202602081740/tools/bin/../lib/gcc/arm-none-eabi/14.3.1/../../../../arm-none-eabi/lib/thumb/v7e-m+fp/hard\libc_nano.a(libc_a-mlock.o)
                0x0800bfa8                __malloc_lock
 .text.__malloc_unlock
                0x0800bfb4        0xc D:/STM32CubeIDE_2.1.0/STM32CubeIDE/plugins/com.st.stm32cube.ide.mcu.externaltools.gnu-tools-for-stm32.14.3.rel1.win32_1.0.100.202602081740/tools/bin/../lib/gcc/arm-none-eabi/14.3.1/../../../../arm-none-eabi/lib/thumb/v7e-m+fp/hard\libc_nano.a(libc_a-mlock.o)
                0x0800bfb4                __malloc_unlock
 .text.__ssputs_r
                0x0800bfc0       0xc0 D:/STM32CubeIDE_2.1.0/STM32CubeIDE/plugins/com.st.stm32cube.ide.mcu.externaltools.gnu-tools-for-stm32.14.3.rel1.win32_1.0.100.202602081740/tools/bin/../lib/gcc/arm-none-eabi/14.3.1/../../../../arm-none-eabi/lib/thumb/v7e-m+fp/hard\libc_nano.a(libc_a-nano-svfprintf.o)
                0x0800bfc0                __ssputs_r
 .text._svfprintf_r
                0x0800c080      0x1f0 D:/STM32CubeIDE_2.1.0/STM32CubeIDE/plugins/com.st.stm32cube.ide.mcu.externaltools.gnu-tools-for-stm32.14.3.rel1.win32_1.0.100.202602081740/tools/bin/../lib/gcc/arm-none-eabi/14.3.1/../../../../arm-none-eabi/lib/thumb/v7e-m+fp/hard\libc_nano.a(libc_a-nano-svfprintf.o)
                0x0800c080                _svfiprintf_r
                0x0800c080                _svfprintf_r
 .text._printf_common
                0x0800c270       0xda D:/STM32CubeIDE_2.1.0/STM32CubeIDE/plugins/com.st.stm32cube.ide.mcu.externaltools.gnu-tools-for-stm32.14.3.rel1.win32_1.0.100.202602081740/tools/bin/../lib/gcc/arm-none-eabi/14.3.1/../../../../arm-none-eabi/lib/thumb/v7e-m+fp/hard\libc_nano.a(libc_a-nano-vfprintf_i.o)
                0x0800c270                _printf_common
 *fill*         0x0800c34a        0x2 
 .text._printf_i
                0x0800c34c      0x24c D:/STM32CubeIDE_2.1.0/STM32CubeIDE/plugins/com.st.stm32cube.ide.mcu.externaltools.gnu-tools-for-stm32.14.3.rel1.win32_1.0.100.202602081740/tools/bin/../lib/gcc/arm-none-eabi/14.3.1/../../../../arm-none-eabi/lib/thumb/v7e-m+fp/hard\libc_nano.a(libc_a-nano-vfprintf_i.o)
                0x0800c34c                _printf_i
 .text.memmove  0x0800c598       0x32 D:/STM32CubeIDE_2.1.0/STM32CubeIDE/plugins/com.st.stm32cube.ide.mcu.externaltools.gnu-tools-for-stm32.14.3.rel1.win32_1.0.100.202602081740/tools/bin/../lib/gcc/arm-none-eabi/14.3.1/../../../../arm-none-eabi/lib/thumb/v7e-m+fp/hard\libc_nano.a(libc_a-memmove.o)
                0x0800c598                memmove
 *fill*         0x0800c5ca        0x2 
 .text._sbrk_r  0x0800c5cc       0x20 D:/STM32CubeIDE_2.1.0/STM32CubeIDE/plugins/com.st.stm32cube.ide.mcu.externaltools.gnu-tools-for-stm32.14.3.rel1.win32_1.0.100.202602081740/tools/bin/../lib/gcc/arm-none-eabi/14.3.1/../../../../arm-none-eabi/lib/thumb/v7e-m+fp/hard\libc_nano.a(libc_a-sbrkr.o)
                0x0800c5cc                _sbrk_r
 .text.memcpy   0x0800c5ec       0x1c D:/STM32CubeIDE_2.1.0/STM32CubeIDE/plugins/com.st.stm32cube.ide.mcu.externaltools.gnu-tools-for-stm32.14.3.rel1.win32_1.0.100.202602081740/tools/bin/../lib/gcc/arm-none-eabi/14.3.1/../../../../arm-none-eabi/lib/thumb/v7e-m+fp/hard\libc_nano.a(libc_a-memcpy-stub.o)
                0x0800c5ec                memcpy
 .text._realloc_r
                0x0800c608       0x5c D:/STM32CubeIDE_2.1.0/STM32CubeIDE/plugins/com.st.stm32cube.ide.mcu.externaltools.gnu-tools-for-stm32.14.3.rel1.win32_1.0.100.202602081740/tools/bin/../lib/gcc/arm-none-eabi/14.3.1/../../../../arm-none-eabi/lib/thumb/v7e-m+fp/hard\libc_nano.a(libc_a-reallocr.o)
                0x0800c608                _realloc_r
 .text._malloc_usable_size_r
                0x0800c664       0x10 D:/STM32CubeIDE_2.1.0/STM32CubeIDE/plugins/com.st.stm32cube.ide.mcu.externaltools.gnu-tools-for-stm32.14.3.rel1.win32_1.0.100.202602081740/tools/bin/../lib/gcc/arm-none-eabi/14.3.1/../../../../arm-none-eabi/lib/thumb/v7e-m+fp/hard\libc_nano.a(libc_a-msizer.o)
                0x0800c664                _malloc_usable_size_r
 *(.glue_7)
 .glue_7        0x0800c674        0x0 linker stubs
 *(.glue_7t)
 .glue_7t       0x0800c674        0x0 linker stubs
 *(.eh_frame)
 .eh_frame      0x0800c674        0x0 D:/STM32CubeIDE_2.1.0/STM32CubeIDE/plugins/com.st.stm32cube.ide.mcu.externaltools.gnu-tools-for-stm32.14.3.rel1.win32_1.0.100.202602081740/tools/bin/../lib/gcc/arm-none-eabi/14.3.1/thumb/v7e-m+fp/hard/crtbegin.o
 *(.init)
 .init          0x0800c674        0x4 D:/STM32CubeIDE_2.1.0/STM32CubeIDE/plugins/com.st.stm32cube.ide.mcu.externaltools.gnu-tools-for-stm32.14.3.rel1.win32_1.0.100.202602081740/tools/bin/../lib/gcc/arm-none-eabi/14.3.1/thumb/v7e-m+fp/hard/crti.o
                0x0800c674                _init
 .init          0x0800c678        0x8 D:/STM32CubeIDE_2.1.0/STM32CubeIDE/plugins/com.st.stm32cube.ide.mcu.externaltools.gnu-tools-for-stm32.14.3.rel1.win32_1.0.100.202602081740/tools/bin/../lib/gcc/arm-none-eabi/14.3.1/thumb/v7e-m+fp/hard/crtn.o
 *(.fini)
 .fini          0x0800c680        0x4 D:/STM32CubeIDE_2.1.0/STM32CubeIDE/plugins/com.st.stm32cube.ide.mcu.externaltools.gnu-tools-for-stm32.14.3.rel1.win32_1.0.100.202602081740/tools/bin/../lib/gcc/arm-none-eabi/14.3.1/thumb/v7e-m+fp/hard/crti.o
                0x0800c680                _fini
 .fini          0x0800c684        0x8 D:/STM32CubeIDE_2.1.0/STM32CubeIDE/plugins/com.st.stm32cube.ide.mcu.externaltools.gnu-tools-for-stm32.14.3.rel1.win32_1.0.100.202602081740/tools/bin/../lib/gcc/arm-none-eabi/14.3.1/thumb/v7e-m+fp/hard/crtn.o
                0x0800c68c                        . = ALIGN (0x4)
                0x0800c68c                        _etext = .

.vfp11_veneer   0x0800c68c        0x0
 .vfp11_veneer  0x0800c68c        0x0 linker stubs

.v4_bx          0x0800c68c        0x0
 .v4_bx         0x0800c68c        0x0 linker stubs

.iplt           0x0800c68c        0x0
 .iplt          0x0800c68c        0x0 D:/STM32CubeIDE_2.1.0/STM32CubeIDE/plugins/com.st.stm32cube.ide.mcu.externaltools.gnu-tools-for-stm32.14.3.rel1.win32_1.0.100.202602081740/tools/bin/../lib/gcc/arm-none-eabi/14.3.1/thumb/v7e-m+fp/hard/crtbegin.o

.rodata         0x0800c68c     0x2410
                0x0800c68c                        . = ALIGN (0x4)
 *(.rodata)
 .rodata        0x0800c68c      0x125 ./Core/Src/fatfs_sd.o
 *fill*         0x0800c7b1        0x3 
 .rodata        0x0800c7b4       0x39 ./Core/Src/fisicas.o
 *fill*         0x0800c7ed        0x3 
 .rodata        0x0800c7f0      0x13c ./Core/Src/main.o
 .rodata        0x0800c92c       0x48 ./Middlewares/Third_Party/FatFs/src/ff.o
 *(.rodata*)
 .rodata.tilemap
                0x0800c974      0x258 ./Core/Src/fisicas.o
                0x0800c974                tilemap
 .rodata.smallFont
                0x0800cbcc      0x474 ./Core/Src/font.o
                0x0800cbcc                smallFont
 .rodata.bigFont
                0x0800d040      0xbe0 ./Core/Src/font.o
                0x0800d040                bigFont
 .rodata.v_m    0x0800dc20       0x70 ./Core/Src/main.o
                0x0800dc20                v_m
 .rodata.v_l    0x0800dc90       0x70 ./Core/Src/main.o
                0x0800dc90                v_l
 .rodata.mario  0x0800dd00      0x288 ./Core/Src/main.o
                0x0800dd00                mario
 .rodata.luigi  0x0800df88      0x288 ./Core/Src/main.o
                0x0800df88                luigi
 .rodata.tile2  0x0800e210      0x100 ./Core/Src/main.o
                0x0800e210                tile2
 .rodata.escalera
                0x0800e310      0x100 ./Core/Src/main.o
                0x0800e310                escalera
 .rodata.BARRIL_1
                0x0800e410      0x200 ./Core/Src/main.o
                0x0800e410                BARRIL_1
 .rodata.AHBPrescTable
                0x0800e610       0x10 ./Core/Src/system_stm32f4xx.o
                0x0800e610                AHBPrescTable
 .rodata.APBPrescTable
                0x0800e620        0x8 ./Core/Src/system_stm32f4xx.o
                0x0800e620                APBPrescTable
 .rodata.ExCvt  0x0800e628       0x80 ./Middlewares/Third_Party/FatFs/src/ff.o
 .rodata.LfnOfs
                0x0800e6a8        0xd ./Middlewares/Third_Party/FatFs/src/ff.o
 *fill*         0x0800e6b5        0x3 
 .rodata.Tbl    0x0800e6b8      0x100 ./Middlewares/Third_Party/FatFs/src/option/ccsbcs.o
 .rodata.cvt1.1
                0x0800e7b8      0x1f2 ./Middlewares/Third_Party/FatFs/src/option/ccsbcs.o
 *fill*         0x0800e9aa        0x2 
 .rodata.cvt2.0
                0x0800e9ac       0xbc ./Middlewares/Third_Party/FatFs/src/option/ccsbcs.o
 .rodata._svfprintf_r.str1.1
                0x0800ea68       0x33 D:/STM32CubeIDE_2.1.0/STM32CubeIDE/plugins/com.st.stm32cube.ide.mcu.externaltools.gnu-tools-for-stm32.14.3.rel1.win32_1.0.100.202602081740/tools/bin/../lib/gcc/arm-none-eabi/14.3.1/../../../../arm-none-eabi/lib/thumb/v7e-m+fp/hard\libc_nano.a(libc_a-nano-svfprintf.o)
                                 0x11 (size before relaxing)
 .rodata._printf_i.str1.1
                0x0800ea9b       0x22 D:/STM32CubeIDE_2.1.0/STM32CubeIDE/plugins/com.st.stm32cube.ide.mcu.externaltools.gnu-tools-for-stm32.14.3.rel1.win32_1.0.100.202602081740/tools/bin/../lib/gcc/arm-none-eabi/14.3.1/../../../../arm-none-eabi/lib/thumb/v7e-m+fp/hard\libc_nano.a(libc_a-nano-vfprintf_i.o)
                0x0800eac0                        . = ALIGN (0x4)
 *fill*         0x0800ea9b        0x1 

.ARM.extab      0x0800ea9c        0x0
                0x0800ea9c                        . = ALIGN (0x4)
 *(.ARM.extab* .gnu.linkonce.armextab.*)
                0x0800ea9c                        . = ALIGN (0x4)

.ARM            0x0800ea9c        0x8
                0x0800ea9c                        . = ALIGN (0x4)
                0x0800ea9c                        __exidx_start = .
 *(.ARM.exidx*)
 .ARM.exidx     0x0800ea9c        0x8 D:/STM32CubeIDE_2.1.0/STM32CubeIDE/plugins/com.st.stm32cube.ide.mcu.externaltools.gnu-tools-for-stm32.14.3.rel1.win32_1.0.100.202602081740/tools/bin/../lib/gcc/arm-none-eabi/14.3.1/../../../../arm-none-eabi/lib/thumb/v7e-m+fp/hard\libc_nano.a(libc_a-strlen.o)
 .ARM.exidx     0x0800eaa4        0x0 D:/STM32CubeIDE_2.1.0/STM32CubeIDE/plugins/com.st.stm32cube.ide.mcu.externaltools.gnu-tools-for-stm32.14.3.rel1.win32_1.0.100.202602081740/tools/bin/../lib/gcc/arm-none-eabi/14.3.1/../../../../arm-none-eabi/lib/thumb/v7e-m+fp/hard\libc_nano.a(libc_a-memchr.o)
                                  0x8 (size before relaxing)
 .ARM.exidx     0x0800eaa4        0x0 D:/STM32CubeIDE_2.1.0/STM32CubeIDE/plugins/com.st.stm32cube.ide.mcu.externaltools.gnu-tools-for-stm32.14.3.rel1.win32_1.0.100.202602081740/tools/bin/../lib/gcc/arm-none-eabi/14.3.1/thumb/v7e-m+fp/hard\libgcc.a(_udivmoddi4.o)
                                  0x8 (size before relaxing)
                0x0800eaa4                        __exidx_end = .
                0x0800eaa4                        . = ALIGN (0x4)

.preinit_array  0x0800eaa4        0x0
                0x0800eaa4                        . = ALIGN (0x4)
                0x0800eaa4                        PROVIDE (__preinit_array_start = .)
 *(.preinit_array*)
                0x0800eaa4                        PROVIDE (__preinit_array_end = .)
                0x0800eaa4                        . = ALIGN (0x4)

.init_array     0x0800eaa4        0x4
                0x0800eaa4                        . = ALIGN (0x4)
                0x0800eaa4                        PROVIDE (__init_array_start = .)
 *(SORT_BY_NAME(.init_array.*))
 *(.init_array*)
 .init_array    0x0800eaa4        0x4 D:/STM32CubeIDE_2.1.0/STM32CubeIDE/plugins/com.st.stm32cube.ide.mcu.externaltools.gnu-tools-for-stm32.14.3.rel1.win32_1.0.100.202602081740/tools/bin/../lib/gcc/arm-none-eabi/14.3.1/thumb/v7e-m+fp/hard/crtbegin.o
                0x0800eaa8                        PROVIDE (__init_array_end = .)
                0x0800eaa8                        . = ALIGN (0x4)

.fini_array     0x0800eaa8        0x4
                0x0800eaa8                        . = ALIGN (0x4)
                [!provide]                        PROVIDE (__fini_array_start = .)
 *(SORT_BY_NAME(.fini_array.*))
 *(.fini_array*)
 .fini_array    0x0800eaa8        0x4 D:/STM32CubeIDE_2.1.0/STM32CubeIDE/plugins/com.st.stm32cube.ide.mcu.externaltools.gnu-tools-for-stm32.14.3.rel1.win32_1.0.100.202602081740/tools/bin/../lib/gcc/arm-none-eabi/14.3.1/thumb/v7e-m+fp/hard/crtbegin.o
                [!provide]                        PROVIDE (__fini_array_end = .)
                0x0800eaac                        . = ALIGN (0x4)
                0x0800eaac                        _sidata = LOADADDR (.data)

.rel.dyn        0x0800eaac        0x0
 .rel.iplt      0x0800eaac        0x0 D:/STM32CubeIDE_2.1.0/STM32CubeIDE/plugins/com.st.stm32cube.ide.mcu.externaltools.gnu-tools-for-stm32.14.3.rel1.win32_1.0.100.202602081740/tools/bin/../lib/gcc/arm-none-eabi/14.3.1/thumb/v7e-m+fp/hard/crtbegin.o

.data           0x20000000       0x74 load address 0x0800eaac
                0x20000000                        . = ALIGN (0x4)
                0x20000000                        _sdata = .
 *(.data)
 *(.data*)
 .data.Stat     0x20000000        0x1 ./Core/Src/fatfs_sd.o
 *fill*         0x20000001        0x3 
 .data.SystemCoreClock
                0x20000004        0x4 ./Core/Src/system_stm32f4xx.o
                0x20000004                SystemCoreClock
 .data.uwTickPrio
                0x20000008        0x4 ./Drivers/STM32F4xx_HAL_Driver/Src/stm32f4xx_hal.o
                0x20000008                uwTickPrio
 .data.uwTickFreq
                0x2000000c        0x1 ./Drivers/STM32F4xx_HAL_Driver/Src/stm32f4xx_hal.o
                0x2000000c                uwTickFreq
 *fill*         0x2000000d        0x3 
 .data.USER_Driver
                0x20000010       0x14 ./FATFS/Target/user_diskio.o
                0x20000010                USER_Driver
 .data._impure_ptr
                0x20000024        0x4 D:/STM32CubeIDE_2.1.0/STM32CubeIDE/plugins/com.st.stm32cube.ide.mcu.externaltools.gnu-tools-for-stm32.14.3.rel1.win32_1.0.100.202602081740/tools/bin/../lib/gcc/arm-none-eabi/14.3.1/../../../../arm-none-eabi/lib/thumb/v7e-m+fp/hard\libc_nano.a(libc_a-impure.o)
                0x20000024                _impure_ptr
 .data._impure_data
                0x20000028       0x4c D:/STM32CubeIDE_2.1.0/STM32CubeIDE/plugins/com.st.stm32cube.ide.mcu.externaltools.gnu-tools-for-stm32.14.3.rel1.win32_1.0.100.202602081740/tools/bin/../lib/gcc/arm-none-eabi/14.3.1/../../../../arm-none-eabi/lib/thumb/v7e-m+fp/hard\libc_nano.a(libc_a-impure.o)
                0x20000028                _impure_data
 *(.RamFunc)
 *(.RamFunc*)
                0x20000074                        . = ALIGN (0x4)
                0x20000074                        _edata = .

.igot.plt       0x20000074        0x0 load address 0x0800eb20
 .igot.plt      0x20000074        0x0 D:/STM32CubeIDE_2.1.0/STM32CubeIDE/plugins/com.st.stm32cube.ide.mcu.externaltools.gnu-tools-for-stm32.14.3.rel1.win32_1.0.100.202602081740/tools/bin/../lib/gcc/arm-none-eabi/14.3.1/thumb/v7e-m+fp/hard/crtbegin.o
                0x20000074                        . = ALIGN (0x4)

.bss            0x20000074     0x31d8 load address 0x0800eb20
                0x20000074                        _sbss = .
                0x20000074                        __bss_start__ = _sbss
 *(.bss)
 .bss           0x20000074       0x1c D:/STM32CubeIDE_2.1.0/STM32CubeIDE/plugins/com.st.stm32cube.ide.mcu.externaltools.gnu-tools-for-stm32.14.3.rel1.win32_1.0.100.202602081740/tools/bin/../lib/gcc/arm-none-eabi/14.3.1/thumb/v7e-m+fp/hard/crtbegin.o
 *(.bss*)
 .bss.Timer1    0x20000090        0x2 ./Core/Src/fatfs_sd.o
                0x20000090                Timer1
 .bss.Timer2    0x20000092        0x2 ./Core/Src/fatfs_sd.o
                0x20000092                Timer2
 .bss.CardType  0x20000094        0x1 ./Core/Src/fatfs_sd.o
 .bss.PowerFlag
                0x20000095        0x1 ./Core/Src/fatfs_sd.o
 *fill*         0x20000096        0x2 
 .bss.jugadores
                0x20000098       0x38 ./Core/Src/fisicas.o
                0x20000098                jugadores
 .bss.enemigos  0x200000d0       0x60 ./Core/Src/fisicas.o
                0x200000d0                enemigos
 .bss.controles
                0x20000130        0xa ./Core/Src/fisicas.o
                0x20000130                controles
 .bss.barrilSpawnTimer
                0x2000013a        0x2 ./Core/Src/fisicas.o
                0x2000013a                barrilSpawnTimer
 .bss.estadoJuego
                0x2000013c        0x1 ./Core/Src/fisicas.o
                0x2000013c                estadoJuego
 *fill*         0x2000013d        0x1 
 .bss.dbgCount.0
                0x2000013e        0x2 ./Core/Src/fisicas.o
 .bss.busLookup
                0x20000140      0xc00 ./Core/Src/ili9341.o
                0x20000140                busLookup
 .bss.fs        0x20000d40     0x1038 ./Core/Src/main.o
                0x20000d40                fs
 .bss.fil       0x20001d78     0x1030 ./Core/Src/main.o
                0x20001d78                fil
 .bss.fres      0x20002da8        0x1 ./Core/Src/main.o
                0x20002da8                fres
 *fill*         0x20002da9        0x3 
 .bss.br        0x20002dac        0x4 ./Core/Src/main.o
                0x20002dac                br
 .bss.hi2c1     0x20002db0       0x54 ./Core/Src/main.o
                0x20002db0                hi2c1
 .bss.hspi1     0x20002e04       0x58 ./Core/Src/main.o
                0x20002e04                hspi1
 .bss.huart2    0x20002e5c       0x48 ./Core/Src/main.o
                0x20002e5c                huart2
 .bss.prevX     0x20002ea4        0x4 ./Core/Src/main.o
                0x20002ea4                prevX
 .bss.prevY     0x20002ea8        0x4 ./Core/Src/main.o
                0x20002ea8                prevY
 .bss.prevEnemyX
                0x20002eac        0x8 ./Core/Src/main.o
                0x20002eac                prevEnemyX
 .bss.prevEnemyY
                0x20002eb4        0x8 ./Core/Src/main.o
                0x20002eb4                prevEnemyY
 .bss.prevVidas
                0x20002ebc        0x2 ./Core/Src/main.o
                0x20002ebc                prevVidas
 .bss.estadoPintado
                0x20002ebe        0x1 ./Core/Src/main.o
                0x20002ebe                estadoPintado
 *fill*         0x20002ebf        0x1 
 .bss.__sbrk_heap_end
                0x20002ec0        0x4 ./Core/Src/sysmem.o
 .bss.uwTick    0x20002ec4        0x4 ./Drivers/STM32F4xx_HAL_Driver/Src/stm32f4xx_hal.o
                0x20002ec4                uwTick
 .bss.retUSER   0x20002ec8        0x1 ./FATFS/App/fatfs.o
                0x20002ec8                retUSER
 *fill*         0x20002ec9        0x3 
 .bss.USERPath  0x20002ecc        0x4 ./FATFS/App/fatfs.o
                0x20002ecc                USERPath
 .bss.FatFs     0x20002ed0        0x4 ./Middlewares/Third_Party/FatFs/src/ff.o
 .bss.Fsid      0x20002ed4        0x2 ./Middlewares/Third_Party/FatFs/src/ff.o
 *fill*         0x20002ed6        0x2 
 .bss.Files     0x20002ed8       0x20 ./Middlewares/Third_Party/FatFs/src/ff.o
 .bss.LfnBuf    0x20002ef8      0x200 ./Middlewares/Third_Party/FatFs/src/ff.o
 .bss.disk      0x200030f8        0xc ./Middlewares/Third_Party/FatFs/src/ff_gen_drv.o
                0x200030f8                disk
 .bss.__sf      0x20003104      0x138 D:/STM32CubeIDE_2.1.0/STM32CubeIDE/plugins/com.st.stm32cube.ide.mcu.externaltools.gnu-tools-for-stm32.14.3.rel1.win32_1.0.100.202602081740/tools/bin/../lib/gcc/arm-none-eabi/14.3.1/../../../../arm-none-eabi/lib/thumb/v7e-m+fp/hard\libc_nano.a(libc_a-findfp.o)
                0x20003104                __sf
 .bss.errno     0x2000323c        0x4 D:/STM32CubeIDE_2.1.0/STM32CubeIDE/plugins/com.st.stm32cube.ide.mcu.externaltools.gnu-tools-for-stm32.14.3.rel1.win32_1.0.100.202602081740/tools/bin/../lib/gcc/arm-none-eabi/14.3.1/../../../../arm-none-eabi/lib/thumb/v7e-m+fp/hard\libc_nano.a(libc_a-reent.o)
                0x2000323c                errno
 .bss.__lock___malloc_recursive_mutex
                0x20003240        0x1 D:/STM32CubeIDE_2.1.0/STM32CubeIDE/plugins/com.st.stm32cube.ide.mcu.externaltools.gnu-tools-for-stm32.14.3.rel1.win32_1.0.100.202602081740/tools/bin/../lib/gcc/arm-none-eabi/14.3.1/../../../../arm-none-eabi/lib/thumb/v7e-m+fp/hard\libc_nano.a(libc_a-lock.o)
                0x20003240                __lock___malloc_recursive_mutex
 *fill*         0x20003241        0x3 
 .bss.__malloc_sbrk_start
                0x20003244        0x4 D:/STM32CubeIDE_2.1.0/STM32CubeIDE/plugins/com.st.stm32cube.ide.mcu.externaltools.gnu-tools-for-stm32.14.3.rel1.win32_1.0.100.202602081740/tools/bin/../lib/gcc/arm-none-eabi/14.3.1/../../../../arm-none-eabi/lib/thumb/v7e-m+fp/hard\libc_nano.a(libc_a-mallocr.o)
                0x20003244                __malloc_sbrk_start
 .bss.__malloc_free_list
                0x20003248        0x4 D:/STM32CubeIDE_2.1.0/STM32CubeIDE/plugins/com.st.stm32cube.ide.mcu.externaltools.gnu-tools-for-stm32.14.3.rel1.win32_1.0.100.202602081740/tools/bin/../lib/gcc/arm-none-eabi/14.3.1/../../../../arm-none-eabi/lib/thumb/v7e-m+fp/hard\libc_nano.a(libc_a-mallocr.o)
                0x20003248                __malloc_free_list
 *(COMMON)
                0x2000324c                        . = ALIGN (0x4)
                0x2000324c                        _ebss = .
                0x2000324c                        __bss_end__ = _ebss

._user_heap_stack
                0x2000324c      0x604 load address 0x0800eb20
                0x20003250                        . = ALIGN (0x8)
 *fill*         0x2000324c        0x4 
                [!provide]                        PROVIDE (end = .)
                0x20003250                        PROVIDE (_end = .)
                0x20003450                        . = (. + _Min_Heap_Size)
 *fill*         0x20003250      0x200 
                0x20003850                        . = (. + _Min_Stack_Size)
 *fill*         0x20003450      0x400 
                0x20003850                        . = ALIGN (0x8)

/DISCARD/
 libc.a(*)
 libm.a(*)
 libgcc.a(*)

.ARM.attributes
                0x00000000       0x30
 *(.ARM.attributes)
 .ARM.attributes
                0x00000000       0x22 D:/STM32CubeIDE_2.1.0/STM32CubeIDE/plugins/com.st.stm32cube.ide.mcu.externaltools.gnu-tools-for-stm32.14.3.rel1.win32_1.0.100.202602081740/tools/bin/../lib/gcc/arm-none-eabi/14.3.1/thumb/v7e-m+fp/hard/crti.o
 .ARM.attributes
                0x00000022       0x34 D:/STM32CubeIDE_2.1.0/STM32CubeIDE/plugins/com.st.stm32cube.ide.mcu.externaltools.gnu-tools-for-stm32.14.3.rel1.win32_1.0.100.202602081740/tools/bin/../lib/gcc/arm-none-eabi/14.3.1/thumb/v7e-m+fp/hard/crtbegin.o
 .ARM.attributes
                0x00000056       0x34 ./Core/Src/fatfs_sd.o
 .ARM.attributes
                0x0000008a       0x34 ./Core/Src/fisicas.o
 .ARM.attributes
                0x000000be       0x34 ./Core/Src/font.o
 .ARM.attributes
                0x000000f2       0x34 ./Core/Src/ili9341.o
 .ARM.attributes
                0x00000126       0x34 ./Core/Src/main.o
 .ARM.attributes
                0x0000015a       0x34 ./Core/Src/stm32f4xx_hal_msp.o
 .ARM.attributes
                0x0000018e       0x34 ./Core/Src/stm32f4xx_it.o
 .ARM.attributes
                0x000001c2       0x34 ./Core/Src/sysmem.o
 .ARM.attributes
                0x000001f6       0x34 ./Core/Src/system_stm32f4xx.o
 .ARM.attributes
                0x0000022a       0x21 ./Core/Startup/startup_stm32f446retx.o
 .ARM.attributes
                0x0000024b       0x34 ./Drivers/STM32F4xx_HAL_Driver/Src/stm32f4xx_hal.o
 .ARM.attributes
                0x0000027f       0x34 ./Drivers/STM32F4xx_HAL_Driver/Src/stm32f4xx_hal_cortex.o
 .ARM.attributes
                0x000002b3       0x34 ./Drivers/STM32F4xx_HAL_Driver/Src/stm32f4xx_hal_dma.o
 .ARM.attributes
                0x000002e7       0x34 ./Drivers/STM32F4xx_HAL_Driver/Src/stm32f4xx_hal_gpio.o
 .ARM.attributes
                0x0000031b       0x34 ./Drivers/STM32F4xx_HAL_Driver/Src/stm32f4xx_hal_i2c.o
 .ARM.attributes
                0x0000034f       0x34 ./Drivers/STM32F4xx_HAL_Driver/Src/stm32f4xx_hal_rcc.o
 .ARM.attributes
                0x00000383       0x34 ./Drivers/STM32F4xx_HAL_Driver/Src/stm32f4xx_hal_rcc_ex.o
 .ARM.attributes
                0x000003b7       0x34 ./Drivers/STM32F4xx_HAL_Driver/Src/stm32f4xx_hal_spi.o
 .ARM.attributes
                0x000003eb       0x34 ./Drivers/STM32F4xx_HAL_Driver/Src/stm32f4xx_hal_uart.o
 .ARM.attributes
                0x0000041f       0x34 ./FATFS/App/fatfs.o
 .ARM.attributes
                0x00000453       0x34 ./FATFS/Target/user_diskio.o
 .ARM.attributes
                0x00000487       0x34 ./Middlewares/Third_Party/FatFs/src/diskio.o
 .ARM.attributes
                0x000004bb       0x34 ./Middlewares/Third_Party/FatFs/src/ff.o
 .ARM.attributes
                0x000004ef       0x34 ./Middlewares/Third_Party/FatFs/src/ff_gen_drv.o
 .ARM.attributes
                0x00000523       0x34 ./Middlewares/Third_Party/FatFs/src/option/ccsbcs.o
 .ARM.attributes
                0x00000557       0x34 D:/STM32CubeIDE_2.1.0/STM32CubeIDE/plugins/com.st.stm32cube.ide.mcu.externaltools.gnu-tools-for-stm32.14.3.rel1.win32_1.0.100.202602081740/tools/bin/../lib/gcc/arm-none-eabi/14.3.1/../../../../arm-none-eabi/lib/thumb/v7e-m+fp/hard\libc_nano.a(libc_a-findfp.o)
 .ARM.attributes
                0x0000058b       0x34 D:/STM32CubeIDE_2.1.0/STM32CubeIDE/plugins/com.st.stm32cube.ide.mcu.externaltools.gnu-tools-for-stm32.14.3.rel1.win32_1.0.100.202602081740/tools/bin/../lib/gcc/arm-none-eabi/14.3.1/../../../../arm-none-eabi/lib/thumb/v7e-m+fp/hard\libc_nano.a(libc_a-sprintf.o)
 .ARM.attributes
                0x000005bf       0x34 D:/STM32CubeIDE_2.1.0/STM32CubeIDE/plugins/com.st.stm32cube.ide.mcu.externaltools.gnu-tools-for-stm32.14.3.rel1.win32_1.0.100.202602081740/tools/bin/../lib/gcc/arm-none-eabi/14.3.1/../../../../arm-none-eabi/lib/thumb/v7e-m+fp/hard\libc_nano.a(libc_a-memset.o)
 .ARM.attributes
                0x000005f3       0x34 D:/STM32CubeIDE_2.1.0/STM32CubeIDE/plugins/com.st.stm32cube.ide.mcu.externaltools.gnu-tools-for-stm32.14.3.rel1.win32_1.0.100.202602081740/tools/bin/../lib/gcc/arm-none-eabi/14.3.1/../../../../arm-none-eabi/lib/thumb/v7e-m+fp/hard\libc_nano.a(libc_a-reent.o)
 .ARM.attributes
                0x00000627       0x34 D:/STM32CubeIDE_2.1.0/STM32CubeIDE/plugins/com.st.stm32cube.ide.mcu.externaltools.gnu-tools-for-stm32.14.3.rel1.win32_1.0.100.202602081740/tools/bin/../lib/gcc/arm-none-eabi/14.3.1/../../../../arm-none-eabi/lib/thumb/v7e-m+fp/hard\libc_nano.a(libc_a-impure.o)
 .ARM.attributes
                0x0000065b       0x34 D:/STM32CubeIDE_2.1.0/STM32CubeIDE/plugins/com.st.stm32cube.ide.mcu.externaltools.gnu-tools-for-stm32.14.3.rel1.win32_1.0.100.202602081740/tools/bin/../lib/gcc/arm-none-eabi/14.3.1/../../../../arm-none-eabi/lib/thumb/v7e-m+fp/hard\libc_nano.a(libc_a-errno.o)
 .ARM.attributes
                0x0000068f       0x34 D:/STM32CubeIDE_2.1.0/STM32CubeIDE/plugins/com.st.stm32cube.ide.mcu.externaltools.gnu-tools-for-stm32.14.3.rel1.win32_1.0.100.202602081740/tools/bin/../lib/gcc/arm-none-eabi/14.3.1/../../../../arm-none-eabi/lib/thumb/v7e-m+fp/hard\libc_nano.a(libc_a-init.o)
 .ARM.attributes
                0x000006c3       0x34 D:/STM32CubeIDE_2.1.0/STM32CubeIDE/plugins/com.st.stm32cube.ide.mcu.externaltools.gnu-tools-for-stm32.14.3.rel1.win32_1.0.100.202602081740/tools/bin/../lib/gcc/arm-none-eabi/14.3.1/../../../../arm-none-eabi/lib/thumb/v7e-m+fp/hard\libc_nano.a(libc_a-lock.o)
 .ARM.attributes
                0x000006f7       0x17 D:/STM32CubeIDE_2.1.0/STM32CubeIDE/plugins/com.st.stm32cube.ide.mcu.externaltools.gnu-tools-for-stm32.14.3.rel1.win32_1.0.100.202602081740/tools/bin/../lib/gcc/arm-none-eabi/14.3.1/../../../../arm-none-eabi/lib/thumb/v7e-m+fp/hard\libc_nano.a(libc_a-strlen.o)
 .ARM.attributes
                0x0000070e       0x34 D:/STM32CubeIDE_2.1.0/STM32CubeIDE/plugins/com.st.stm32cube.ide.mcu.externaltools.gnu-tools-for-stm32.14.3.rel1.win32_1.0.100.202602081740/tools/bin/../lib/gcc/arm-none-eabi/14.3.1/../../../../arm-none-eabi/lib/thumb/v7e-m+fp/hard\libc_nano.a(libc_a-freer.o)
 .ARM.attributes
                0x00000742       0x34 D:/STM32CubeIDE_2.1.0/STM32CubeIDE/plugins/com.st.stm32cube.ide.mcu.externaltools.gnu-tools-for-stm32.14.3.rel1.win32_1.0.100.202602081740/tools/bin/../lib/gcc/arm-none-eabi/14.3.1/../../../../arm-none-eabi/lib/thumb/v7e-m+fp/hard\libc_nano.a(libc_a-mallocr.o)
 .ARM.attributes
                0x00000776       0x34 D:/STM32CubeIDE_2.1.0/STM32CubeIDE/plugins/com.st.stm32cube.ide.mcu.externaltools.gnu-tools-for-stm32.14.3.rel1.win32_1.0.100.202602081740/tools/bin/../lib/gcc/arm-none-eabi/14.3.1/../../../../arm-none-eabi/lib/thumb/v7e-m+fp/hard\libc_nano.a(libc_a-mlock.o)
 .ARM.attributes
                0x000007aa       0x34 D:/STM32CubeIDE_2.1.0/STM32CubeIDE/plugins/com.st.stm32cube.ide.mcu.externaltools.gnu-tools-for-stm32.14.3.rel1.win32_1.0.100.202602081740/tools/bin/../lib/gcc/arm-none-eabi/14.3.1/../../../../arm-none-eabi/lib/thumb/v7e-m+fp/hard\libc_nano.a(libc_a-nano-svfprintf.o)
 .ARM.attributes
                0x000007de       0x34 D:/STM32CubeIDE_2.1.0/STM32CubeIDE/plugins/com.st.stm32cube.ide.mcu.externaltools.gnu-tools-for-stm32.14.3.rel1.win32_1.0.100.202602081740/tools/bin/../lib/gcc/arm-none-eabi/14.3.1/../../../../arm-none-eabi/lib/thumb/v7e-m+fp/hard\libc_nano.a(libc_a-nano-vfprintf_i.o)
 .ARM.attributes
                0x00000812       0x34 D:/STM32CubeIDE_2.1.0/STM32CubeIDE/plugins/com.st.stm32cube.ide.mcu.externaltools.gnu-tools-for-stm32.14.3.rel1.win32_1.0.100.202602081740/tools/bin/../lib/gcc/arm-none-eabi/14.3.1/../../../../arm-none-eabi/lib/thumb/v7e-m+fp/hard\libc_nano.a(libc_a-memmove.o)
 .ARM.attributes
                0x00000846       0x34 D:/STM32CubeIDE_2.1.0/STM32CubeIDE/plugins/com.st.stm32cube.ide.mcu.externaltools.gnu-tools-for-stm32.14.3.rel1.win32_1.0.100.202602081740/tools/bin/../lib/gcc/arm-none-eabi/14.3.1/../../../../arm-none-eabi/lib/thumb/v7e-m+fp/hard\libc_nano.a(libc_a-sbrkr.o)
 .ARM.attributes
                0x0000087a       0x1c D:/STM32CubeIDE_2.1.0/STM32CubeIDE/plugins/com.st.stm32cube.ide.mcu.externaltools.gnu-tools-for-stm32.14.3.rel1.win32_1.0.100.202602081740/tools/bin/../lib/gcc/arm-none-eabi/14.3.1/../../../../arm-none-eabi/lib/thumb/v7e-m+fp/hard\libc_nano.a(libc_a-memchr.o)
 .ARM.attributes
                0x00000896       0x34 D:/STM32CubeIDE_2.1.0/STM32CubeIDE/plugins/com.st.stm32cube.ide.mcu.externaltools.gnu-tools-for-stm32.14.3.rel1.win32_1.0.100.202602081740/tools/bin/../lib/gcc/arm-none-eabi/14.3.1/../../../../arm-none-eabi/lib/thumb/v7e-m+fp/hard\libc_nano.a(libc_a-memcpy-stub.o)
 .ARM.attributes
                0x000008ca       0x34 D:/STM32CubeIDE_2.1.0/STM32CubeIDE/plugins/com.st.stm32cube.ide.mcu.externaltools.gnu-tools-for-stm32.14.3.rel1.win32_1.0.100.202602081740/tools/bin/../lib/gcc/arm-none-eabi/14.3.1/../../../../arm-none-eabi/lib/thumb/v7e-m+fp/hard\libc_nano.a(libc_a-reallocr.o)
 .ARM.attributes
                0x000008fe       0x34 D:/STM32CubeIDE_2.1.0/STM32CubeIDE/plugins/com.st.stm32cube.ide.mcu.externaltools.gnu-tools-for-stm32.14.3.rel1.win32_1.0.100.202602081740/tools/bin/../lib/gcc/arm-none-eabi/14.3.1/../../../../arm-none-eabi/lib/thumb/v7e-m+fp/hard\libc_nano.a(libc_a-msizer.o)
 .ARM.attributes
                0x00000932       0x22 D:/STM32CubeIDE_2.1.0/STM32CubeIDE/plugins/com.st.stm32cube.ide.mcu.externaltools.gnu-tools-for-stm32.14.3.rel1.win32_1.0.100.202602081740/tools/bin/../lib/gcc/arm-none-eabi/14.3.1/thumb/v7e-m+fp/hard\libgcc.a(_aeabi_uldivmod.o)
 .ARM.attributes
                0x00000954       0x34 D:/STM32CubeIDE_2.1.0/STM32CubeIDE/plugins/com.st.stm32cube.ide.mcu.externaltools.gnu-tools-for-stm32.14.3.rel1.win32_1.0.100.202602081740/tools/bin/../lib/gcc/arm-none-eabi/14.3.1/thumb/v7e-m+fp/hard\libgcc.a(_udivmoddi4.o)
 .ARM.attributes
                0x00000988       0x22 D:/STM32CubeIDE_2.1.0/STM32CubeIDE/plugins/com.st.stm32cube.ide.mcu.externaltools.gnu-tools-for-stm32.14.3.rel1.win32_1.0.100.202602081740/tools/bin/../lib/gcc/arm-none-eabi/14.3.1/thumb/v7e-m+fp/hard\libgcc.a(_dvmd_tls.o)
 .ARM.attributes
                0x000009aa       0x22 D:/STM32CubeIDE_2.1.0/STM32CubeIDE/plugins/com.st.stm32cube.ide.mcu.externaltools.gnu-tools-for-stm32.14.3.rel1.win32_1.0.100.202602081740/tools/bin/../lib/gcc/arm-none-eabi/14.3.1/thumb/v7e-m+fp/hard/crtn.o
OUTPUT(MAIN_MCU.elf elf32-littlearm)
LOAD linker stubs
LOAD D:/STM32CubeIDE_2.1.0/STM32CubeIDE/plugins/com.st.stm32cube.ide.mcu.externaltools.gnu-tools-for-stm32.14.3.rel1.win32_1.0.100.202602081740/tools/bin/../lib/gcc/arm-none-eabi/14.3.1/../../../../arm-none-eabi/lib/thumb/v7e-m+fp/hard\libc.a
LOAD D:/STM32CubeIDE_2.1.0/STM32CubeIDE/plugins/com.st.stm32cube.ide.mcu.externaltools.gnu-tools-for-stm32.14.3.rel1.win32_1.0.100.202602081740/tools/bin/../lib/gcc/arm-none-eabi/14.3.1/../../../../arm-none-eabi/lib/thumb/v7e-m+fp/hard\libm.a
LOAD D:/STM32CubeIDE_2.1.0/STM32CubeIDE/plugins/com.st.stm32cube.ide.mcu.externaltools.gnu-tools-for-stm32.14.3.rel1.win32_1.0.100.202602081740/tools/bin/../lib/gcc/arm-none-eabi/14.3.1/thumb/v7e-m+fp/hard\libgcc.a

.debug_info     0x00000000    0x14fe0
 .debug_info    0x00000000     0x107d ./Core/Src/fatfs_sd.o
 .debug_info    0x0000107d     0x144a ./Core/Src/fisicas.o
 .debug_info    0x000024c7       0xf1 ./Core/Src/font.o
 .debug_info    0x000025b8      0xdc5 ./Core/Src/ili9341.o
 .debug_info    0x0000337d     0x2319 ./Core/Src/main.o
 .debug_info    0x00005696     0x11be ./Core/Src/stm32f4xx_hal_msp.o
 .debug_info    0x00006854      0x6cd ./Core/Src/stm32f4xx_it.o
 .debug_info    0x00006f21      0x168 ./Core/Src/sysmem.o
 .debug_info    0x00007089      0x54a ./Core/Src/system_stm32f4xx.o
 .debug_info    0x000075d3       0x30 ./Core/Startup/startup_stm32f446retx.o
 .debug_info    0x00007603      0x99a ./Drivers/STM32F4xx_HAL_Driver/Src/stm32f4xx_hal.o
 .debug_info    0x00007f9d      0xdaa ./Drivers/STM32F4xx_HAL_Driver/Src/stm32f4xx_hal_cortex.o
 .debug_info    0x00008d47      0x8e7 ./Drivers/STM32F4xx_HAL_Driver/Src/stm32f4xx_hal_dma.o
 .debug_info    0x0000962e      0x70b ./Drivers/STM32F4xx_HAL_Driver/Src/stm32f4xx_hal_gpio.o
 .debug_info    0x00009d39     0x2421 ./Drivers/STM32F4xx_HAL_Driver/Src/stm32f4xx_hal_i2c.o
 .debug_info    0x0000c15a      0x8ff ./Drivers/STM32F4xx_HAL_Driver/Src/stm32f4xx_hal_rcc.o
 .debug_info    0x0000ca59      0x960 ./Drivers/STM32F4xx_HAL_Driver/Src/stm32f4xx_hal_rcc_ex.o
 .debug_info    0x0000d3b9     0x1525 ./Drivers/STM32F4xx_HAL_Driver/Src/stm32f4xx_hal_spi.o
 .debug_info    0x0000e8de     0x2f4f ./Drivers/STM32F4xx_HAL_Driver/Src/stm32f4xx_hal_uart.o
 .debug_info    0x0001182d      0x508 ./FATFS/App/fatfs.o
 .debug_info    0x00011d35      0x3a5 ./FATFS/Target/user_diskio.o
 .debug_info    0x000120da      0x3df ./Middlewares/Third_Party/FatFs/src/diskio.o
 .debug_info    0x000124b9     0x25ef ./Middlewares/Third_Party/FatFs/src/ff.o
 .debug_info    0x00014aa8      0x37f ./Middlewares/Third_Party/FatFs/src/ff_gen_drv.o
 .debug_info    0x00014e27      0x1b9 ./Middlewares/Third_Party/FatFs/src/option/ccsbcs.o

.debug_abbrev   0x00000000     0x323f
 .debug_abbrev  0x00000000      0x328 ./Core/Src/fatfs_sd.o
 .debug_abbrev  0x00000328      0x363 ./Core/Src/fisicas.o
 .debug_abbrev  0x0000068b       0x64 ./Core/Src/font.o
 .debug_abbrev  0x000006ef      0x25f ./Core/Src/ili9341.o
 .debug_abbrev  0x0000094e      0x3eb ./Core/Src/main.o
 .debug_abbrev  0x00000d39      0x1f9 ./Core/Src/stm32f4xx_hal_msp.o
 .debug_abbrev  0x00000f32      0x183 ./Core/Src/stm32f4xx_it.o
 .debug_abbrev  0x000010b5       0xbc ./Core/Src/sysmem.o
 .debug_abbrev  0x00001171      0x11a ./Core/Src/system_stm32f4xx.o
 .debug_abbrev  0x0000128b       0x24 ./Core/Startup/startup_stm32f446retx.o
 .debug_abbrev  0x000012af      0x214 ./Drivers/STM32F4xx_HAL_Driver/Src/stm32f4xx_hal.o
 .debug_abbrev  0x000014c3      0x31d ./Drivers/STM32F4xx_HAL_Driver/Src/stm32f4xx_hal_cortex.o
 .debug_abbrev  0x000017e0      0x264 ./Drivers/STM32F4xx_HAL_Driver/Src/stm32f4xx_hal_dma.o
 .debug_abbrev  0x00001a44      0x1d4 ./Drivers/STM32F4xx_HAL_Driver/Src/stm32f4xx_hal_gpio.o
 .debug_abbrev  0x00001c18      0x2ad ./Drivers/STM32F4xx_HAL_Driver/Src/stm32f4xx_hal_i2c.o
 .debug_abbrev  0x00001ec5      0x2b7 ./Drivers/STM32F4xx_HAL_Driver/Src/stm32f4xx_hal_rcc.o
 .debug_abbrev  0x0000217c      0x211 ./Drivers/STM32F4xx_HAL_Driver/Src/stm32f4xx_hal_rcc_ex.o
 .debug_abbrev  0x0000238d      0x27a ./Drivers/STM32F4xx_HAL_Driver/Src/stm32f4xx_hal_spi.o
 .debug_abbrev  0x00002607      0x30e ./Drivers/STM32F4xx_HAL_Driver/Src/stm32f4xx_hal_uart.o
 .debug_abbrev  0x00002915      0x15e ./FATFS/App/fatfs.o
 .debug_abbrev  0x00002a73      0x144 ./FATFS/Target/user_diskio.o
 .debug_abbrev  0x00002bb7      0x181 ./Middlewares/Third_Party/FatFs/src/diskio.o
 .debug_abbrev  0x00002d38      0x28a ./Middlewares/Third_Party/FatFs/src/ff.o
 .debug_abbrev  0x00002fc2      0x19f ./Middlewares/Third_Party/FatFs/src/ff_gen_drv.o
 .debug_abbrev  0x00003161       0xde ./Middlewares/Third_Party/FatFs/src/option/ccsbcs.o

.debug_aranges  0x00000000     0x1200
 .debug_aranges
                0x00000000       0xb0 ./Core/Src/fatfs_sd.o
 .debug_aranges
                0x000000b0       0xc0 ./Core/Src/fisicas.o
 .debug_aranges
                0x00000170       0x18 ./Core/Src/font.o
 .debug_aranges
                0x00000188       0xa8 ./Core/Src/ili9341.o
 .debug_aranges
                0x00000230       0xd0 ./Core/Src/main.o
 .debug_aranges
                0x00000300       0x50 ./Core/Src/stm32f4xx_hal_msp.o
 .debug_aranges
                0x00000350       0x70 ./Core/Src/stm32f4xx_it.o
 .debug_aranges
                0x000003c0       0x20 ./Core/Src/sysmem.o
 .debug_aranges
                0x000003e0       0x28 ./Core/Src/system_stm32f4xx.o
 .debug_aranges
                0x00000408       0x28 ./Core/Startup/startup_stm32f446retx.o
 .debug_aranges
                0x00000430       0xf0 ./Drivers/STM32F4xx_HAL_Driver/Src/stm32f4xx_hal.o
 .debug_aranges
                0x00000520      0x130 ./Drivers/STM32F4xx_HAL_Driver/Src/stm32f4xx_hal_cortex.o
 .debug_aranges
                0x00000650       0x90 ./Drivers/STM32F4xx_HAL_Driver/Src/stm32f4xx_hal_dma.o
 .debug_aranges
                0x000006e0       0x58 ./Drivers/STM32F4xx_HAL_Driver/Src/stm32f4xx_hal_gpio.o
 .debug_aranges
                0x00000738      0x2a8 ./Drivers/STM32F4xx_HAL_Driver/Src/stm32f4xx_hal_i2c.o
 .debug_aranges
                0x000009e0       0x88 ./Drivers/STM32F4xx_HAL_Driver/Src/stm32f4xx_hal_rcc.o
 .debug_aranges
                0x00000a68       0x78 ./Drivers/STM32F4xx_HAL_Driver/Src/stm32f4xx_hal_rcc_ex.o
 .debug_aranges
                0x00000ae0      0x1d0 ./Drivers/STM32F4xx_HAL_Driver/Src/stm32f4xx_hal_spi.o
 .debug_aranges
                0x00000cb0      0x208 ./Drivers/STM32F4xx_HAL_Driver/Src/stm32f4xx_hal_uart.o
 .debug_aranges
                0x00000eb8       0x28 ./FATFS/App/fatfs.o
 .debug_aranges
                0x00000ee0       0x40 ./FATFS/Target/user_diskio.o
 .debug_aranges
                0x00000f20       0x48 ./Middlewares/Third_Party/FatFs/src/diskio.o
 .debug_aranges
                0x00000f68      0x230 ./Middlewares/Third_Party/FatFs/src/ff.o
 .debug_aranges
                0x00001198       0x40 ./Middlewares/Third_Party/FatFs/src/ff_gen_drv.o
 .debug_aranges
                0x000011d8       0x28 ./Middlewares/Third_Party/FatFs/src/option/ccsbcs.o

.debug_rnglists
                0x00000000      0xe0d
 .debug_rnglists
                0x00000000       0x86 ./Core/Src/fatfs_sd.o
 .debug_rnglists
                0x00000086       0x96 ./Core/Src/fisicas.o
 .debug_rnglists
                0x0000011c       0x85 ./Core/Src/ili9341.o
 .debug_rnglists
                0x000001a1       0xb3 ./Core/Src/main.o
 .debug_rnglists
                0x00000254       0x3a ./Core/Src/stm32f4xx_hal_msp.o
 .debug_rnglists
                0x0000028e       0x4f ./Core/Src/stm32f4xx_it.o
 .debug_rnglists
                0x000002dd       0x13 ./Core/Src/sysmem.o
 .debug_rnglists
                0x000002f0       0x1a ./Core/Src/system_stm32f4xx.o
 .debug_rnglists
                0x0000030a       0x19 ./Core/Startup/startup_stm32f446retx.o
 .debug_rnglists
                0x00000323       0xaf ./Drivers/STM32F4xx_HAL_Driver/Src/stm32f4xx_hal.o
 .debug_rnglists
                0x000003d2       0xe0 ./Drivers/STM32F4xx_HAL_Driver/Src/stm32f4xx_hal_cortex.o
 .debug_rnglists
                0x000004b2       0x70 ./Drivers/STM32F4xx_HAL_Driver/Src/stm32f4xx_hal_dma.o
 .debug_rnglists
                0x00000522       0x3f ./Drivers/STM32F4xx_HAL_Driver/Src/stm32f4xx_hal_gpio.o
 .debug_rnglists
                0x00000561      0x23c ./Drivers/STM32F4xx_HAL_Driver/Src/stm32f4xx_hal_i2c.o
 .debug_rnglists
                0x0000079d       0x66 ./Drivers/STM32F4xx_HAL_Driver/Src/stm32f4xx_hal_rcc.o
 .debug_rnglists
                0x00000803       0x5e ./Drivers/STM32F4xx_HAL_Driver/Src/stm32f4xx_hal_rcc_ex.o
 .debug_rnglists
                0x00000861      0x16f ./Drivers/STM32F4xx_HAL_Driver/Src/stm32f4xx_hal_spi.o
 .debug_rnglists
                0x000009d0      0x1bc ./Drivers/STM32F4xx_HAL_Driver/Src/stm32f4xx_hal_uart.o
 .debug_rnglists
                0x00000b8c       0x19 ./FATFS/App/fatfs.o
 .debug_rnglists
                0x00000ba5       0x2b ./FATFS/Target/user_diskio.o
 .debug_rnglists
                0x00000bd0       0x31 ./Middlewares/Third_Party/FatFs/src/diskio.o
 .debug_rnglists
                0x00000c01      0x1c6 ./Middlewares/Third_Party/FatFs/src/ff.o
 .debug_rnglists
                0x00000dc7       0x2c ./Middlewares/Third_Party/FatFs/src/ff_gen_drv.o
 .debug_rnglists
                0x00000df3       0x1a ./Middlewares/Third_Party/FatFs/src/option/ccsbcs.o

.debug_macro    0x00000000    0x24b6d
 .debug_macro   0x00000000      0x30c ./Core/Src/fatfs_sd.o
 .debug_macro   0x0000030c      0xad8 ./Core/Src/fatfs_sd.o
 .debug_macro   0x00000de4       0x22 ./Core/Src/fatfs_sd.o
 .debug_macro   0x00000e06       0x5b ./Core/Src/fatfs_sd.o
 .debug_macro   0x00000e61       0x2a ./Core/Src/fatfs_sd.o
 .debug_macro   0x00000e8b       0x94 ./Core/Src/fatfs_sd.o
 .debug_macro   0x00000f1f       0x43 ./Core/Src/fatfs_sd.o
 .debug_macro   0x00000f62       0x34 ./Core/Src/fatfs_sd.o
 .debug_macro   0x00000f96      0x190 ./Core/Src/fatfs_sd.o
 .debug_macro   0x00001126       0x57 ./Core/Src/fatfs_sd.o
 .debug_macro   0x0000117d      0x364 ./Core/Src/fatfs_sd.o
 .debug_macro   0x000014e1       0x16 ./Core/Src/fatfs_sd.o
 .debug_macro   0x000014f7       0x4a ./Core/Src/fatfs_sd.o
 .debug_macro   0x00001541       0x34 ./Core/Src/fatfs_sd.o
 .debug_macro   0x00001575       0x10 ./Core/Src/fatfs_sd.o
 .debug_macro   0x00001585       0x58 ./Core/Src/fatfs_sd.o
 .debug_macro   0x000015dd       0x8e ./Core/Src/fatfs_sd.o
 .debug_macro   0x0000166b       0x1c ./Core/Src/fatfs_sd.o
 .debug_macro   0x00001687      0x17e ./Core/Src/fatfs_sd.o
 .debug_macro   0x00001805       0x10 ./Core/Src/fatfs_sd.o
 .debug_macro   0x00001815       0x3c ./Core/Src/fatfs_sd.o
 .debug_macro   0x00001851       0x20 ./Core/Src/fatfs_sd.o
 .debug_macro   0x00001871       0x1c ./Core/Src/fatfs_sd.o
 .debug_macro   0x0000188d       0x10 ./Core/Src/fatfs_sd.o
 .debug_macro   0x0000189d       0x1c ./Core/Src/fatfs_sd.o
 .debug_macro   0x000018b9       0x16 ./Core/Src/fatfs_sd.o
 .debug_macro   0x000018cf      0x146 ./Core/Src/fatfs_sd.o
 .debug_macro   0x00001a15      0x2a1 ./Core/Src/fatfs_sd.o
 .debug_macro   0x00001cb6       0x2e ./Core/Src/fatfs_sd.o
 .debug_macro   0x00001ce4       0x28 ./Core/Src/fatfs_sd.o
 .debug_macro   0x00001d0c      0x103 ./Core/Src/fatfs_sd.o
 .debug_macro   0x00001e0f       0x6a ./Core/Src/fatfs_sd.o
 .debug_macro   0x00001e79      0x1df ./Core/Src/fatfs_sd.o
 .debug_macro   0x00002058       0x1c ./Core/Src/fatfs_sd.o
 .debug_macro   0x00002074       0x22 ./Core/Src/fatfs_sd.o
 .debug_macro   0x00002096       0xfb ./Core/Src/fatfs_sd.o
 .debug_macro   0x00002191     0x1011 ./Core/Src/fatfs_sd.o
 .debug_macro   0x000031a2      0x11f ./Core/Src/fatfs_sd.o
 .debug_macro   0x000032c1    0x1675e ./Core/Src/fatfs_sd.o
 .debug_macro   0x00019a1f       0x6d ./Core/Src/fatfs_sd.o
 .debug_macro   0x00019a8c     0x3693 ./Core/Src/fatfs_sd.o
 .debug_macro   0x0001d11f       0x56 ./Core/Src/fatfs_sd.o
 .debug_macro   0x0001d175      0xca5 ./Core/Src/fatfs_sd.o
 .debug_macro   0x0001de1a      0x9e9 ./Core/Src/fatfs_sd.o
 .debug_macro   0x0001e803      0x115 ./Core/Src/fatfs_sd.o
 .debug_macro   0x0001e918      0x1a0 ./Core/Src/fatfs_sd.o
 .debug_macro   0x0001eab8       0xa5 ./Core/Src/fatfs_sd.o
 .debug_macro   0x0001eb5d      0x16d ./Core/Src/fatfs_sd.o
 .debug_macro   0x0001ecca      0x287 ./Core/Src/fatfs_sd.o
 .debug_macro   0x0001ef51       0x5f ./Core/Src/fatfs_sd.o
 .debug_macro   0x0001efb0      0x236 ./Core/Src/fatfs_sd.o
 .debug_macro   0x0001f1e6      0x132 ./Core/Src/fatfs_sd.o
 .debug_macro   0x0001f318      0x29c ./Core/Src/fatfs_sd.o
 .debug_macro   0x0001f5b4       0x2e ./Core/Src/fatfs_sd.o
 .debug_macro   0x0001f5e2      0x1b5 ./Core/Src/fatfs_sd.o
 .debug_macro   0x0001f797       0x22 ./Core/Src/fatfs_sd.o
 .debug_macro   0x0001f7b9       0xd6 ./Core/Src/fatfs_sd.o
 .debug_macro   0x0001f88f      0x127 ./Core/Src/fatfs_sd.o
 .debug_macro   0x0001f9b6       0xe8 ./Core/Src/fatfs_sd.o
 .debug_macro   0x0001fa9e       0x89 ./Core/Src/fatfs_sd.o
 .debug_macro   0x0001fb27      0x225 ./Core/Src/fatfs_sd.o
 .debug_macro   0x0001fd4c      0x2aa ./Core/Src/fatfs_sd.o
 .debug_macro   0x0001fff6      0x126 ./Core/Src/fatfs_sd.o
 .debug_macro   0x0002011c       0x16 ./Core/Src/fatfs_sd.o
 .debug_macro   0x00020132       0x7c ./Core/Src/fatfs_sd.o
 .debug_macro   0x000201ae       0x9a ./Core/Src/fatfs_sd.o
 .debug_macro   0x00020248      0x331 ./Core/Src/fisicas.o
 .debug_macro   0x00020579       0x8e ./Core/Src/fisicas.o
 .debug_macro   0x00020607       0x51 ./Core/Src/fisicas.o
 .debug_macro   0x00020658       0x5c ./Core/Src/fisicas.o
 .debug_macro   0x000206b4       0xac ./Core/Src/fisicas.o
 .debug_macro   0x00020760      0x106 ./Core/Src/fisicas.o
 .debug_macro   0x00020866       0x61 ./Core/Src/fisicas.o
 .debug_macro   0x000208c7       0x16 ./Core/Src/fisicas.o
 .debug_macro   0x000208dd       0x16 ./Core/Src/fisicas.o
 .debug_macro   0x000208f3       0x29 ./Core/Src/fisicas.o
 .debug_macro   0x0002091c       0x72 ./Core/Src/font.o
 .debug_macro   0x0002098e       0x34 ./Core/Src/font.o
 .debug_macro   0x000209c2      0x386 ./Core/Src/ili9341.o
 .debug_macro   0x00020d48      0x11c ./Core/Src/ili9341.o
 .debug_macro   0x00020e64       0x9b ./Core/Src/ili9341.o
 .debug_macro   0x00020eff       0x16 ./Core/Src/ili9341.o
 .debug_macro   0x00020f15       0x22 ./Core/Src/ili9341.o
 .debug_macro   0x00020f37      0x118 ./Core/Src/ili9341.o
 .debug_macro   0x0002104f       0x3a ./Core/Src/ili9341.o
 .debug_macro   0x00021089      0x3e2 ./Core/Src/main.o
 .debug_macro   0x0002146b       0xeb ./Core/Src/main.o
 .debug_macro   0x00021556       0x12 ./Core/Src/main.o
 .debug_macro   0x00021568       0xe2 ./Core/Src/main.o
 .debug_macro   0x0002164a       0x8e ./Core/Src/main.o
 .debug_macro   0x000216d8       0x94 ./Core/Src/main.o
 .debug_macro   0x0002176c      0x10c ./Core/Src/main.o
 .debug_macro   0x00021878      0x1ec ./Core/Src/stm32f4xx_hal_msp.o
 .debug_macro   0x00021a64      0x1f6 ./Core/Src/stm32f4xx_it.o