../Core/Src/fatfs_sd.c:53:13:sd_debug	16	static
../Core/Src/fatfs_sd.c:61:13:SELECT	8	static
../Core/Src/fatfs_sd.c:67:13:DESELECT	8	static
../Core/Src/fatfs_sd.c:74:13:SPI_TxByte	16	static
../Core/Src/fatfs_sd.c:80:13:SPI_TxBuffer	16	static
../Core/Src/fatfs_sd.c:86:16:SPI_RxByte	24	static
../Core/Src/fatfs_sd.c:95:13:SPI_RxBytePtr	16	static
../Core/Src/fatfs_sd.c:104:16:SD_ReadyWait	16	static
../Core/Src/fatfs_sd.c:114:13:SD_PowerOn	24	static
../Core/Src/fatfs_sd.c:145:13:SD_PowerOff	4	static
../Core/Src/fatfs_sd.c:150:16:SD_CheckPower	4	static
../Core/Src/fatfs_sd.c:155:13:SD_RxDataBlock	24	static
../Core/Src/fatfs_sd.c:177:13:SD_TxDataBlock	24	static
../Core/Src/fatfs_sd.c:208:13:SD_SendCmd	24	static
../Core/Src/fatfs_sd.c:240:9:SD_disk_initialize	144	static
../Core/Src/fatfs_sd.c:420:9:SD_disk_status	16	static
../Core/Src/fatfs_sd.c:426:9:SD_disk_read	24	static
../Core/Src/fatfs_sd.c:457:9:SD_disk_write	24	static
../Core/Src/fatfs_sd.c:496:9:SD_disk_ioctl	56	static
