../Core/Src/fisicas.c:46:9:calcularOffsetInclinacion	16	static
../Core/Src/fisicas.c:55:9:obtenerSueloReal	32	static
../Core/Src/fisicas.c:70:9:esEscalera	32	static
../Core/Src/fisicas.c:86:9:obtenerBloque	24	static
../Core/Src/fisicas.c:95:6:Fisicas_Init	8	static
../Core/Src/fisicas.c:125:6:aplicarGravedad	16	static
../Core/Src/fisicas.c:131:6:colisionVertical	32	static
../Core/Src/fisicas.c:155:6:moverHorizontal	16	static
../Core/Src/fisicas.c:163:6:colisionHorizontal	24	static
../Core/Src/fisicas.c:169:6:procesarSalto	16	static
../Core/Src/fisicas.c:175:6:manejarEscalera	32	static
../Core/Src/fisicas.c:198:6:iniciarEnemigo	24	static
../Core/Src/fisicas.c:213:6:spawnBarril	32	static
../Core/Src/fisicas.c:232:6:actualizarEnemigos	40	static
../Core/Src/fisicas.c:282:9:colisionRadial	32	static
../Core/Src/fisicas.c:296:13:I2C_BusReset	16	static
../Core/Src/fisicas.c:304:6:leerControles2P	136	static
../Core/Src/fisicas.c:348:13:respawnJugador	24	static
../Core/Src/fisicas.c:359:6:Fisicas_Update	40	static
../Core/Src/fisicas.c:422:9:Jugador_PixelX	16	static
../Core/Src/fisicas.c:423:9:Jugador_PixelY	16	static
