../Core/Src/fisicas.c:43:9:calcularOffsetInclinacion	16	static
../Core/Src/fisicas.c:52:9:obtenerSueloReal	32	static
../Core/Src/fisicas.c:67:9:esEscalera	32	static
../Core/Src/fisicas.c:83:9:obtenerBloque	24	static
../Core/Src/fisicas.c:92:6:Fisicas_Init	8	static
../Core/Src/fisicas.c:122:6:aplicarGravedad	16	static
../Core/Src/fisicas.c:128:6:colisionVertical	32	static
../Core/Src/fisicas.c:152:6:moverHorizontal	16	static
../Core/Src/fisicas.c:160:6:colisionHorizontal	24	static
../Core/Src/fisicas.c:166:6:procesarSalto	16	static
../Core/Src/fisicas.c:172:6:manejarEscalera	32	static
../Core/Src/fisicas.c:195:6:iniciarEnemigo	24	static
../Core/Src/fisicas.c:210:6:spawnBarril	32	static
../Core/Src/fisicas.c:229:6:actualizarEnemigos	40	static
../Core/Src/fisicas.c:279:9:colisionRadial	32	static
../Core/Src/fisicas.c:293:13:I2C_BusReset	16	static
../Core/Src/fisicas.c:301:6:leerControles2P	136	static
../Core/Src/fisicas.c:345:13:respawnJugador	24	static
../Core/Src/fisicas.c:356:6:Fisicas_Update	40	static
../Core/Src/fisicas.c:419:9:Jugador_PixelX	16	static
../Core/Src/fisicas.c:420:9:Jugador_PixelY	16	static
