../Core/Src/fisicas.c:55:9:calc_slope	16	static
../Core/Src/fisicas.c:67:9:get_floor	32	static
../Core/Src/fisicas.c:84:9:hay_escalera	32	static
../Core/Src/fisicas.c:102:9:bloque_en	24	static
../Core/Src/fisicas.c:110:6:Fisicas_Init	16	static
../Core/Src/fisicas.c:137:13:do_gravity	16	static
../Core/Src/fisicas.c:143:13:do_floor_col	32	static
../Core/Src/fisicas.c:175:13:do_move_x	24	static
../Core/Src/fisicas.c:198:13:do_jump	16	static
../Core/Src/fisicas.c:205:13:do_ladder	24	static
../Core/Src/fisicas.c:245:13:spawn_barril	24	static
../Core/Src/fisicas.c:262:13:update_barriles	32	static
../Core/Src/fisicas.c:298:16:check_hit	32	static
../Core/Src/fisicas.c:312:13:leer_input	8	static
../Core/Src/fisicas.c:335:13:respawn	16	static
../Core/Src/fisicas.c:347:6:Fisicas_Update	32	static
../Core/Src/fisicas.c:434:9:Jugador_PixelX	16	static
../Core/Src/fisicas.c:435:9:Jugador_PixelY	16	static
