../Core/Src/fisicas.c:46:9:calcularOffsetInclinacion	16	static
../Core/Src/fisicas.c:55:9:obtenerSueloReal	32	static
../Core/Src/fisicas.c:70:9:esEscalera	32	static
../Core/Src/fisicas.c:86:9:obtenerBloque	24	static
../Core/Src/fisicas.c:95:6:Fisicas_Init	8	static
../Core/Src/fisicas.c:131:6:aplicarGravedad	16	static
../Core/Src/fisicas.c:137:6:colisionVertical	32	static
../Core/Src/fisicas.c:161:6:moverHorizontal	16	static
../Core/Src/fisicas.c:169:6:colisionHorizontal	24	static
../Core/Src/fisicas.c:175:6:procesarSalto	16	static
../Core/Src/fisicas.c:181:6:manejarEscalera	32	static
../Core/Src/fisicas.c:210:6:iniciarEnemigo	24	static
../Core/Src/fisicas.c:222:6:spawnBarril	32	static
../Core/Src/fisicas.c:237:6:actualizarEnemigos	40	static
../Core/Src/fisicas.c:281:9:colisionRadial	32	static
../Core/Src/fisicas.c:295:6:leerControles2P	8	static
../Core/Src/fisicas.c:320:13:respawnJugador	24	static
../Core/Src/fisicas.c:333:6:Fisicas_Update	32	static
../Core/Src/fisicas.c:428:9:Jugador_PixelX	16	static
../Core/Src/fisicas.c:429:9:Jugador_PixelY	16	static
