../Core/Src/main.c:120:6:transmit_uart	24	static
../Core/Src/main.c:125:6:mount_SD	72	static
../Core/Src/main.c:130:6:open_ReadFile	16	static
../Core/Src/main.c:131:6:close_File	16	static
../Core/Src/main.c:132:6:unmount_SD	8	static
../Core/Src/main.c:139:6:drawImageSD_Chunked	80	dynamic
../Core/Src/main.c:161:9:drawImageSD_Chunked_Skip	80	dynamic
../Core/Src/main.c:192:6:HAL_TIM_PeriodElapsedCallback	16	static
../Core/Src/main.c:199:6:makeScore	16	static
../Core/Src/main.c:204:6:dibujarHUD	32	static
../Core/Src/main.c:225:6:actualizarHUD	8	static
../Core/Src/main.c:232:6:dibujarMapa	32	static
../Core/Src/main.c:253:6:borrarSprite	40	static
../Core/Src/main.c:260:6:repararTiles	64	static
../Core/Src/main.c:284:16:spritesOverlap	16	static
../Core/Src/main.c:294:6:dibujarDK	40	static
../Core/Src/main.c:316:6:dibujarPeach	32	static
../Core/Src/main.c:323:13:dibujarJugador	72	static
../Core/Src/main.c:372:6:iniciarJuego	16	static
../Core/Src/main.c:388:6:gameLoop	72	static
../Core/Src/main.c:474:5:main	40	static
../Core/Src/main.c:665:6:SystemClock_Config	88	static
../Core/Src/main.c:694:13:MX_SPI1_Init	8	static
../Core/Src/main.c:711:13:MX_TIM6_Init	16	static
../Core/Src/main.c:725:13:MX_UART4_Init	8	static
../Core/Src/main.c:738:13:MX_USART2_UART_Init	8	static
../Core/Src/main.c:751:13:MX_GPIO_Init	48	static
../Core/Src/main.c:802:6:HAL_UART_ErrorCallback	16	static
../Core/Src/main.c:808:6:HAL_UART_RxCpltCallback	16	static
../Core/Src/main.c:826:16:revisar_boton_play	8	static
../Core/Src/main.c:836:6:Error_Handler	4	static,ignoring_inline_asm
